Archive member included to satisfy reference by file (symbol)

/home/lubuntu/Documents/libOpenCM3/libopencm3/lib/libopencm3_stm32l4.a(flash_common_all.o)
                              build/m1b.o (flash_prefetch_enable)
/home/lubuntu/Documents/libOpenCM3/libopencm3/lib/libopencm3_stm32l4.a(flash_common_idcache.o)
                              build/m1b.o (flash_dcache_enable)
/home/lubuntu/Documents/libOpenCM3/libopencm3/lib/libopencm3_stm32l4.a(gpio_common_all.o)
                              build/m1b.o (gpio_toggle)
/home/lubuntu/Documents/libOpenCM3/libopencm3/lib/libopencm3_stm32l4.a(gpio_common_f0234.o)
                              build/m1b.o (gpio_mode_setup)
/home/lubuntu/Documents/libOpenCM3/libopencm3/lib/libopencm3_stm32l4.a(rcc.o)
                              build/m1b.o (rcc_wait_for_sysclk_status)
/home/lubuntu/Documents/libOpenCM3/libopencm3/lib/libopencm3_stm32l4.a(rcc_common_all.o)
                              build/m1b.o (rcc_periph_clock_enable)
/home/lubuntu/Documents/libOpenCM3/libopencm3/lib/libopencm3_stm32l4.a(vector.o)
                              (reset_handler)
/home/lubuntu/Documents/libOpenCM3/libopencm3/lib/libopencm3_stm32l4.a(assert.o)
                              /home/lubuntu/Documents/libOpenCM3/libopencm3/lib/libopencm3_stm32l4.a(rcc.o) (cm3_assert_failed)

Discarded input sections

 .text          0x0000000000000000        0x0 build/m1b.o
 .data          0x0000000000000000        0x0 build/m1b.o
 .bss           0x0000000000000000        0x0 build/m1b.o
 .group         0x0000000000000000        0xc /home/lubuntu/Documents/libOpenCM3/libopencm3/lib/libopencm3_stm32l4.a(flash_common_all.o)
 .group         0x0000000000000000        0xc /home/lubuntu/Documents/libOpenCM3/libopencm3/lib/libopencm3_stm32l4.a(flash_common_all.o)
 .group         0x0000000000000000        0xc /home/lubuntu/Documents/libOpenCM3/libopencm3/lib/libopencm3_stm32l4.a(flash_common_all.o)
 .group         0x0000000000000000        0xc /home/lubuntu/Documents/libOpenCM3/libopencm3/lib/libopencm3_stm32l4.a(flash_common_all.o)
 .group         0x0000000000000000        0xc /home/lubuntu/Documents/libOpenCM3/libopencm3/lib/libopencm3_stm32l4.a(flash_common_all.o)
 .group         0x0000000000000000        0xc /home/lubuntu/Documents/libOpenCM3/libopencm3/lib/libopencm3_stm32l4.a(flash_common_all.o)
 .group         0x0000000000000000        0xc /home/lubuntu/Documents/libOpenCM3/libopencm3/lib/libopencm3_stm32l4.a(flash_common_all.o)
 .group         0x0000000000000000        0xc /home/lubuntu/Documents/libOpenCM3/libopencm3/lib/libopencm3_stm32l4.a(flash_common_all.o)
 .group         0x0000000000000000        0xc /home/lubuntu/Documents/libOpenCM3/libopencm3/lib/libopencm3_stm32l4.a(flash_common_all.o)
 .group         0x0000000000000000        0xc /home/lubuntu/Documents/libOpenCM3/libopencm3/lib/libopencm3_stm32l4.a(flash_common_all.o)
 .group         0x0000000000000000        0xc /home/lubuntu/Documents/libOpenCM3/libopencm3/lib/libopencm3_stm32l4.a(flash_common_all.o)
 .group         0x0000000000000000        0xc /home/lubuntu/Documents/libOpenCM3/libopencm3/lib/libopencm3_stm32l4.a(flash_common_all.o)
 .group         0x0000000000000000        0xc /home/lubuntu/Documents/libOpenCM3/libopencm3/lib/libopencm3_stm32l4.a(flash_common_all.o)
 .group         0x0000000000000000        0xc /home/lubuntu/Documents/libOpenCM3/libopencm3/lib/libopencm3_stm32l4.a(flash_common_all.o)
 .text          0x0000000000000000        0x0 /home/lubuntu/Documents/libOpenCM3/libopencm3/lib/libopencm3_stm32l4.a(flash_common_all.o)
 .data          0x0000000000000000        0x0 /home/lubuntu/Documents/libOpenCM3/libopencm3/lib/libopencm3_stm32l4.a(flash_common_all.o)
 .bss           0x0000000000000000        0x0 /home/lubuntu/Documents/libOpenCM3/libopencm3/lib/libopencm3_stm32l4.a(flash_common_all.o)
 .text.flash_prefetch_disable
                0x0000000000000000       0x10 /home/lubuntu/Documents/libOpenCM3/libopencm3/lib/libopencm3_stm32l4.a(flash_common_all.o)
 .text.flash_unlock_option_bytes
                0x0000000000000000       0x18 /home/lubuntu/Documents/libOpenCM3/libopencm3/lib/libopencm3_stm32l4.a(flash_common_all.o)
 .group         0x0000000000000000        0xc /home/lubuntu/Documents/libOpenCM3/libopencm3/lib/libopencm3_stm32l4.a(flash_common_idcache.o)
 .group         0x0000000000000000        0xc /home/lubuntu/Documents/libOpenCM3/libopencm3/lib/libopencm3_stm32l4.a(flash_common_idcache.o)
 .group         0x0000000000000000        0xc /home/lubuntu/Documents/libOpenCM3/libopencm3/lib/libopencm3_stm32l4.a(flash_common_idcache.o)
 .group         0x0000000000000000        0xc /home/lubuntu/Documents/libOpenCM3/libopencm3/lib/libopencm3_stm32l4.a(flash_common_idcache.o)
 .group         0x0000000000000000        0xc /home/lubuntu/Documents/libOpenCM3/libopencm3/lib/libopencm3_stm32l4.a(flash_common_idcache.o)
 .group         0x0000000000000000        0xc /home/lubuntu/Documents/libOpenCM3/libopencm3/lib/libopencm3_stm32l4.a(flash_common_idcache.o)
 .group         0x0000000000000000        0xc /home/lubuntu/Documents/libOpenCM3/libopencm3/lib/libopencm3_stm32l4.a(flash_common_idcache.o)
 .group         0x0000000000000000        0xc /home/lubuntu/Documents/libOpenCM3/libopencm3/lib/libopencm3_stm32l4.a(flash_common_idcache.o)
 .group         0x0000000000000000        0xc /home/lubuntu/Documents/libOpenCM3/libopencm3/lib/libopencm3_stm32l4.a(flash_common_idcache.o)
 .group         0x0000000000000000        0xc /home/lubuntu/Documents/libOpenCM3/libopencm3/lib/libopencm3_stm32l4.a(flash_common_idcache.o)
 .group         0x0000000000000000        0xc /home/lubuntu/Documents/libOpenCM3/libopencm3/lib/libopencm3_stm32l4.a(flash_common_idcache.o)
 .group         0x0000000000000000        0xc /home/lubuntu/Documents/libOpenCM3/libopencm3/lib/libopencm3_stm32l4.a(flash_common_idcache.o)
 .group         0x0000000000000000        0xc /home/lubuntu/Documents/libOpenCM3/libopencm3/lib/libopencm3_stm32l4.a(flash_common_idcache.o)
 .group         0x0000000000000000        0xc /home/lubuntu/Documents/libOpenCM3/libopencm3/lib/libopencm3_stm32l4.a(flash_common_idcache.o)
 .text          0x0000000000000000        0x0 /home/lubuntu/Documents/libOpenCM3/libopencm3/lib/libopencm3_stm32l4.a(flash_common_idcache.o)
 .data          0x0000000000000000        0x0 /home/lubuntu/Documents/libOpenCM3/libopencm3/lib/libopencm3_stm32l4.a(flash_common_idcache.o)
 .bss           0x0000000000000000        0x0 /home/lubuntu/Documents/libOpenCM3/libopencm3/lib/libopencm3_stm32l4.a(flash_common_idcache.o)
 .text.flash_dcache_disable
                0x0000000000000000       0x10 /home/lubuntu/Documents/libOpenCM3/libopencm3/lib/libopencm3_stm32l4.a(flash_common_idcache.o)
 .text.flash_icache_disable
                0x0000000000000000       0x10 /home/lubuntu/Documents/libOpenCM3/libopencm3/lib/libopencm3_stm32l4.a(flash_common_idcache.o)
 .text.flash_dcache_reset
                0x0000000000000000       0x10 /home/lubuntu/Documents/libOpenCM3/libopencm3/lib/libopencm3_stm32l4.a(flash_common_idcache.o)
 .text.flash_icache_reset
                0x0000000000000000       0x10 /home/lubuntu/Documents/libOpenCM3/libopencm3/lib/libopencm3_stm32l4.a(flash_common_idcache.o)
 .debug_macro   0x0000000000000000      0xa6c /home/lubuntu/Documents/libOpenCM3/libopencm3/lib/libopencm3_stm32l4.a(flash_common_idcache.o)
 .debug_macro   0x0000000000000000       0x1c /home/lubuntu/Documents/libOpenCM3/libopencm3/lib/libopencm3_stm32l4.a(flash_common_idcache.o)
 .debug_macro   0x0000000000000000       0x22 /home/lubuntu/Documents/libOpenCM3/libopencm3/lib/libopencm3_stm32l4.a(flash_common_idcache.o)
 .debug_macro   0x0000000000000000       0x56 /home/lubuntu/Documents/libOpenCM3/libopencm3/lib/libopencm3_stm32l4.a(flash_common_idcache.o)
 .debug_macro   0x0000000000000000       0x51 /home/lubuntu/Documents/libOpenCM3/libopencm3/lib/libopencm3_stm32l4.a(flash_common_idcache.o)
 .debug_macro   0x0000000000000000      0x103 /home/lubuntu/Documents/libOpenCM3/libopencm3/lib/libopencm3_stm32l4.a(flash_common_idcache.o)
 .debug_macro   0x0000000000000000       0x6a /home/lubuntu/Documents/libOpenCM3/libopencm3/lib/libopencm3_stm32l4.a(flash_common_idcache.o)
 .debug_macro   0x0000000000000000      0x1df /home/lubuntu/Documents/libOpenCM3/libopencm3/lib/libopencm3_stm32l4.a(flash_common_idcache.o)
 .debug_macro   0x0000000000000000       0x22 /home/lubuntu/Documents/libOpenCM3/libopencm3/lib/libopencm3_stm32l4.a(flash_common_idcache.o)
 .debug_macro   0x0000000000000000       0xe8 /home/lubuntu/Documents/libOpenCM3/libopencm3/lib/libopencm3_stm32l4.a(flash_common_idcache.o)
 .debug_macro   0x0000000000000000       0x76 /home/lubuntu/Documents/libOpenCM3/libopencm3/lib/libopencm3_stm32l4.a(flash_common_idcache.o)
 .debug_macro   0x0000000000000000      0x217 /home/lubuntu/Documents/libOpenCM3/libopencm3/lib/libopencm3_stm32l4.a(flash_common_idcache.o)
 .debug_macro   0x0000000000000000       0x1c /home/lubuntu/Documents/libOpenCM3/libopencm3/lib/libopencm3_stm32l4.a(flash_common_idcache.o)
 .debug_macro   0x0000000000000000      0x2f3 /home/lubuntu/Documents/libOpenCM3/libopencm3/lib/libopencm3_stm32l4.a(flash_common_idcache.o)
 .group         0x0000000000000000        0xc /home/lubuntu/Documents/libOpenCM3/libopencm3/lib/libopencm3_stm32l4.a(gpio_common_all.o)
 .group         0x0000000000000000        0xc /home/lubuntu/Documents/libOpenCM3/libopencm3/lib/libopencm3_stm32l4.a(gpio_common_all.o)
 .group         0x0000000000000000        0xc /home/lubuntu/Documents/libOpenCM3/libopencm3/lib/libopencm3_stm32l4.a(gpio_common_all.o)
 .group         0x0000000000000000        0xc /home/lubuntu/Documents/libOpenCM3/libopencm3/lib/libopencm3_stm32l4.a(gpio_common_all.o)
 .group         0x0000000000000000        0xc /home/lubuntu/Documents/libOpenCM3/libopencm3/lib/libopencm3_stm32l4.a(gpio_common_all.o)
 .group         0x0000000000000000        0xc /home/lubuntu/Documents/libOpenCM3/libopencm3/lib/libopencm3_stm32l4.a(gpio_common_all.o)
 .group         0x0000000000000000        0xc /home/lubuntu/Documents/libOpenCM3/libopencm3/lib/libopencm3_stm32l4.a(gpio_common_all.o)
 .group         0x0000000000000000        0xc /home/lubuntu/Documents/libOpenCM3/libopencm3/lib/libopencm3_stm32l4.a(gpio_common_all.o)
 .group         0x0000000000000000        0xc /home/lubuntu/Documents/libOpenCM3/libopencm3/lib/libopencm3_stm32l4.a(gpio_common_all.o)
 .group         0x0000000000000000        0xc /home/lubuntu/Documents/libOpenCM3/libopencm3/lib/libopencm3_stm32l4.a(gpio_common_all.o)
 .group         0x0000000000000000        0xc /home/lubuntu/Documents/libOpenCM3/libopencm3/lib/libopencm3_stm32l4.a(gpio_common_all.o)
 .group         0x0000000000000000        0xc /home/lubuntu/Documents/libOpenCM3/libopencm3/lib/libopencm3_stm32l4.a(gpio_common_all.o)
 .group         0x0000000000000000        0xc /home/lubuntu/Documents/libOpenCM3/libopencm3/lib/libopencm3_stm32l4.a(gpio_common_all.o)
 .group         0x0000000000000000        0xc /home/lubuntu/Documents/libOpenCM3/libopencm3/lib/libopencm3_stm32l4.a(gpio_common_all.o)
 .group         0x0000000000000000        0xc /home/lubuntu/Documents/libOpenCM3/libopencm3/lib/libopencm3_stm32l4.a(gpio_common_all.o)
 .group         0x0000000000000000        0xc /home/lubuntu/Documents/libOpenCM3/libopencm3/lib/libopencm3_stm32l4.a(gpio_common_all.o)
 .text          0x0000000000000000        0x0 /home/lubuntu/Documents/libOpenCM3/libopencm3/lib/libopencm3_stm32l4.a(gpio_common_all.o)
 .data          0x0000000000000000        0x0 /home/lubuntu/Documents/libOpenCM3/libopencm3/lib/libopencm3_stm32l4.a(gpio_common_all.o)
 .bss           0x0000000000000000        0x0 /home/lubuntu/Documents/libOpenCM3/libopencm3/lib/libopencm3_stm32l4.a(gpio_common_all.o)
 .text.gpio_set
                0x0000000000000000        0x4 /home/lubuntu/Documents/libOpenCM3/libopencm3/lib/libopencm3_stm32l4.a(gpio_common_all.o)
 .text.gpio_clear
                0x0000000000000000        0x6 /home/lubuntu/Documents/libOpenCM3/libopencm3/lib/libopencm3_stm32l4.a(gpio_common_all.o)
 .text.gpio_get
                0x0000000000000000        0x6 /home/lubuntu/Documents/libOpenCM3/libopencm3/lib/libopencm3_stm32l4.a(gpio_common_all.o)
 .text.gpio_port_read
                0x0000000000000000        0x6 /home/lubuntu/Documents/libOpenCM3/libopencm3/lib/libopencm3_stm32l4.a(gpio_common_all.o)
 .text.gpio_port_write
                0x0000000000000000        0x4 /home/lubuntu/Documents/libOpenCM3/libopencm3/lib/libopencm3_stm32l4.a(gpio_common_all.o)
 .text.gpio_port_config_lock
                0x0000000000000000       0x10 /home/lubuntu/Documents/libOpenCM3/libopencm3/lib/libopencm3_stm32l4.a(gpio_common_all.o)
 .debug_macro   0x0000000000000000      0xa6c /home/lubuntu/Documents/libOpenCM3/libopencm3/lib/libopencm3_stm32l4.a(gpio_common_all.o)
 .debug_macro   0x0000000000000000       0x1c /home/lubuntu/Documents/libOpenCM3/libopencm3/lib/libopencm3_stm32l4.a(gpio_common_all.o)
 .debug_macro   0x0000000000000000       0x22 /home/lubuntu/Documents/libOpenCM3/libopencm3/lib/libopencm3_stm32l4.a(gpio_common_all.o)
 .debug_macro   0x0000000000000000       0x56 /home/lubuntu/Documents/libOpenCM3/libopencm3/lib/libopencm3_stm32l4.a(gpio_common_all.o)
 .debug_macro   0x0000000000000000       0x51 /home/lubuntu/Documents/libOpenCM3/libopencm3/lib/libopencm3_stm32l4.a(gpio_common_all.o)
 .debug_macro   0x0000000000000000      0x103 /home/lubuntu/Documents/libOpenCM3/libopencm3/lib/libopencm3_stm32l4.a(gpio_common_all.o)
 .debug_macro   0x0000000000000000       0x6a /home/lubuntu/Documents/libOpenCM3/libopencm3/lib/libopencm3_stm32l4.a(gpio_common_all.o)
 .debug_macro   0x0000000000000000      0x1df /home/lubuntu/Documents/libOpenCM3/libopencm3/lib/libopencm3_stm32l4.a(gpio_common_all.o)
 .debug_macro   0x0000000000000000       0x22 /home/lubuntu/Documents/libOpenCM3/libopencm3/lib/libopencm3_stm32l4.a(gpio_common_all.o)
 .debug_macro   0x0000000000000000       0xe8 /home/lubuntu/Documents/libOpenCM3/libopencm3/lib/libopencm3_stm32l4.a(gpio_common_all.o)
 .debug_macro   0x0000000000000000       0x76 /home/lubuntu/Documents/libOpenCM3/libopencm3/lib/libopencm3_stm32l4.a(gpio_common_all.o)
 .debug_macro   0x0000000000000000      0x217 /home/lubuntu/Documents/libOpenCM3/libopencm3/lib/libopencm3_stm32l4.a(gpio_common_all.o)
 .group         0x0000000000000000        0xc /home/lubuntu/Documents/libOpenCM3/libopencm3/lib/libopencm3_stm32l4.a(gpio_common_f0234.o)
 .group         0x0000000000000000        0xc /home/lubuntu/Documents/libOpenCM3/libopencm3/lib/libopencm3_stm32l4.a(gpio_common_f0234.o)
 .group         0x0000000000000000        0xc /home/lubuntu/Documents/libOpenCM3/libopencm3/lib/libopencm3_stm32l4.a(gpio_common_f0234.o)
 .group         0x0000000000000000        0xc /home/lubuntu/Documents/libOpenCM3/libopencm3/lib/libopencm3_stm32l4.a(gpio_common_f0234.o)
 .group         0x0000000000000000        0xc /home/lubuntu/Documents/libOpenCM3/libopencm3/lib/libopencm3_stm32l4.a(gpio_common_f0234.o)
 .group         0x0000000000000000        0xc /home/lubuntu/Documents/libOpenCM3/libopencm3/lib/libopencm3_stm32l4.a(gpio_common_f0234.o)
 .group         0x0000000000000000        0xc /home/lubuntu/Documents/libOpenCM3/libopencm3/lib/libopencm3_stm32l4.a(gpio_common_f0234.o)
 .group         0x0000000000000000        0xc /home/lubuntu/Documents/libOpenCM3/libopencm3/lib/libopencm3_stm32l4.a(gpio_common_f0234.o)
 .group         0x0000000000000000        0xc /home/lubuntu/Documents/libOpenCM3/libopencm3/lib/libopencm3_stm32l4.a(gpio_common_f0234.o)
 .group         0x0000000000000000        0xc /home/lubuntu/Documents/libOpenCM3/libopencm3/lib/libopencm3_stm32l4.a(gpio_common_f0234.o)
 .group         0x0000000000000000        0xc /home/lubuntu/Documents/libOpenCM3/libopencm3/lib/libopencm3_stm32l4.a(gpio_common_f0234.o)
 .group         0x0000000000000000        0xc /home/lubuntu/Documents/libOpenCM3/libopencm3/lib/libopencm3_stm32l4.a(gpio_common_f0234.o)
 .group         0x0000000000000000        0xc /home/lubuntu/Documents/libOpenCM3/libopencm3/lib/libopencm3_stm32l4.a(gpio_common_f0234.o)
 .group         0x0000000000000000        0xc /home/lubuntu/Documents/libOpenCM3/libopencm3/lib/libopencm3_stm32l4.a(gpio_common_f0234.o)
 .group         0x0000000000000000        0xc /home/lubuntu/Documents/libOpenCM3/libopencm3/lib/libopencm3_stm32l4.a(gpio_common_f0234.o)
 .group         0x0000000000000000        0xc /home/lubuntu/Documents/libOpenCM3/libopencm3/lib/libopencm3_stm32l4.a(gpio_common_f0234.o)
 .text          0x0000000000000000        0x0 /home/lubuntu/Documents/libOpenCM3/libopencm3/lib/libopencm3_stm32l4.a(gpio_common_f0234.o)
 .data          0x0000000000000000        0x0 /home/lubuntu/Documents/libOpenCM3/libopencm3/lib/libopencm3_stm32l4.a(gpio_common_f0234.o)
 .bss           0x0000000000000000        0x0 /home/lubuntu/Documents/libOpenCM3/libopencm3/lib/libopencm3_stm32l4.a(gpio_common_f0234.o)
 .text.gpio_set_output_options
                0x0000000000000000       0x36 /home/lubuntu/Documents/libOpenCM3/libopencm3/lib/libopencm3_stm32l4.a(gpio_common_f0234.o)
 .text.gpio_set_af
                0x0000000000000000       0x58 /home/lubuntu/Documents/libOpenCM3/libopencm3/lib/libopencm3_stm32l4.a(gpio_common_f0234.o)
 .debug_macro   0x0000000000000000      0xa6c /home/lubuntu/Documents/libOpenCM3/libopencm3/lib/libopencm3_stm32l4.a(gpio_common_f0234.o)
 .debug_macro   0x0000000000000000       0x1c /home/lubuntu/Documents/libOpenCM3/libopencm3/lib/libopencm3_stm32l4.a(gpio_common_f0234.o)
 .debug_macro   0x0000000000000000       0x22 /home/lubuntu/Documents/libOpenCM3/libopencm3/lib/libopencm3_stm32l4.a(gpio_common_f0234.o)
 .debug_macro   0x0000000000000000       0x56 /home/lubuntu/Documents/libOpenCM3/libopencm3/lib/libopencm3_stm32l4.a(gpio_common_f0234.o)
 .debug_macro   0x0000000000000000       0x51 /home/lubuntu/Documents/libOpenCM3/libopencm3/lib/libopencm3_stm32l4.a(gpio_common_f0234.o)
 .debug_macro   0x0000000000000000      0x103 /home/lubuntu/Documents/libOpenCM3/libopencm3/lib/libopencm3_stm32l4.a(gpio_common_f0234.o)
 .debug_macro   0x0000000000000000       0x6a /home/lubuntu/Documents/libOpenCM3/libopencm3/lib/libopencm3_stm32l4.a(gpio_common_f0234.o)
 .debug_macro   0x0000000000000000      0x1df /home/lubuntu/Documents/libOpenCM3/libopencm3/lib/libopencm3_stm32l4.a(gpio_common_f0234.o)
 .debug_macro   0x0000000000000000       0x22 /home/lubuntu/Documents/libOpenCM3/libopencm3/lib/libopencm3_stm32l4.a(gpio_common_f0234.o)
 .debug_macro   0x0000000000000000       0xe8 /home/lubuntu/Documents/libOpenCM3/libopencm3/lib/libopencm3_stm32l4.a(gpio_common_f0234.o)
 .debug_macro   0x0000000000000000       0x76 /home/lubuntu/Documents/libOpenCM3/libopencm3/lib/libopencm3_stm32l4.a(gpio_common_f0234.o)
 .debug_macro   0x0000000000000000      0x217 /home/lubuntu/Documents/libOpenCM3/libopencm3/lib/libopencm3_stm32l4.a(gpio_common_f0234.o)
 .debug_macro   0x0000000000000000       0x76 /home/lubuntu/Documents/libOpenCM3/libopencm3/lib/libopencm3_stm32l4.a(gpio_common_f0234.o)
 .debug_macro   0x0000000000000000      0x37e /home/lubuntu/Documents/libOpenCM3/libopencm3/lib/libopencm3_stm32l4.a(gpio_common_f0234.o)
 .debug_macro   0x0000000000000000       0xca /home/lubuntu/Documents/libOpenCM3/libopencm3/lib/libopencm3_stm32l4.a(gpio_common_f0234.o)
 .debug_macro   0x0000000000000000       0x88 /home/lubuntu/Documents/libOpenCM3/libopencm3/lib/libopencm3_stm32l4.a(gpio_common_f0234.o)
 .group         0x0000000000000000        0xc /home/lubuntu/Documents/libOpenCM3/libopencm3/lib/libopencm3_stm32l4.a(rcc.o)
 .group         0x0000000000000000        0xc /home/lubuntu/Documents/libOpenCM3/libopencm3/lib/libopencm3_stm32l4.a(rcc.o)
 .group         0x0000000000000000        0xc /home/lubuntu/Documents/libOpenCM3/libopencm3/lib/libopencm3_stm32l4.a(rcc.o)
 .group         0x0000000000000000        0xc /home/lubuntu/Documents/libOpenCM3/libopencm3/lib/libopencm3_stm32l4.a(rcc.o)
 .group         0x0000000000000000        0xc /home/lubuntu/Documents/libOpenCM3/libopencm3/lib/libopencm3_stm32l4.a(rcc.o)
 .group         0x0000000000000000        0xc /home/lubuntu/Documents/libOpenCM3/libopencm3/lib/libopencm3_stm32l4.a(rcc.o)
 .group         0x0000000000000000        0xc /home/lubuntu/Documents/libOpenCM3/libopencm3/lib/libopencm3_stm32l4.a(rcc.o)
 .group         0x0000000000000000        0xc /home/lubuntu/Documents/libOpenCM3/libopencm3/lib/libopencm3_stm32l4.a(rcc.o)
 .group         0x0000000000000000        0xc /home/lubuntu/Documents/libOpenCM3/libopencm3/lib/libopencm3_stm32l4.a(rcc.o)
 .group         0x0000000000000000        0xc /home/lubuntu/Documents/libOpenCM3/libopencm3/lib/libopencm3_stm32l4.a(rcc.o)
 .group         0x0000000000000000        0xc /home/lubuntu/Documents/libOpenCM3/libopencm3/lib/libopencm3_stm32l4.a(rcc.o)
 .group         0x0000000000000000        0xc /home/lubuntu/Documents/libOpenCM3/libopencm3/lib/libopencm3_stm32l4.a(rcc.o)
 .group         0x0000000000000000        0xc /home/lubuntu/Documents/libOpenCM3/libopencm3/lib/libopencm3_stm32l4.a(rcc.o)
 .group         0x0000000000000000        0xc /home/lubuntu/Documents/libOpenCM3/libopencm3/lib/libopencm3_stm32l4.a(rcc.o)
 .text          0x0000000000000000        0x0 /home/lubuntu/Documents/libOpenCM3/libopencm3/lib/libopencm3_stm32l4.a(rcc.o)
 .data          0x0000000000000000        0x0 /home/lubuntu/Documents/libOpenCM3/libopencm3/lib/libopencm3_stm32l4.a(rcc.o)
 .bss           0x0000000000000000        0x0 /home/lubuntu/Documents/libOpenCM3/libopencm3/lib/libopencm3_stm32l4.a(rcc.o)
 .text.rcc_uart_i2c_clksel_freq_hz
                0x0000000000000000       0x44 /home/lubuntu/Documents/libOpenCM3/libopencm3/lib/libopencm3_stm32l4.a(rcc.o)
 .text.rcc_osc_ready_int_clear
                0x0000000000000000       0x5c /home/lubuntu/Documents/libOpenCM3/libopencm3/lib/libopencm3_stm32l4.a(rcc.o)
 .text.rcc_osc_ready_int_enable
                0x0000000000000000       0x5c /home/lubuntu/Documents/libOpenCM3/libopencm3/lib/libopencm3_stm32l4.a(rcc.o)
 .text.rcc_osc_ready_int_disable
                0x0000000000000000       0x5c /home/lubuntu/Documents/libOpenCM3/libopencm3/lib/libopencm3_stm32l4.a(rcc.o)
 .text.rcc_osc_ready_int_flag
                0x0000000000000000       0x60 /home/lubuntu/Documents/libOpenCM3/libopencm3/lib/libopencm3_stm32l4.a(rcc.o)
 .text.rcc_css_int_clear
                0x0000000000000000       0x10 /home/lubuntu/Documents/libOpenCM3/libopencm3/lib/libopencm3_stm32l4.a(rcc.o)
 .text.rcc_css_int_flag
                0x0000000000000000       0x10 /home/lubuntu/Documents/libOpenCM3/libopencm3/lib/libopencm3_stm32l4.a(rcc.o)
 .text.rcc_is_osc_ready
                0x0000000000000000       0x58 /home/lubuntu/Documents/libOpenCM3/libopencm3/lib/libopencm3_stm32l4.a(rcc.o)
 .text.rcc_wait_for_osc_ready
                0x0000000000000000       0x10 /home/lubuntu/Documents/libOpenCM3/libopencm3/lib/libopencm3_stm32l4.a(rcc.o)
 .text.rcc_osc_off
                0x0000000000000000       0x70 /home/lubuntu/Documents/libOpenCM3/libopencm3/lib/libopencm3_stm32l4.a(rcc.o)
 .text.rcc_css_enable
                0x0000000000000000       0x10 /home/lubuntu/Documents/libOpenCM3/libopencm3/lib/libopencm3_stm32l4.a(rcc.o)
 .text.rcc_css_disable
                0x0000000000000000       0x10 /home/lubuntu/Documents/libOpenCM3/libopencm3/lib/libopencm3_stm32l4.a(rcc.o)
 .text.rcc_set_pll_source
                0x0000000000000000       0x14 /home/lubuntu/Documents/libOpenCM3/libopencm3/lib/libopencm3_stm32l4.a(rcc.o)
 .text.rcc_set_ppre2
                0x0000000000000000       0x14 /home/lubuntu/Documents/libOpenCM3/libopencm3/lib/libopencm3_stm32l4.a(rcc.o)
 .text.rcc_set_ppre1
                0x0000000000000000       0x14 /home/lubuntu/Documents/libOpenCM3/libopencm3/lib/libopencm3_stm32l4.a(rcc.o)
 .text.rcc_set_hpre
                0x0000000000000000       0x14 /home/lubuntu/Documents/libOpenCM3/libopencm3/lib/libopencm3_stm32l4.a(rcc.o)
 .text.rcc_system_clock_source
                0x0000000000000000       0x10 /home/lubuntu/Documents/libOpenCM3/libopencm3/lib/libopencm3_stm32l4.a(rcc.o)
 .text.rcc_set_msi_range
                0x0000000000000000       0x18 /home/lubuntu/Documents/libOpenCM3/libopencm3/lib/libopencm3_stm32l4.a(rcc.o)
 .text.rcc_set_msi_range_standby
                0x0000000000000000       0x18 /home/lubuntu/Documents/libOpenCM3/libopencm3/lib/libopencm3_stm32l4.a(rcc.o)
 .text.rcc_pll_output_enable
                0x0000000000000000       0x10 /home/lubuntu/Documents/libOpenCM3/libopencm3/lib/libopencm3_stm32l4.a(rcc.o)
 .text.rcc_set_clock48_source
                0x0000000000000000       0x20 /home/lubuntu/Documents/libOpenCM3/libopencm3/lib/libopencm3_stm32l4.a(rcc.o)
 .text.rcc_enable_rtc_clock
                0x0000000000000000       0x14 /home/lubuntu/Documents/libOpenCM3/libopencm3/lib/libopencm3_stm32l4.a(rcc.o)
 .text.rcc_disable_rtc_clock
                0x0000000000000000       0x14 /home/lubuntu/Documents/libOpenCM3/libopencm3/lib/libopencm3_stm32l4.a(rcc.o)
 .text.rcc_set_rtc_clock_source
                0x0000000000000000       0x40 /home/lubuntu/Documents/libOpenCM3/libopencm3/lib/libopencm3_stm32l4.a(rcc.o)
 .text.rcc_get_usart_clk_freq
                0x0000000000000000       0x5c /home/lubuntu/Documents/libOpenCM3/libopencm3/lib/libopencm3_stm32l4.a(rcc.o)
 .text.rcc_get_timer_clk_freq
                0x0000000000000000       0x34 /home/lubuntu/Documents/libOpenCM3/libopencm3/lib/libopencm3_stm32l4.a(rcc.o)
 .text.rcc_get_i2c_clk_freq
                0x0000000000000000       0x2c /home/lubuntu/Documents/libOpenCM3/libopencm3/lib/libopencm3_stm32l4.a(rcc.o)
 .text.rcc_get_spi_clk_freq
                0x0000000000000000       0x1c /home/lubuntu/Documents/libOpenCM3/libopencm3/lib/libopencm3_stm32l4.a(rcc.o)
 .debug_macro   0x0000000000000000      0xa6c /home/lubuntu/Documents/libOpenCM3/libopencm3/lib/libopencm3_stm32l4.a(rcc.o)
 .debug_macro   0x0000000000000000       0x1c /home/lubuntu/Documents/libOpenCM3/libopencm3/lib/libopencm3_stm32l4.a(rcc.o)
 .debug_macro   0x0000000000000000       0x22 /home/lubuntu/Documents/libOpenCM3/libopencm3/lib/libopencm3_stm32l4.a(rcc.o)
 .debug_macro   0x0000000000000000       0x56 /home/lubuntu/Documents/libOpenCM3/libopencm3/lib/libopencm3_stm32l4.a(rcc.o)
 .debug_macro   0x0000000000000000       0x51 /home/lubuntu/Documents/libOpenCM3/libopencm3/lib/libopencm3_stm32l4.a(rcc.o)
 .debug_macro   0x0000000000000000      0x103 /home/lubuntu/Documents/libOpenCM3/libopencm3/lib/libopencm3_stm32l4.a(rcc.o)
 .debug_macro   0x0000000000000000       0x6a /home/lubuntu/Documents/libOpenCM3/libopencm3/lib/libopencm3_stm32l4.a(rcc.o)
 .debug_macro   0x0000000000000000      0x1df /home/lubuntu/Documents/libOpenCM3/libopencm3/lib/libopencm3_stm32l4.a(rcc.o)
 .debug_macro   0x0000000000000000       0x22 /home/lubuntu/Documents/libOpenCM3/libopencm3/lib/libopencm3_stm32l4.a(rcc.o)
 .debug_macro   0x0000000000000000       0xe8 /home/lubuntu/Documents/libOpenCM3/libopencm3/lib/libopencm3_stm32l4.a(rcc.o)
 .debug_macro   0x0000000000000000       0x76 /home/lubuntu/Documents/libOpenCM3/libopencm3/lib/libopencm3_stm32l4.a(rcc.o)
 .debug_macro   0x0000000000000000      0x217 /home/lubuntu/Documents/libOpenCM3/libopencm3/lib/libopencm3_stm32l4.a(rcc.o)
 .group         0x0000000000000000        0xc /home/lubuntu/Documents/libOpenCM3/libopencm3/lib/libopencm3_stm32l4.a(rcc_common_all.o)
 .group         0x0000000000000000        0xc /home/lubuntu/Documents/libOpenCM3/libopencm3/lib/libopencm3_stm32l4.a(rcc_common_all.o)
 .group         0x0000000000000000        0xc /home/lubuntu/Documents/libOpenCM3/libopencm3/lib/libopencm3_stm32l4.a(rcc_common_all.o)
 .group         0x0000000000000000        0xc /home/lubuntu/Documents/libOpenCM3/libopencm3/lib/libopencm3_stm32l4.a(rcc_common_all.o)
 .group         0x0000000000000000        0xc /home/lubuntu/Documents/libOpenCM3/libopencm3/lib/libopencm3_stm32l4.a(rcc_common_all.o)
 .group         0x0000000000000000        0xc /home/lubuntu/Documents/libOpenCM3/libopencm3/lib/libopencm3_stm32l4.a(rcc_common_all.o)
 .group         0x0000000000000000        0xc /home/lubuntu/Documents/libOpenCM3/libopencm3/lib/libopencm3_stm32l4.a(rcc_common_all.o)
 .group         0x0000000000000000        0xc /home/lubuntu/Documents/libOpenCM3/libopencm3/lib/libopencm3_stm32l4.a(rcc_common_all.o)
 .group         0x0000000000000000        0xc /home/lubuntu/Documents/libOpenCM3/libopencm3/lib/libopencm3_stm32l4.a(rcc_common_all.o)
 .group         0x0000000000000000        0xc /home/lubuntu/Documents/libOpenCM3/libopencm3/lib/libopencm3_stm32l4.a(rcc_common_all.o)
 .group         0x0000000000000000        0xc /home/lubuntu/Documents/libOpenCM3/libopencm3/lib/libopencm3_stm32l4.a(rcc_common_all.o)
 .group         0x0000000000000000        0xc /home/lubuntu/Documents/libOpenCM3/libopencm3/lib/libopencm3_stm32l4.a(rcc_common_all.o)
 .group         0x0000000000000000        0xc /home/lubuntu/Documents/libOpenCM3/libopencm3/lib/libopencm3_stm32l4.a(rcc_common_all.o)
 .text          0x0000000000000000        0x0 /home/lubuntu/Documents/libOpenCM3/libopencm3/lib/libopencm3_stm32l4.a(rcc_common_all.o)
 .data          0x0000000000000000        0x0 /home/lubuntu/Documents/libOpenCM3/libopencm3/lib/libopencm3_stm32l4.a(rcc_common_all.o)
 .bss           0x0000000000000000        0x0 /home/lubuntu/Documents/libOpenCM3/libopencm3/lib/libopencm3_stm32l4.a(rcc_common_all.o)
 .text.rcc_peripheral_enable_clock
                0x0000000000000000        0x8 /home/lubuntu/Documents/libOpenCM3/libopencm3/lib/libopencm3_stm32l4.a(rcc_common_all.o)
 .text.rcc_peripheral_disable_clock
                0x0000000000000000        0xa /home/lubuntu/Documents/libOpenCM3/libopencm3/lib/libopencm3_stm32l4.a(rcc_common_all.o)
 .text.rcc_peripheral_reset
                0x0000000000000000        0x8 /home/lubuntu/Documents/libOpenCM3/libopencm3/lib/libopencm3_stm32l4.a(rcc_common_all.o)
 .text.rcc_peripheral_clear_reset
                0x0000000000000000        0xa /home/lubuntu/Documents/libOpenCM3/libopencm3/lib/libopencm3_stm32l4.a(rcc_common_all.o)
 .text.rcc_periph_clock_disable
                0x0000000000000000       0x1e /home/lubuntu/Documents/libOpenCM3/libopencm3/lib/libopencm3_stm32l4.a(rcc_common_all.o)
 .text.rcc_periph_reset_pulse
                0x0000000000000000       0x24 /home/lubuntu/Documents/libOpenCM3/libopencm3/lib/libopencm3_stm32l4.a(rcc_common_all.o)
 .text.rcc_periph_reset_hold
                0x0000000000000000        0x4 /home/lubuntu/Documents/libOpenCM3/libopencm3/lib/libopencm3_stm32l4.a(rcc_common_all.o)
 .text.rcc_periph_reset_release
                0x0000000000000000        0x4 /home/lubuntu/Documents/libOpenCM3/libopencm3/lib/libopencm3_stm32l4.a(rcc_common_all.o)
 .text.rcc_set_mco
                0x0000000000000000       0x14 /home/lubuntu/Documents/libOpenCM3/libopencm3/lib/libopencm3_stm32l4.a(rcc_common_all.o)
 .text.rcc_osc_bypass_enable
                0x0000000000000000       0x2c /home/lubuntu/Documents/libOpenCM3/libopencm3/lib/libopencm3_stm32l4.a(rcc_common_all.o)
 .text.rcc_osc_bypass_disable
                0x0000000000000000       0x2c /home/lubuntu/Documents/libOpenCM3/libopencm3/lib/libopencm3_stm32l4.a(rcc_common_all.o)
 .text.rcc_get_div_from_hpre
                0x0000000000000000       0x1c /home/lubuntu/Documents/libOpenCM3/libopencm3/lib/libopencm3_stm32l4.a(rcc_common_all.o)
 .debug_macro   0x0000000000000000      0xa6c /home/lubuntu/Documents/libOpenCM3/libopencm3/lib/libopencm3_stm32l4.a(rcc_common_all.o)
 .debug_macro   0x0000000000000000       0x1c /home/lubuntu/Documents/libOpenCM3/libopencm3/lib/libopencm3_stm32l4.a(rcc_common_all.o)
 .debug_macro   0x0000000000000000       0x22 /home/lubuntu/Documents/libOpenCM3/libopencm3/lib/libopencm3_stm32l4.a(rcc_common_all.o)
 .debug_macro   0x0000000000000000       0x56 /home/lubuntu/Documents/libOpenCM3/libopencm3/lib/libopencm3_stm32l4.a(rcc_common_all.o)
 .debug_macro   0x0000000000000000       0x51 /home/lubuntu/Documents/libOpenCM3/libopencm3/lib/libopencm3_stm32l4.a(rcc_common_all.o)
 .debug_macro   0x0000000000000000      0x103 /home/lubuntu/Documents/libOpenCM3/libopencm3/lib/libopencm3_stm32l4.a(rcc_common_all.o)
 .debug_macro   0x0000000000000000       0x6a /home/lubuntu/Documents/libOpenCM3/libopencm3/lib/libopencm3_stm32l4.a(rcc_common_all.o)
 .debug_macro   0x0000000000000000      0x1df /home/lubuntu/Documents/libOpenCM3/libopencm3/lib/libopencm3_stm32l4.a(rcc_common_all.o)
 .debug_macro   0x0000000000000000       0x22 /home/lubuntu/Documents/libOpenCM3/libopencm3/lib/libopencm3_stm32l4.a(rcc_common_all.o)
 .debug_macro   0x0000000000000000       0xe8 /home/lubuntu/Documents/libOpenCM3/libopencm3/lib/libopencm3_stm32l4.a(rcc_common_all.o)
 .debug_macro   0x0000000000000000       0x76 /home/lubuntu/Documents/libOpenCM3/libopencm3/lib/libopencm3_stm32l4.a(rcc_common_all.o)
 .debug_macro   0x0000000000000000      0x217 /home/lubuntu/Documents/libOpenCM3/libopencm3/lib/libopencm3_stm32l4.a(rcc_common_all.o)
 .debug_macro   0x0000000000000000      0xcfc /home/lubuntu/Documents/libOpenCM3/libopencm3/lib/libopencm3_stm32l4.a(rcc_common_all.o)
 .group         0x0000000000000000        0xc /home/lubuntu/Documents/libOpenCM3/libopencm3/lib/libopencm3_stm32l4.a(vector.o)
 .group         0x0000000000000000        0xc /home/lubuntu/Documents/libOpenCM3/libopencm3/lib/libopencm3_stm32l4.a(vector.o)
 .group         0x0000000000000000        0xc /home/lubuntu/Documents/libOpenCM3/libopencm3/lib/libopencm3_stm32l4.a(vector.o)
 .group         0x0000000000000000        0xc /home/lubuntu/Documents/libOpenCM3/libopencm3/lib/libopencm3_stm32l4.a(vector.o)
 .group         0x0000000000000000        0xc /home/lubuntu/Documents/libOpenCM3/libopencm3/lib/libopencm3_stm32l4.a(vector.o)
 .group         0x0000000000000000        0xc /home/lubuntu/Documents/libOpenCM3/libopencm3/lib/libopencm3_stm32l4.a(vector.o)
 .group         0x0000000000000000        0xc /home/lubuntu/Documents/libOpenCM3/libopencm3/lib/libopencm3_stm32l4.a(vector.o)
 .group         0x0000000000000000        0xc /home/lubuntu/Documents/libOpenCM3/libopencm3/lib/libopencm3_stm32l4.a(vector.o)
 .group         0x0000000000000000        0xc /home/lubuntu/Documents/libOpenCM3/libopencm3/lib/libopencm3_stm32l4.a(vector.o)
 .group         0x0000000000000000        0xc /home/lubuntu/Documents/libOpenCM3/libopencm3/lib/libopencm3_stm32l4.a(vector.o)
 .group         0x0000000000000000        0xc /home/lubuntu/Documents/libOpenCM3/libopencm3/lib/libopencm3_stm32l4.a(vector.o)
 .group         0x0000000000000000        0xc /home/lubuntu/Documents/libOpenCM3/libopencm3/lib/libopencm3_stm32l4.a(vector.o)
 .group         0x0000000000000000        0xc /home/lubuntu/Documents/libOpenCM3/libopencm3/lib/libopencm3_stm32l4.a(vector.o)
 .group         0x0000000000000000        0xc /home/lubuntu/Documents/libOpenCM3/libopencm3/lib/libopencm3_stm32l4.a(vector.o)
 .text          0x0000000000000000        0x0 /home/lubuntu/Documents/libOpenCM3/libopencm3/lib/libopencm3_stm32l4.a(vector.o)
 .data          0x0000000000000000        0x0 /home/lubuntu/Documents/libOpenCM3/libopencm3/lib/libopencm3_stm32l4.a(vector.o)
 .bss           0x0000000000000000        0x0 /home/lubuntu/Documents/libOpenCM3/libopencm3/lib/libopencm3_stm32l4.a(vector.o)
 .debug_macro   0x0000000000000000      0xa6c /home/lubuntu/Documents/libOpenCM3/libopencm3/lib/libopencm3_stm32l4.a(vector.o)
 .debug_macro   0x0000000000000000       0x76 /home/lubuntu/Documents/libOpenCM3/libopencm3/lib/libopencm3_stm32l4.a(vector.o)
 .debug_macro   0x0000000000000000       0x1c /home/lubuntu/Documents/libOpenCM3/libopencm3/lib/libopencm3_stm32l4.a(vector.o)
 .debug_macro   0x0000000000000000       0x22 /home/lubuntu/Documents/libOpenCM3/libopencm3/lib/libopencm3_stm32l4.a(vector.o)
 .debug_macro   0x0000000000000000       0x56 /home/lubuntu/Documents/libOpenCM3/libopencm3/lib/libopencm3_stm32l4.a(vector.o)
 .debug_macro   0x0000000000000000       0x51 /home/lubuntu/Documents/libOpenCM3/libopencm3/lib/libopencm3_stm32l4.a(vector.o)
 .debug_macro   0x0000000000000000      0x103 /home/lubuntu/Documents/libOpenCM3/libopencm3/lib/libopencm3_stm32l4.a(vector.o)
 .debug_macro   0x0000000000000000       0x6a /home/lubuntu/Documents/libOpenCM3/libopencm3/lib/libopencm3_stm32l4.a(vector.o)
 .debug_macro   0x0000000000000000      0x1df /home/lubuntu/Documents/libOpenCM3/libopencm3/lib/libopencm3_stm32l4.a(vector.o)
 .debug_macro   0x0000000000000000       0x22 /home/lubuntu/Documents/libOpenCM3/libopencm3/lib/libopencm3_stm32l4.a(vector.o)
 .debug_macro   0x0000000000000000       0xe8 /home/lubuntu/Documents/libOpenCM3/libopencm3/lib/libopencm3_stm32l4.a(vector.o)
 .group         0x0000000000000000        0xc /home/lubuntu/Documents/libOpenCM3/libopencm3/lib/libopencm3_stm32l4.a(assert.o)
 .group         0x0000000000000000        0xc /home/lubuntu/Documents/libOpenCM3/libopencm3/lib/libopencm3_stm32l4.a(assert.o)
 .group         0x0000000000000000        0xc /home/lubuntu/Documents/libOpenCM3/libopencm3/lib/libopencm3_stm32l4.a(assert.o)
 .group         0x0000000000000000        0xc /home/lubuntu/Documents/libOpenCM3/libopencm3/lib/libopencm3_stm32l4.a(assert.o)
 .group         0x0000000000000000        0xc /home/lubuntu/Documents/libOpenCM3/libopencm3/lib/libopencm3_stm32l4.a(assert.o)
 .group         0x0000000000000000        0xc /home/lubuntu/Documents/libOpenCM3/libopencm3/lib/libopencm3_stm32l4.a(assert.o)
 .group         0x0000000000000000        0xc /home/lubuntu/Documents/libOpenCM3/libopencm3/lib/libopencm3_stm32l4.a(assert.o)
 .group         0x0000000000000000        0xc /home/lubuntu/Documents/libOpenCM3/libopencm3/lib/libopencm3_stm32l4.a(assert.o)
 .group         0x0000000000000000        0xc /home/lubuntu/Documents/libOpenCM3/libopencm3/lib/libopencm3_stm32l4.a(assert.o)
 .group         0x0000000000000000        0xc /home/lubuntu/Documents/libOpenCM3/libopencm3/lib/libopencm3_stm32l4.a(assert.o)
 .group         0x0000000000000000        0xc /home/lubuntu/Documents/libOpenCM3/libopencm3/lib/libopencm3_stm32l4.a(assert.o)
 .text          0x0000000000000000        0x0 /home/lubuntu/Documents/libOpenCM3/libopencm3/lib/libopencm3_stm32l4.a(assert.o)
 .data          0x0000000000000000        0x0 /home/lubuntu/Documents/libOpenCM3/libopencm3/lib/libopencm3_stm32l4.a(assert.o)
 .bss           0x0000000000000000        0x0 /home/lubuntu/Documents/libOpenCM3/libopencm3/lib/libopencm3_stm32l4.a(assert.o)
 .text.cm3_assert_failed
                0x0000000000000000        0x2 /home/lubuntu/Documents/libOpenCM3/libopencm3/lib/libopencm3_stm32l4.a(assert.o)
 .text.cm3_assert_failed_verbose
                0x0000000000000000        0x6 /home/lubuntu/Documents/libOpenCM3/libopencm3/lib/libopencm3_stm32l4.a(assert.o)
 .debug_info    0x0000000000000000      0x104 /home/lubuntu/Documents/libOpenCM3/libopencm3/lib/libopencm3_stm32l4.a(assert.o)
 .debug_abbrev  0x0000000000000000       0x98 /home/lubuntu/Documents/libOpenCM3/libopencm3/lib/libopencm3_stm32l4.a(assert.o)
 .debug_loc     0x0000000000000000       0x94 /home/lubuntu/Documents/libOpenCM3/libopencm3/lib/libopencm3_stm32l4.a(assert.o)
 .debug_aranges
                0x0000000000000000       0x28 /home/lubuntu/Documents/libOpenCM3/libopencm3/lib/libopencm3_stm32l4.a(assert.o)
 .debug_ranges  0x0000000000000000       0x18 /home/lubuntu/Documents/libOpenCM3/libopencm3/lib/libopencm3_stm32l4.a(assert.o)
 .debug_macro   0x0000000000000000       0x89 /home/lubuntu/Documents/libOpenCM3/libopencm3/lib/libopencm3_stm32l4.a(assert.o)
 .debug_macro   0x0000000000000000      0xa6c /home/lubuntu/Documents/libOpenCM3/libopencm3/lib/libopencm3_stm32l4.a(assert.o)
 .debug_macro   0x0000000000000000       0x1c /home/lubuntu/Documents/libOpenCM3/libopencm3/lib/libopencm3_stm32l4.a(assert.o)
 .debug_macro   0x0000000000000000       0x22 /home/lubuntu/Documents/libOpenCM3/libopencm3/lib/libopencm3_stm32l4.a(assert.o)
 .debug_macro   0x0000000000000000       0x56 /home/lubuntu/Documents/libOpenCM3/libopencm3/lib/libopencm3_stm32l4.a(assert.o)
 .debug_macro   0x0000000000000000       0x51 /home/lubuntu/Documents/libOpenCM3/libopencm3/lib/libopencm3_stm32l4.a(assert.o)
 .debug_macro   0x0000000000000000      0x103 /home/lubuntu/Documents/libOpenCM3/libopencm3/lib/libopencm3_stm32l4.a(assert.o)
 .debug_macro   0x0000000000000000       0x6a /home/lubuntu/Documents/libOpenCM3/libopencm3/lib/libopencm3_stm32l4.a(assert.o)
 .debug_macro   0x0000000000000000      0x1df /home/lubuntu/Documents/libOpenCM3/libopencm3/lib/libopencm3_stm32l4.a(assert.o)
 .debug_macro   0x0000000000000000       0x22 /home/lubuntu/Documents/libOpenCM3/libopencm3/lib/libopencm3_stm32l4.a(assert.o)
 .debug_macro   0x0000000000000000       0xe8 /home/lubuntu/Documents/libOpenCM3/libopencm3/lib/libopencm3_stm32l4.a(assert.o)
 .debug_macro   0x0000000000000000       0x16 /home/lubuntu/Documents/libOpenCM3/libopencm3/lib/libopencm3_stm32l4.a(assert.o)
 .debug_line    0x0000000000000000      0x2a4 /home/lubuntu/Documents/libOpenCM3/libopencm3/lib/libopencm3_stm32l4.a(assert.o)
 .debug_str     0x0000000000000000     0x4020 /home/lubuntu/Documents/libOpenCM3/libopencm3/lib/libopencm3_stm32l4.a(assert.o)
 .comment       0x0000000000000000       0x4a /home/lubuntu/Documents/libOpenCM3/libopencm3/lib/libopencm3_stm32l4.a(assert.o)
 .debug_frame   0x0000000000000000       0x38 /home/lubuntu/Documents/libOpenCM3/libopencm3/lib/libopencm3_stm32l4.a(assert.o)
 .ARM.attributes
                0x0000000000000000       0x34 /home/lubuntu/Documents/libOpenCM3/libopencm3/lib/libopencm3_stm32l4.a(assert.o)

Memory Configuration

Name             Origin             Length             Attributes
rom              0x0000000008000000 0x000000000003e800 xr
ram              0x0000000020000000 0x0000000000028000 xrw
*default*        0x0000000000000000 0xffffffffffffffff

Linker script and memory map

LOAD build/m1b.o
LOAD /home/lubuntu/Documents/ARMToolchain/gcc-arm-none-eabi-10.3-2021.10/bin/../lib/gcc/arm-none-eabi/10.3.1/../../../../arm-none-eabi/lib/thumb/v7e-m+fp/hard/libc_nano.a
LOAD /home/lubuntu/Documents/ARMToolchain/gcc-arm-none-eabi-10.3-2021.10/bin/../lib/gcc/arm-none-eabi/10.3.1/../../../../arm-none-eabi/lib/thumb/v7e-m+fp/hard/libm.a
LOAD /home/lubuntu/Documents/ARMToolchain/gcc-arm-none-eabi-10.3-2021.10/bin/../lib/gcc/arm-none-eabi/10.3.1/../../../../arm-none-eabi/lib/thumb/v7e-m+fp/hard/libnosys.a
LOAD /home/lubuntu/Documents/libOpenCM3/libopencm3/lib/libopencm3_stm32l4.a
START GROUP
LOAD /home/lubuntu/Documents/ARMToolchain/gcc-arm-none-eabi-10.3-2021.10/bin/../lib/gcc/arm-none-eabi/10.3.1/thumb/v7e-m+fp/hard/libgcc.a
LOAD /home/lubuntu/Documents/ARMToolchain/gcc-arm-none-eabi-10.3-2021.10/bin/../lib/gcc/arm-none-eabi/10.3.1/../../../../arm-none-eabi/lib/thumb/v7e-m+fp/hard/libc_nano.a
END GROUP
START GROUP
LOAD /home/lubuntu/Documents/ARMToolchain/gcc-arm-none-eabi-10.3-2021.10/bin/../lib/gcc/arm-none-eabi/10.3.1/thumb/v7e-m+fp/hard/libgcc.a
LOAD /home/lubuntu/Documents/ARMToolchain/gcc-arm-none-eabi-10.3-2021.10/bin/../lib/gcc/arm-none-eabi/10.3.1/../../../../arm-none-eabi/lib/thumb/v7e-m+fp/hard/libc_nano.a
LOAD /home/lubuntu/Documents/ARMToolchain/gcc-arm-none-eabi-10.3-2021.10/bin/../lib/gcc/arm-none-eabi/10.3.1/../../../../arm-none-eabi/lib/thumb/v7e-m+fp/hard/libnosys.a
END GROUP
START GROUP
LOAD /home/lubuntu/Documents/ARMToolchain/gcc-arm-none-eabi-10.3-2021.10/bin/../lib/gcc/arm-none-eabi/10.3.1/thumb/v7e-m+fp/hard/libgcc.a
LOAD /home/lubuntu/Documents/ARMToolchain/gcc-arm-none-eabi-10.3-2021.10/bin/../lib/gcc/arm-none-eabi/10.3.1/../../../../arm-none-eabi/lib/thumb/v7e-m+fp/hard/libc_nano.a
LOAD /home/lubuntu/Documents/ARMToolchain/gcc-arm-none-eabi-10.3-2021.10/bin/../lib/gcc/arm-none-eabi/10.3.1/../../../../arm-none-eabi/lib/thumb/v7e-m+fp/hard/libnosys.a
END GROUP

.text           0x0000000008000000      0x4a4
 *(.vectors)
 .vectors       0x0000000008000000      0x1ac /home/lubuntu/Documents/libOpenCM3/libopencm3/lib/libopencm3_stm32l4.a(vector.o)
                0x0000000008000000                vector_table
 *(.text*)
 .text.delay_loop
                0x00000000080001ac        0xc build/m1b.o
 .text.clock_setup
                0x00000000080001b8       0x6c build/m1b.o
 .text.main     0x0000000008000224       0x34 build/m1b.o
                0x0000000008000224                main
 .text.flash_prefetch_enable
                0x0000000008000258       0x10 /home/lubuntu/Documents/libOpenCM3/libopencm3/lib/libopencm3_stm32l4.a(flash_common_all.o)
                0x0000000008000258                flash_prefetch_enable
 .text.flash_set_ws
                0x0000000008000268       0x14 /home/lubuntu/Documents/libOpenCM3/libopencm3/lib/libopencm3_stm32l4.a(flash_common_all.o)
                0x0000000008000268                flash_set_ws
 .text.flash_dcache_enable
                0x000000000800027c       0x10 /home/lubuntu/Documents/libOpenCM3/libopencm3/lib/libopencm3_stm32l4.a(flash_common_idcache.o)
                0x000000000800027c                flash_dcache_enable
 .text.flash_icache_enable
                0x000000000800028c       0x10 /home/lubuntu/Documents/libOpenCM3/libopencm3/lib/libopencm3_stm32l4.a(flash_common_idcache.o)
                0x000000000800028c                flash_icache_enable
 .text.gpio_toggle
                0x000000000800029c       0x12 /home/lubuntu/Documents/libOpenCM3/libopencm3/lib/libopencm3_stm32l4.a(gpio_common_all.o)
                0x000000000800029c                gpio_toggle
 .text.gpio_mode_setup
                0x00000000080002ae       0x40 /home/lubuntu/Documents/libOpenCM3/libopencm3/lib/libopencm3_stm32l4.a(gpio_common_f0234.o)
                0x00000000080002ae                gpio_mode_setup
 *fill*         0x00000000080002ee        0x2 
 .text.rcc_wait_for_sysclk_status
                0x00000000080002f0       0x48 /home/lubuntu/Documents/libOpenCM3/libopencm3/lib/libopencm3_stm32l4.a(rcc.o)
                0x00000000080002f0                rcc_wait_for_sysclk_status
 .text.rcc_osc_on
                0x0000000008000338       0x70 /home/lubuntu/Documents/libOpenCM3/libopencm3/lib/libopencm3_stm32l4.a(rcc.o)
                0x0000000008000338                rcc_osc_on
 .text.rcc_set_sysclk_source
                0x00000000080003a8       0x14 /home/lubuntu/Documents/libOpenCM3/libopencm3/lib/libopencm3_stm32l4.a(rcc.o)
                0x00000000080003a8                rcc_set_sysclk_source
 .text.rcc_set_main_pll
                0x00000000080003bc       0x28 /home/lubuntu/Documents/libOpenCM3/libopencm3/lib/libopencm3_stm32l4.a(rcc.o)
                0x00000000080003bc                rcc_set_main_pll
 .text.rcc_periph_clock_enable
                0x00000000080003e4       0x1c /home/lubuntu/Documents/libOpenCM3/libopencm3/lib/libopencm3_stm32l4.a(rcc_common_all.o)
                0x00000000080003e4                rcc_periph_clock_enable
 .text.blocking_handler
                0x0000000008000400        0x2 /home/lubuntu/Documents/libOpenCM3/libopencm3/lib/libopencm3_stm32l4.a(vector.o)
                0x0000000008000400                i2c4_ev_isr
                0x0000000008000400                usart3_isr
                0x0000000008000400                swpmi1_isr
                0x0000000008000400                tim7_isr
                0x0000000008000400                dma2d_isr
                0x0000000008000400                rng_isr
                0x0000000008000400                adc1_2_isr
                0x0000000008000400                i2c4_er_isr
                0x0000000008000400                blocking_handler
                0x0000000008000400                tsc_isr
                0x0000000008000400                tim5_isr
                0x0000000008000400                rtc_wkup_isr
                0x0000000008000400                otg_fs_isr
                0x0000000008000400                tim1_up_tim16_isr
                0x0000000008000400                spi1_isr
                0x0000000008000400                i2c3_er_isr
                0x0000000008000400                dma2_channel7_isr
                0x0000000008000400                exti2_isr
                0x0000000008000400                dma1_channel6_isr
                0x0000000008000400                dma1_channel5_isr
                0x0000000008000400                dma2_channel5_isr
                0x0000000008000400                tamp_stamp_isr
                0x0000000008000400                fmc_isr
                0x0000000008000400                can1_rx1_isr
                0x0000000008000400                usart1_isr
                0x0000000008000400                i2c3_ev_isr
                0x0000000008000400                usage_fault_handler
                0x0000000008000400                tim8_trg_com_isr
                0x0000000008000400                can2_rx0_isr
                0x0000000008000400                tim1_trg_com_tim17_isr
                0x0000000008000400                can2_rx1_isr
                0x0000000008000400                can1_sce_isr
                0x0000000008000400                tim1_cc_isr
                0x0000000008000400                can1_tx_isr
                0x0000000008000400                dma1_channel4_isr
                0x0000000008000400                tim8_brk_isr
                0x0000000008000400                dma2_channel4_isr
                0x0000000008000400                lptim1_isr
                0x0000000008000400                lpuart1_isr
                0x0000000008000400                can1_rx0_isr
                0x0000000008000400                rcc_isr
                0x0000000008000400                flash_isr
                0x0000000008000400                uart4_isr
                0x0000000008000400                rtc_alarm_isr
                0x0000000008000400                exti15_10_isr
                0x0000000008000400                hard_fault_handler
                0x0000000008000400                exti1_isr
                0x0000000008000400                i2c1_ev_isr
                0x0000000008000400                dma2_channel1_isr
                0x0000000008000400                dfsdm2_isr
                0x0000000008000400                spi2_isr
                0x0000000008000400                aes_isr
                0x0000000008000400                tim8_up_isr
                0x0000000008000400                tim6_dacunder_isr
                0x0000000008000400                dma2_channel6_isr
                0x0000000008000400                dma2_channel2_isr
                0x0000000008000400                exti3_isr
                0x0000000008000400                adc3_isr
                0x0000000008000400                tim3_isr
                0x0000000008000400                usart2_isr
                0x0000000008000400                sai1_isr
                0x0000000008000400                fpu_isr
                0x0000000008000400                i2c2_er_isr
                0x0000000008000400                i2c2_ev_isr
                0x0000000008000400                uart5_isr
                0x0000000008000400                dma1_channel1_isr
                0x0000000008000400                exti4_isr
                0x0000000008000400                dfsdm3_isr
                0x0000000008000400                comp_isr
                0x0000000008000400                mem_manage_handler
                0x0000000008000400                can2_tx_isr
                0x0000000008000400                lptim2_isr
                0x0000000008000400                lcd_isr
                0x0000000008000400                exti9_5_isr
                0x0000000008000400                dma2_channel3_isr
                0x0000000008000400                dfsdm1_isr
                0x0000000008000400                dma1_channel7_isr
                0x0000000008000400                pvd_pvm_isr
                0x0000000008000400                can2_sce_isr
                0x0000000008000400                tim4_isr
                0x0000000008000400                sai2_isr
                0x0000000008000400                dma1_channel2_isr
                0x0000000008000400                i2c1_er_isr
                0x0000000008000400                tim8_cc_isr
                0x0000000008000400                dcmi_isr
                0x0000000008000400                hash_crs_isr
                0x0000000008000400                bus_fault_handler
                0x0000000008000400                wwdg_isr
                0x0000000008000400                tim1_brk_tim15_isr
                0x0000000008000400                dma1_channel3_isr
                0x0000000008000400                sdmmc1_isr
                0x0000000008000400                spi3_isr
                0x0000000008000400                quadspi_isr
                0x0000000008000400                dfsdm0_isr
                0x0000000008000400                tim2_isr
                0x0000000008000400                exti0_isr
 .text.null_handler
                0x0000000008000402        0x2 /home/lubuntu/Documents/libOpenCM3/libopencm3/lib/libopencm3_stm32l4.a(vector.o)
                0x0000000008000402                null_handler
                0x0000000008000402                sv_call_handler
                0x0000000008000402                pend_sv_handler
                0x0000000008000402                debug_monitor_handler
                0x0000000008000402                sys_tick_handler
                0x0000000008000402                nmi_handler
 .text.reset_handler
                0x0000000008000404       0xa0 /home/lubuntu/Documents/libOpenCM3/libopencm3/lib/libopencm3_stm32l4.a(vector.o)
                0x0000000008000404                reset_handler
                0x00000000080004a4                . = ALIGN (0x4)
 *(.rodata*)
                0x00000000080004a4                . = ALIGN (0x4)

.glue_7         0x00000000080004a4        0x0
 .glue_7        0x00000000080004a4        0x0 linker stubs

.glue_7t        0x00000000080004a4        0x0
 .glue_7t       0x00000000080004a4        0x0 linker stubs

.vfp11_veneer   0x00000000080004a4        0x0
 .vfp11_veneer  0x00000000080004a4        0x0 linker stubs

.v4_bx          0x00000000080004a4        0x0
 .v4_bx         0x00000000080004a4        0x0 linker stubs

.iplt           0x00000000080004a4        0x0
 .iplt          0x00000000080004a4        0x0 build/m1b.o

.rel.dyn        0x00000000080004a4        0x0
 .rel.iplt      0x00000000080004a4        0x0 build/m1b.o

.preinit_array  0x00000000080004a4        0x0
                0x00000000080004a4                . = ALIGN (0x4)
                0x00000000080004a4                __preinit_array_start = .
 *(.preinit_array)
                0x00000000080004a4                __preinit_array_end = .

.init_array     0x00000000080004a4        0x0
                0x00000000080004a4                . = ALIGN (0x4)
                0x00000000080004a4                __init_array_start = .
 *(SORT_BY_NAME(.init_array.*))
 *(.init_array)
                0x00000000080004a4                __init_array_end = .

.fini_array     0x00000000080004a4        0x0
                0x00000000080004a4                . = ALIGN (0x4)
                0x00000000080004a4                __fini_array_start = .
 *(.fini_array)
 *(SORT_BY_NAME(.fini_array.*))
                0x00000000080004a4                __fini_array_end = .

.ARM.extab
 *(.ARM.extab*)

.ARM.exidx      0x00000000080004a4        0x0
                0x00000000080004a4                __exidx_start = .
 *(.ARM.exidx*)
                0x00000000080004a4                __exidx_end = .
                0x00000000080004a4                . = ALIGN (0x4)
                0x00000000080004a4                _etext = .

.noinit
 *(.noinit)
                0x00000000080004a4                . = ALIGN (0x4)

.data           0x0000000020000000        0xc load address 0x00000000080004a4
                0x0000000020000000                _data = .
 *(.data*)
 .data.rcc_ahb_frequency
                0x0000000020000000        0x4 /home/lubuntu/Documents/libOpenCM3/libopencm3/lib/libopencm3_stm32l4.a(rcc.o)
                0x0000000020000000                rcc_ahb_frequency
 .data.rcc_apb1_frequency
                0x0000000020000004        0x4 /home/lubuntu/Documents/libOpenCM3/libopencm3/lib/libopencm3_stm32l4.a(rcc.o)
                0x0000000020000004                rcc_apb1_frequency
 .data.rcc_apb2_frequency
                0x0000000020000008        0x4 /home/lubuntu/Documents/libOpenCM3/libopencm3/lib/libopencm3_stm32l4.a(rcc.o)
                0x0000000020000008                rcc_apb2_frequency
                0x000000002000000c                . = ALIGN (0x4)
 *(.ramfunctions)
                0x000000002000000c                _edata = .
                0x00000000080004a4                _data_loadaddr = LOADADDR (.data)

.igot.plt       0x000000002000000c        0x0 load address 0x00000000080004b0
 .igot.plt      0x000000002000000c        0x0 build/m1b.o

.bss            0x000000002000000c        0x0 load address 0x00000000080004b0
 *(.bss*)
 *(COMMON)
                0x000000002000000c                . = ALIGN (0x4)
                0x000000002000000c                _ebss = .

/DISCARD/
 *(.eh_frame)
                0x000000002000000c                . = ALIGN (0x4)
                0x000000002000000c                end = .
                0x0000000020028000                PROVIDE (_stack = (ORIGIN (ram) + LENGTH (ram)))
OUTPUT(build/m1b.elf elf32-littlearm)
LOAD linker stubs

.debug_info     0x0000000000000000     0x2036
 .debug_info    0x0000000000000000      0x6ad build/m1b.o
 .debug_info    0x00000000000006ad       0xfc /home/lubuntu/Documents/libOpenCM3/libopencm3/lib/libopencm3_stm32l4.a(flash_common_all.o)
 .debug_info    0x00000000000007a9       0xf4 /home/lubuntu/Documents/libOpenCM3/libopencm3/lib/libopencm3_stm32l4.a(flash_common_idcache.o)
 .debug_info    0x000000000000089d      0x266 /home/lubuntu/Documents/libOpenCM3/libopencm3/lib/libopencm3_stm32l4.a(gpio_common_all.o)
 .debug_info    0x0000000000000b03      0x233 /home/lubuntu/Documents/libOpenCM3/libopencm3/lib/libopencm3_stm32l4.a(gpio_common_f0234.o)
 .debug_info    0x0000000000000d36      0x7c7 /home/lubuntu/Documents/libOpenCM3/libopencm3/lib/libopencm3_stm32l4.a(rcc.o)
 .debug_info    0x00000000000014fd      0x847 /home/lubuntu/Documents/libOpenCM3/libopencm3/lib/libopencm3_stm32l4.a(rcc_common_all.o)
 .debug_info    0x0000000000001d44      0x2f2 /home/lubuntu/Documents/libOpenCM3/libopencm3/lib/libopencm3_stm32l4.a(vector.o)

.debug_abbrev   0x0000000000000000      0x91a
 .debug_abbrev  0x0000000000000000      0x132 build/m1b.o
 .debug_abbrev  0x0000000000000132       0x9a /home/lubuntu/Documents/libOpenCM3/libopencm3/lib/libopencm3_stm32l4.a(flash_common_all.o)
 .debug_abbrev  0x00000000000001cc       0x56 /home/lubuntu/Documents/libOpenCM3/libopencm3/lib/libopencm3_stm32l4.a(flash_common_idcache.o)
 .debug_abbrev  0x0000000000000222      0x116 /home/lubuntu/Documents/libOpenCM3/libopencm3/lib/libopencm3_stm32l4.a(gpio_common_all.o)
 .debug_abbrev  0x0000000000000338       0xbf /home/lubuntu/Documents/libOpenCM3/libopencm3/lib/libopencm3_stm32l4.a(gpio_common_f0234.o)
 .debug_abbrev  0x00000000000003f7      0x251 /home/lubuntu/Documents/libOpenCM3/libopencm3/lib/libopencm3_stm32l4.a(rcc.o)
 .debug_abbrev  0x0000000000000648      0x177 /home/lubuntu/Documents/libOpenCM3/libopencm3/lib/libopencm3_stm32l4.a(rcc_common_all.o)
 .debug_abbrev  0x00000000000007bf      0x15b /home/lubuntu/Documents/libOpenCM3/libopencm3/lib/libopencm3_stm32l4.a(vector.o)

.debug_loc      0x0000000000000000      0xcdd
 .debug_loc     0x0000000000000000       0x7a build/m1b.o
 .debug_loc     0x000000000000007a       0x47 /home/lubuntu/Documents/libOpenCM3/libopencm3/lib/libopencm3_stm32l4.a(flash_common_all.o)
 .debug_loc     0x00000000000000c1       0xbe /home/lubuntu/Documents/libOpenCM3/libopencm3/lib/libopencm3_stm32l4.a(gpio_common_all.o)
 .debug_loc     0x000000000000017f      0x14f /home/lubuntu/Documents/libOpenCM3/libopencm3/lib/libopencm3_stm32l4.a(gpio_common_f0234.o)
 .debug_loc     0x00000000000002ce      0x7c7 /home/lubuntu/Documents/libOpenCM3/libopencm3/lib/libopencm3_stm32l4.a(rcc.o)
 .debug_loc     0x0000000000000a95      0x120 /home/lubuntu/Documents/libOpenCM3/libopencm3/lib/libopencm3_stm32l4.a(rcc_common_all.o)
 .debug_loc     0x0000000000000bb5      0x128 /home/lubuntu/Documents/libOpenCM3/libopencm3/lib/libopencm3_stm32l4.a(vector.o)

.debug_aranges  0x0000000000000000      0x2d8
 .debug_aranges
                0x0000000000000000       0x30 build/m1b.o
 .debug_aranges
                0x0000000000000030       0x38 /home/lubuntu/Documents/libOpenCM3/libopencm3/lib/libopencm3_stm32l4.a(flash_common_all.o)
 .debug_aranges
                0x0000000000000068       0x48 /home/lubuntu/Documents/libOpenCM3/libopencm3/lib/libopencm3_stm32l4.a(flash_common_idcache.o)
 .debug_aranges
                0x00000000000000b0       0x50 /home/lubuntu/Documents/libOpenCM3/libopencm3/lib/libopencm3_stm32l4.a(gpio_common_all.o)
 .debug_aranges
                0x0000000000000100       0x30 /home/lubuntu/Documents/libOpenCM3/libopencm3/lib/libopencm3_stm32l4.a(gpio_common_f0234.o)
 .debug_aranges
                0x0000000000000130      0x118 /home/lubuntu/Documents/libOpenCM3/libopencm3/lib/libopencm3_stm32l4.a(rcc.o)
 .debug_aranges
                0x0000000000000248       0x60 /home/lubuntu/Documents/libOpenCM3/libopencm3/lib/libopencm3_stm32l4.a(rcc_common_all.o)
 .debug_aranges
                0x00000000000002a8       0x30 /home/lubuntu/Documents/libOpenCM3/libopencm3/lib/libopencm3_stm32l4.a(vector.o)

.debug_ranges   0x0000000000000000      0x288
 .debug_ranges  0x0000000000000000       0x20 build/m1b.o
 .debug_ranges  0x0000000000000020       0x28 /home/lubuntu/Documents/libOpenCM3/libopencm3/lib/libopencm3_stm32l4.a(flash_common_all.o)
 .debug_ranges  0x0000000000000048       0x38 /home/lubuntu/Documents/libOpenCM3/libopencm3/lib/libopencm3_stm32l4.a(flash_common_idcache.o)
 .debug_ranges  0x0000000000000080       0x40 /home/lubuntu/Documents/libOpenCM3/libopencm3/lib/libopencm3_stm32l4.a(gpio_common_all.o)
 .debug_ranges  0x00000000000000c0       0x20 /home/lubuntu/Documents/libOpenCM3/libopencm3/lib/libopencm3_stm32l4.a(gpio_common_f0234.o)
 .debug_ranges  0x00000000000000e0      0x138 /home/lubuntu/Documents/libOpenCM3/libopencm3/lib/libopencm3_stm32l4.a(rcc.o)
 .debug_ranges  0x0000000000000218       0x50 /home/lubuntu/Documents/libOpenCM3/libopencm3/lib/libopencm3_stm32l4.a(rcc_common_all.o)
 .debug_ranges  0x0000000000000268       0x20 /home/lubuntu/Documents/libOpenCM3/libopencm3/lib/libopencm3_stm32l4.a(vector.o)

.debug_line     0x0000000000000000     0x2865
 .debug_line    0x0000000000000000      0x2ab build/m1b.o
 .debug_line    0x00000000000002ab      0x3e6 /home/lubuntu/Documents/libOpenCM3/libopencm3/lib/libopencm3_stm32l4.a(flash_common_all.o)
 .debug_line    0x0000000000000691      0x3ff /home/lubuntu/Documents/libOpenCM3/libopencm3/lib/libopencm3_stm32l4.a(flash_common_idcache.o)
 .debug_line    0x0000000000000a90      0x45c /home/lubuntu/Documents/libOpenCM3/libopencm3/lib/libopencm3_stm32l4.a(gpio_common_all.o)
 .debug_line    0x0000000000000eec      0x544 /home/lubuntu/Documents/libOpenCM3/libopencm3/lib/libopencm3_stm32l4.a(gpio_common_f0234.o)
 .debug_line    0x0000000000001430      0xac7 /home/lubuntu/Documents/libOpenCM3/libopencm3/lib/libopencm3_stm32l4.a(rcc.o)
 .debug_line    0x0000000000001ef7      0x496 /home/lubuntu/Documents/libOpenCM3/libopencm3/lib/libopencm3_stm32l4.a(rcc_common_all.o)
 .debug_line    0x000000000000238d      0x4d8 /home/lubuntu/Documents/libOpenCM3/libopencm3/lib/libopencm3_stm32l4.a(vector.o)

.debug_str      0x0000000000000000     0xe6be
 .debug_str     0x0000000000000000      0x6e5 build/m1b.o
                                        0x784 (size before relaxing)
 .debug_str     0x00000000000006e5     0x5cd6 /home/lubuntu/Documents/libOpenCM3/libopencm3/lib/libopencm3_stm32l4.a(flash_common_all.o)
                                       0x5e68 (size before relaxing)
 .debug_str     0x00000000000063bb       0x71 /home/lubuntu/Documents/libOpenCM3/libopencm3/lib/libopencm3_stm32l4.a(flash_common_idcache.o)
                                       0x5e8a (size before relaxing)
 .debug_str     0x000000000000642c     0x166f /home/lubuntu/Documents/libOpenCM3/libopencm3/lib/libopencm3_stm32l4.a(gpio_common_all.o)
                                       0x6557 (size before relaxing)
 .debug_str     0x0000000000007a9b       0x94 /home/lubuntu/Documents/libOpenCM3/libopencm3/lib/libopencm3_stm32l4.a(gpio_common_f0234.o)
                                       0x6579 (size before relaxing)
 .debug_str     0x0000000000007b2f     0x3b44 /home/lubuntu/Documents/libOpenCM3/libopencm3/lib/libopencm3_stm32l4.a(rcc.o)
                                       0x8b10 (size before relaxing)
 .debug_str     0x000000000000b673      0x3c3 /home/lubuntu/Documents/libOpenCM3/libopencm3/lib/libopencm3_stm32l4.a(rcc_common_all.o)
                                       0x8f6c (size before relaxing)
 .debug_str     0x000000000000ba36     0x2c88 /home/lubuntu/Documents/libOpenCM3/libopencm3/lib/libopencm3_stm32l4.a(vector.o)
                                       0x6db5 (size before relaxing)

.comment        0x0000000000000000       0x49
 .comment       0x0000000000000000       0x49 build/m1b.o
                                         0x4a (size before relaxing)
 .comment       0x0000000000000049       0x4a /home/lubuntu/Documents/libOpenCM3/libopencm3/lib/libopencm3_stm32l4.a(flash_common_all.o)
 .comment       0x0000000000000049       0x4a /home/lubuntu/Documents/libOpenCM3/libopencm3/lib/libopencm3_stm32l4.a(flash_common_idcache.o)
 .comment       0x0000000000000049       0x4a /home/lubuntu/Documents/libOpenCM3/libopencm3/lib/libopencm3_stm32l4.a(gpio_common_all.o)
 .comment       0x0000000000000049       0x4a /home/lubuntu/Documents/libOpenCM3/libopencm3/lib/libopencm3_stm32l4.a(gpio_common_f0234.o)
 .comment       0x0000000000000049       0x4a /home/lubuntu/Documents/libOpenCM3/libopencm3/lib/libopencm3_stm32l4.a(rcc.o)
 .comment       0x0000000000000049       0x4a /home/lubuntu/Documents/libOpenCM3/libopencm3/lib/libopencm3_stm32l4.a(rcc_common_all.o)
 .comment       0x0000000000000049       0x4a /home/lubuntu/Documents/libOpenCM3/libopencm3/lib/libopencm3_stm32l4.a(vector.o)

.ARM.attributes
                0x0000000000000000       0x34
 .ARM.attributes
                0x0000000000000000       0x34 build/m1b.o
 .ARM.attributes
                0x0000000000000034       0x34 /home/lubuntu/Documents/libOpenCM3/libopencm3/lib/libopencm3_stm32l4.a(flash_common_all.o)
 .ARM.attributes
                0x0000000000000068       0x34 /home/lubuntu/Documents/libOpenCM3/libopencm3/lib/libopencm3_stm32l4.a(flash_common_idcache.o)
 .ARM.attributes
                0x000000000000009c       0x34 /home/lubuntu/Documents/libOpenCM3/libopencm3/lib/libopencm3_stm32l4.a(gpio_common_all.o)
 .ARM.attributes
                0x00000000000000d0       0x34 /home/lubuntu/Documents/libOpenCM3/libopencm3/lib/libopencm3_stm32l4.a(gpio_common_f0234.o)
 .ARM.attributes
                0x0000000000000104       0x34 /home/lubuntu/Documents/libOpenCM3/libopencm3/lib/libopencm3_stm32l4.a(rcc.o)
 .ARM.attributes
                0x0000000000000138       0x34 /home/lubuntu/Documents/libOpenCM3/libopencm3/lib/libopencm3_stm32l4.a(rcc_common_all.o)
 .ARM.attributes
                0x000000000000016c       0x34 /home/lubuntu/Documents/libOpenCM3/libopencm3/lib/libopencm3_stm32l4.a(vector.o)

.debug_frame    0x0000000000000000      0x55c
 .debug_frame   0x0000000000000000       0x58 build/m1b.o
 .debug_frame   0x0000000000000058       0x50 /home/lubuntu/Documents/libOpenCM3/libopencm3/lib/libopencm3_stm32l4.a(flash_common_all.o)
 .debug_frame   0x00000000000000a8       0x70 /home/lubuntu/Documents/libOpenCM3/libopencm3/lib/libopencm3_stm32l4.a(flash_common_idcache.o)
 .debug_frame   0x0000000000000118       0x80 /home/lubuntu/Documents/libOpenCM3/libopencm3/lib/libopencm3_stm32l4.a(gpio_common_all.o)
 .debug_frame   0x0000000000000198       0x70 /home/lubuntu/Documents/libOpenCM3/libopencm3/lib/libopencm3_stm32l4.a(gpio_common_f0234.o)
 .debug_frame   0x0000000000000208      0x228 /home/lubuntu/Documents/libOpenCM3/libopencm3/lib/libopencm3_stm32l4.a(rcc.o)
 .debug_frame   0x0000000000000430       0xe0 /home/lubuntu/Documents/libOpenCM3/libopencm3/lib/libopencm3_stm32l4.a(rcc_common_all.o)
 .debug_frame   0x0000000000000510       0x4c /home/lubuntu/Documents/libOpenCM3/libopencm3/lib/libopencm3_stm32l4.a(vector.o)

.debug_macro    0x0000000000000000     0x3427
 .debug_macro   0x0000000000000000       0xc8 /home/lubuntu/Documents/libOpenCM3/libopencm3/lib/libopencm3_stm32l4.a(flash_common_all.o)
 .debug_macro   0x00000000000000c8      0xa6c /home/lubuntu/Documents/libOpenCM3/libopencm3/lib/libopencm3_stm32l4.a(flash_common_all.o)
 .debug_macro   0x0000000000000b34       0x1c /home/lubuntu/Documents/libOpenCM3/libopencm3/lib/libopencm3_stm32l4.a(flash_common_all.o)
 .debug_macro   0x0000000000000b50       0x22 /home/lubuntu/Documents/libOpenCM3/libopencm3/lib/libopencm3_stm32l4.a(flash_common_all.o)
 .debug_macro   0x0000000000000b72       0x56 /home/lubuntu/Documents/libOpenCM3/libopencm3/lib/libopencm3_stm32l4.a(flash_common_all.o)
 .debug_macro   0x0000000000000bc8       0x51 /home/lubuntu/Documents/libOpenCM3/libopencm3/lib/libopencm3_stm32l4.a(flash_common_all.o)
 .debug_macro   0x0000000000000c19      0x103 /home/lubuntu/Documents/libOpenCM3/libopencm3/lib/libopencm3_stm32l4.a(flash_common_all.o)
 .debug_macro   0x0000000000000d1c       0x6a /home/lubuntu/Documents/libOpenCM3/libopencm3/lib/libopencm3_stm32l4.a(flash_common_all.o)
 .debug_macro   0x0000000000000d86      0x1df /home/lubuntu/Documents/libOpenCM3/libopencm3/lib/libopencm3_stm32l4.a(flash_common_all.o)
 .debug_macro   0x0000000000000f65       0x22 /home/lubuntu/Documents/libOpenCM3/libopencm3/lib/libopencm3_stm32l4.a(flash_common_all.o)
 .debug_macro   0x0000000000000f87       0xe8 /home/lubuntu/Documents/libOpenCM3/libopencm3/lib/libopencm3_stm32l4.a(flash_common_all.o)
 .debug_macro   0x000000000000106f       0x76 /home/lubuntu/Documents/libOpenCM3/libopencm3/lib/libopencm3_stm32l4.a(flash_common_all.o)
 .debug_macro   0x00000000000010e5      0x217 /home/lubuntu/Documents/libOpenCM3/libopencm3/lib/libopencm3_stm32l4.a(flash_common_all.o)
 .debug_macro   0x00000000000012fc       0x1c /home/lubuntu/Documents/libOpenCM3/libopencm3/lib/libopencm3_stm32l4.a(flash_common_all.o)
 .debug_macro   0x0000000000001318      0x2f3 /home/lubuntu/Documents/libOpenCM3/libopencm3/lib/libopencm3_stm32l4.a(flash_common_all.o)
 .debug_macro   0x000000000000160b       0xc8 /home/lubuntu/Documents/libOpenCM3/libopencm3/lib/libopencm3_stm32l4.a(flash_common_idcache.o)
 .debug_macro   0x00000000000016d3       0xd6 /home/lubuntu/Documents/libOpenCM3/libopencm3/lib/libopencm3_stm32l4.a(gpio_common_all.o)
 .debug_macro   0x00000000000017a9       0x76 /home/lubuntu/Documents/libOpenCM3/libopencm3/lib/libopencm3_stm32l4.a(gpio_common_all.o)
 .debug_macro   0x000000000000181f      0x37e /home/lubuntu/Documents/libOpenCM3/libopencm3/lib/libopencm3_stm32l4.a(gpio_common_all.o)
 .debug_macro   0x0000000000001b9d       0xca /home/lubuntu/Documents/libOpenCM3/libopencm3/lib/libopencm3_stm32l4.a(gpio_common_all.o)
 .debug_macro   0x0000000000001c67       0x88 /home/lubuntu/Documents/libOpenCM3/libopencm3/lib/libopencm3_stm32l4.a(gpio_common_all.o)
 .debug_macro   0x0000000000001cef       0xd6 /home/lubuntu/Documents/libOpenCM3/libopencm3/lib/libopencm3_stm32l4.a(gpio_common_f0234.o)
 .debug_macro   0x0000000000001dc5       0xc3 /home/lubuntu/Documents/libOpenCM3/libopencm3/lib/libopencm3_stm32l4.a(rcc.o)
 .debug_macro   0x0000000000001e88       0x16 /home/lubuntu/Documents/libOpenCM3/libopencm3/lib/libopencm3_stm32l4.a(rcc.o)
 .debug_macro   0x0000000000001e9e      0xcfc /home/lubuntu/Documents/libOpenCM3/libopencm3/lib/libopencm3_stm32l4.a(rcc.o)
 .debug_macro   0x0000000000002b9a       0xce /home/lubuntu/Documents/libOpenCM3/libopencm3/lib/libopencm3_stm32l4.a(rcc_common_all.o)
 .debug_macro   0x0000000000002c68       0xd3 /home/lubuntu/Documents/libOpenCM3/libopencm3/lib/libopencm3_stm32l4.a(vector.o)
 .debug_macro   0x0000000000002d3b      0x452 /home/lubuntu/Documents/libOpenCM3/libopencm3/lib/libopencm3_stm32l4.a(vector.o)
 .debug_macro   0x000000000000318d       0x6e /home/lubuntu/Documents/libOpenCM3/libopencm3/lib/libopencm3_stm32l4.a(vector.o)
 .debug_macro   0x00000000000031fb      0x22c /home/lubuntu/Documents/libOpenCM3/libopencm3/lib/libopencm3_stm32l4.a(vector.o)

Cross Reference Table

Symbol                                            File
__fini_array_end                                  /home/lubuntu/Documents/libOpenCM3/libopencm3/lib/libopencm3_stm32l4.a(vector.o)
__fini_array_start                                /home/lubuntu/Documents/libOpenCM3/libopencm3/lib/libopencm3_stm32l4.a(vector.o)
__init_array_end                                  /home/lubuntu/Documents/libOpenCM3/libopencm3/lib/libopencm3_stm32l4.a(vector.o)
__init_array_start                                /home/lubuntu/Documents/libOpenCM3/libopencm3/lib/libopencm3_stm32l4.a(vector.o)
__preinit_array_end                               /home/lubuntu/Documents/libOpenCM3/libopencm3/lib/libopencm3_stm32l4.a(vector.o)
__preinit_array_start                             /home/lubuntu/Documents/libOpenCM3/libopencm3/lib/libopencm3_stm32l4.a(vector.o)
_data                                             /home/lubuntu/Documents/libOpenCM3/libopencm3/lib/libopencm3_stm32l4.a(vector.o)
_data_loadaddr                                    /home/lubuntu/Documents/libOpenCM3/libopencm3/lib/libopencm3_stm32l4.a(vector.o)
_ebss                                             /home/lubuntu/Documents/libOpenCM3/libopencm3/lib/libopencm3_stm32l4.a(vector.o)
_edata                                            /home/lubuntu/Documents/libOpenCM3/libopencm3/lib/libopencm3_stm32l4.a(vector.o)
_stack                                            /home/lubuntu/Documents/libOpenCM3/libopencm3/lib/libopencm3_stm32l4.a(vector.o)
adc1_2_isr                                        /home/lubuntu/Documents/libOpenCM3/libopencm3/lib/libopencm3_stm32l4.a(vector.o)
adc3_isr                                          /home/lubuntu/Documents/libOpenCM3/libopencm3/lib/libopencm3_stm32l4.a(vector.o)
aes_isr                                           /home/lubuntu/Documents/libOpenCM3/libopencm3/lib/libopencm3_stm32l4.a(vector.o)
blocking_handler                                  /home/lubuntu/Documents/libOpenCM3/libopencm3/lib/libopencm3_stm32l4.a(vector.o)
bus_fault_handler                                 /home/lubuntu/Documents/libOpenCM3/libopencm3/lib/libopencm3_stm32l4.a(vector.o)
can1_rx0_isr                                      /home/lubuntu/Documents/libOpenCM3/libopencm3/lib/libopencm3_stm32l4.a(vector.o)
can1_rx1_isr                                      /home/lubuntu/Documents/libOpenCM3/libopencm3/lib/libopencm3_stm32l4.a(vector.o)
can1_sce_isr                                      /home/lubuntu/Documents/libOpenCM3/libopencm3/lib/libopencm3_stm32l4.a(vector.o)
can1_tx_isr                                       /home/lubuntu/Documents/libOpenCM3/libopencm3/lib/libopencm3_stm32l4.a(vector.o)
can2_rx0_isr                                      /home/lubuntu/Documents/libOpenCM3/libopencm3/lib/libopencm3_stm32l4.a(vector.o)
can2_rx1_isr                                      /home/lubuntu/Documents/libOpenCM3/libopencm3/lib/libopencm3_stm32l4.a(vector.o)
can2_sce_isr                                      /home/lubuntu/Documents/libOpenCM3/libopencm3/lib/libopencm3_stm32l4.a(vector.o)
can2_tx_isr                                       /home/lubuntu/Documents/libOpenCM3/libopencm3/lib/libopencm3_stm32l4.a(vector.o)
cm3_assert_failed                                 /home/lubuntu/Documents/libOpenCM3/libopencm3/lib/libopencm3_stm32l4.a(assert.o)
                                                  /home/lubuntu/Documents/libOpenCM3/libopencm3/lib/libopencm3_stm32l4.a(rcc.o)
cm3_assert_failed_verbose                         /home/lubuntu/Documents/libOpenCM3/libopencm3/lib/libopencm3_stm32l4.a(assert.o)
comp_isr                                          /home/lubuntu/Documents/libOpenCM3/libopencm3/lib/libopencm3_stm32l4.a(vector.o)
dcmi_isr                                          /home/lubuntu/Documents/libOpenCM3/libopencm3/lib/libopencm3_stm32l4.a(vector.o)
debug_monitor_handler                             /home/lubuntu/Documents/libOpenCM3/libopencm3/lib/libopencm3_stm32l4.a(vector.o)
dfsdm0_isr                                        /home/lubuntu/Documents/libOpenCM3/libopencm3/lib/libopencm3_stm32l4.a(vector.o)
dfsdm1_isr                                        /home/lubuntu/Documents/libOpenCM3/libopencm3/lib/libopencm3_stm32l4.a(vector.o)
dfsdm2_isr                                        /home/lubuntu/Documents/libOpenCM3/libopencm3/lib/libopencm3_stm32l4.a(vector.o)
dfsdm3_isr                                        /home/lubuntu/Documents/libOpenCM3/libopencm3/lib/libopencm3_stm32l4.a(vector.o)
dma1_channel1_isr                                 /home/lubuntu/Documents/libOpenCM3/libopencm3/lib/libopencm3_stm32l4.a(vector.o)
dma1_channel2_isr                                 /home/lubuntu/Documents/libOpenCM3/libopencm3/lib/libopencm3_stm32l4.a(vector.o)
dma1_channel3_isr                                 /home/lubuntu/Documents/libOpenCM3/libopencm3/lib/libopencm3_stm32l4.a(vector.o)
dma1_channel4_isr                                 /home/lubuntu/Documents/libOpenCM3/libopencm3/lib/libopencm3_stm32l4.a(vector.o)
dma1_channel5_isr                                 /home/lubuntu/Documents/libOpenCM3/libopencm3/lib/libopencm3_stm32l4.a(vector.o)
dma1_channel6_isr                                 /home/lubuntu/Documents/libOpenCM3/libopencm3/lib/libopencm3_stm32l4.a(vector.o)
dma1_channel7_isr                                 /home/lubuntu/Documents/libOpenCM3/libopencm3/lib/libopencm3_stm32l4.a(vector.o)
dma2_channel1_isr                                 /home/lubuntu/Documents/libOpenCM3/libopencm3/lib/libopencm3_stm32l4.a(vector.o)
dma2_channel2_isr                                 /home/lubuntu/Documents/libOpenCM3/libopencm3/lib/libopencm3_stm32l4.a(vector.o)
dma2_channel3_isr                                 /home/lubuntu/Documents/libOpenCM3/libopencm3/lib/libopencm3_stm32l4.a(vector.o)
dma2_channel4_isr                                 /home/lubuntu/Documents/libOpenCM3/libopencm3/lib/libopencm3_stm32l4.a(vector.o)
dma2_channel5_isr                                 /home/lubuntu/Documents/libOpenCM3/libopencm3/lib/libopencm3_stm32l4.a(vector.o)
dma2_channel6_isr                                 /home/lubuntu/Documents/libOpenCM3/libopencm3/lib/libopencm3_stm32l4.a(vector.o)
dma2_channel7_isr                                 /home/lubuntu/Documents/libOpenCM3/libopencm3/lib/libopencm3_stm32l4.a(vector.o)
dma2d_isr                                         /home/lubuntu/Documents/libOpenCM3/libopencm3/lib/libopencm3_stm32l4.a(vector.o)
exti0_isr                                         /home/lubuntu/Documents/libOpenCM3/libopencm3/lib/libopencm3_stm32l4.a(vector.o)
exti15_10_isr                                     /home/lubuntu/Documents/libOpenCM3/libopencm3/lib/libopencm3_stm32l4.a(vector.o)
exti1_isr                                         /home/lubuntu/Documents/libOpenCM3/libopencm3/lib/libopencm3_stm32l4.a(vector.o)
exti2_isr                                         /home/lubuntu/Documents/libOpenCM3/libopencm3/lib/libopencm3_stm32l4.a(vector.o)
exti3_isr                                         /home/lubuntu/Documents/libOpenCM3/libopencm3/lib/libopencm3_stm32l4.a(vector.o)
exti4_isr                                         /home/lubuntu/Documents/libOpenCM3/libopencm3/lib/libopencm3_stm32l4.a(vector.o)
exti9_5_isr                                       /home/lubuntu/Documents/libOpenCM3/libopencm3/lib/libopencm3_stm32l4.a(vector.o)
flash_dcache_disable                              /home/lubuntu/Documents/libOpenCM3/libopencm3/lib/libopencm3_stm32l4.a(flash_common_idcache.o)
flash_dcache_enable                               /home/lubuntu/Documents/libOpenCM3/libopencm3/lib/libopencm3_stm32l4.a(flash_common_idcache.o)
                                                  build/m1b.o
flash_dcache_reset                                /home/lubuntu/Documents/libOpenCM3/libopencm3/lib/libopencm3_stm32l4.a(flash_common_idcache.o)
flash_icache_disable                              /home/lubuntu/Documents/libOpenCM3/libopencm3/lib/libopencm3_stm32l4.a(flash_common_idcache.o)
flash_icache_enable                               /home/lubuntu/Documents/libOpenCM3/libopencm3/lib/libopencm3_stm32l4.a(flash_common_idcache.o)
                                                  build/m1b.o
flash_icache_reset                                /home/lubuntu/Documents/libOpenCM3/libopencm3/lib/libopencm3_stm32l4.a(flash_common_idcache.o)
flash_isr                                         /home/lubuntu/Documents/libOpenCM3/libopencm3/lib/libopencm3_stm32l4.a(vector.o)
flash_prefetch_disable                            /home/lubuntu/Documents/libOpenCM3/libopencm3/lib/libopencm3_stm32l4.a(flash_common_all.o)
flash_prefetch_enable                             /home/lubuntu/Documents/libOpenCM3/libopencm3/lib/libopencm3_stm32l4.a(flash_common_all.o)
                                                  build/m1b.o
flash_set_ws                                      /home/lubuntu/Documents/libOpenCM3/libopencm3/lib/libopencm3_stm32l4.a(flash_common_all.o)
                                                  build/m1b.o
flash_unlock_option_bytes                         /home/lubuntu/Documents/libOpenCM3/libopencm3/lib/libopencm3_stm32l4.a(flash_common_all.o)
fmc_isr                                           /home/lubuntu/Documents/libOpenCM3/libopencm3/lib/libopencm3_stm32l4.a(vector.o)
fpu_isr                                           /home/lubuntu/Documents/libOpenCM3/libopencm3/lib/libopencm3_stm32l4.a(vector.o)
gpio_clear                                        /home/lubuntu/Documents/libOpenCM3/libopencm3/lib/libopencm3_stm32l4.a(gpio_common_all.o)
gpio_get                                          /home/lubuntu/Documents/libOpenCM3/libopencm3/lib/libopencm3_stm32l4.a(gpio_common_all.o)
gpio_mode_setup                                   /home/lubuntu/Documents/libOpenCM3/libopencm3/lib/libopencm3_stm32l4.a(gpio_common_f0234.o)
                                                  build/m1b.o
gpio_port_config_lock                             /home/lubuntu/Documents/libOpenCM3/libopencm3/lib/libopencm3_stm32l4.a(gpio_common_all.o)
gpio_port_read                                    /home/lubuntu/Documents/libOpenCM3/libopencm3/lib/libopencm3_stm32l4.a(gpio_common_all.o)
gpio_port_write                                   /home/lubuntu/Documents/libOpenCM3/libopencm3/lib/libopencm3_stm32l4.a(gpio_common_all.o)
gpio_set                                          /home/lubuntu/Documents/libOpenCM3/libopencm3/lib/libopencm3_stm32l4.a(gpio_common_all.o)
gpio_set_af                                       /home/lubuntu/Documents/libOpenCM3/libopencm3/lib/libopencm3_stm32l4.a(gpio_common_f0234.o)
gpio_set_output_options                           /home/lubuntu/Documents/libOpenCM3/libopencm3/lib/libopencm3_stm32l4.a(gpio_common_f0234.o)
gpio_toggle                                       /home/lubuntu/Documents/libOpenCM3/libopencm3/lib/libopencm3_stm32l4.a(gpio_common_all.o)
                                                  build/m1b.o
hard_fault_handler                                /home/lubuntu/Documents/libOpenCM3/libopencm3/lib/libopencm3_stm32l4.a(vector.o)
hash_crs_isr                                      /home/lubuntu/Documents/libOpenCM3/libopencm3/lib/libopencm3_stm32l4.a(vector.o)
i2c1_er_isr                                       /home/lubuntu/Documents/libOpenCM3/libopencm3/lib/libopencm3_stm32l4.a(vector.o)
i2c1_ev_isr                                       /home/lubuntu/Documents/libOpenCM3/libopencm3/lib/libopencm3_stm32l4.a(vector.o)
i2c2_er_isr                                       /home/lubuntu/Documents/libOpenCM3/libopencm3/lib/libopencm3_stm32l4.a(vector.o)
i2c2_ev_isr                                       /home/lubuntu/Documents/libOpenCM3/libopencm3/lib/libopencm3_stm32l4.a(vector.o)
i2c3_er_isr                                       /home/lubuntu/Documents/libOpenCM3/libopencm3/lib/libopencm3_stm32l4.a(vector.o)
i2c3_ev_isr                                       /home/lubuntu/Documents/libOpenCM3/libopencm3/lib/libopencm3_stm32l4.a(vector.o)
i2c4_er_isr                                       /home/lubuntu/Documents/libOpenCM3/libopencm3/lib/libopencm3_stm32l4.a(vector.o)
i2c4_ev_isr                                       /home/lubuntu/Documents/libOpenCM3/libopencm3/lib/libopencm3_stm32l4.a(vector.o)
lcd_isr                                           /home/lubuntu/Documents/libOpenCM3/libopencm3/lib/libopencm3_stm32l4.a(vector.o)
lptim1_isr                                        /home/lubuntu/Documents/libOpenCM3/libopencm3/lib/libopencm3_stm32l4.a(vector.o)
lptim2_isr                                        /home/lubuntu/Documents/libOpenCM3/libopencm3/lib/libopencm3_stm32l4.a(vector.o)
lpuart1_isr                                       /home/lubuntu/Documents/libOpenCM3/libopencm3/lib/libopencm3_stm32l4.a(vector.o)
main                                              build/m1b.o
                                                  /home/lubuntu/Documents/libOpenCM3/libopencm3/lib/libopencm3_stm32l4.a(vector.o)
mem_manage_handler                                /home/lubuntu/Documents/libOpenCM3/libopencm3/lib/libopencm3_stm32l4.a(vector.o)
nmi_handler                                       /home/lubuntu/Documents/libOpenCM3/libopencm3/lib/libopencm3_stm32l4.a(vector.o)
null_handler                                      /home/lubuntu/Documents/libOpenCM3/libopencm3/lib/libopencm3_stm32l4.a(vector.o)
otg_fs_isr                                        /home/lubuntu/Documents/libOpenCM3/libopencm3/lib/libopencm3_stm32l4.a(vector.o)
pend_sv_handler                                   /home/lubuntu/Documents/libOpenCM3/libopencm3/lib/libopencm3_stm32l4.a(vector.o)
pvd_pvm_isr                                       /home/lubuntu/Documents/libOpenCM3/libopencm3/lib/libopencm3_stm32l4.a(vector.o)
quadspi_isr                                       /home/lubuntu/Documents/libOpenCM3/libopencm3/lib/libopencm3_stm32l4.a(vector.o)
rcc_ahb_frequency                                 /home/lubuntu/Documents/libOpenCM3/libopencm3/lib/libopencm3_stm32l4.a(rcc.o)
                                                  build/m1b.o
rcc_apb1_frequency                                /home/lubuntu/Documents/libOpenCM3/libopencm3/lib/libopencm3_stm32l4.a(rcc.o)
                                                  build/m1b.o
rcc_apb2_frequency                                /home/lubuntu/Documents/libOpenCM3/libopencm3/lib/libopencm3_stm32l4.a(rcc.o)
                                                  build/m1b.o
rcc_css_disable                                   /home/lubuntu/Documents/libOpenCM3/libopencm3/lib/libopencm3_stm32l4.a(rcc.o)
rcc_css_enable                                    /home/lubuntu/Documents/libOpenCM3/libopencm3/lib/libopencm3_stm32l4.a(rcc.o)
rcc_css_int_clear                                 /home/lubuntu/Documents/libOpenCM3/libopencm3/lib/libopencm3_stm32l4.a(rcc.o)
rcc_css_int_flag                                  /home/lubuntu/Documents/libOpenCM3/libopencm3/lib/libopencm3_stm32l4.a(rcc.o)
rcc_disable_rtc_clock                             /home/lubuntu/Documents/libOpenCM3/libopencm3/lib/libopencm3_stm32l4.a(rcc.o)
rcc_enable_rtc_clock                              /home/lubuntu/Documents/libOpenCM3/libopencm3/lib/libopencm3_stm32l4.a(rcc.o)
rcc_get_div_from_hpre                             /home/lubuntu/Documents/libOpenCM3/libopencm3/lib/libopencm3_stm32l4.a(rcc_common_all.o)
                                                  /home/lubuntu/Documents/libOpenCM3/libopencm3/lib/libopencm3_stm32l4.a(rcc.o)
rcc_get_i2c_clk_freq                              /home/lubuntu/Documents/libOpenCM3/libopencm3/lib/libopencm3_stm32l4.a(rcc.o)
rcc_get_spi_clk_freq                              /home/lubuntu/Documents/libOpenCM3/libopencm3/lib/libopencm3_stm32l4.a(rcc.o)
rcc_get_timer_clk_freq                            /home/lubuntu/Documents/libOpenCM3/libopencm3/lib/libopencm3_stm32l4.a(rcc.o)
rcc_get_usart_clk_freq                            /home/lubuntu/Documents/libOpenCM3/libopencm3/lib/libopencm3_stm32l4.a(rcc.o)
rcc_is_osc_ready                                  /home/lubuntu/Documents/libOpenCM3/libopencm3/lib/libopencm3_stm32l4.a(rcc.o)
rcc_isr                                           /home/lubuntu/Documents/libOpenCM3/libopencm3/lib/libopencm3_stm32l4.a(vector.o)
rcc_osc_bypass_disable                            /home/lubuntu/Documents/libOpenCM3/libopencm3/lib/libopencm3_stm32l4.a(rcc_common_all.o)
rcc_osc_bypass_enable                             /home/lubuntu/Documents/libOpenCM3/libopencm3/lib/libopencm3_stm32l4.a(rcc_common_all.o)
rcc_osc_off                                       /home/lubuntu/Documents/libOpenCM3/libopencm3/lib/libopencm3_stm32l4.a(rcc.o)
rcc_osc_on                                        /home/lubuntu/Documents/libOpenCM3/libopencm3/lib/libopencm3_stm32l4.a(rcc.o)
                                                  build/m1b.o
rcc_osc_ready_int_clear                           /home/lubuntu/Documents/libOpenCM3/libopencm3/lib/libopencm3_stm32l4.a(rcc.o)
rcc_osc_ready_int_disable                         /home/lubuntu/Documents/libOpenCM3/libopencm3/lib/libopencm3_stm32l4.a(rcc.o)
rcc_osc_ready_int_enable                          /home/lubuntu/Documents/libOpenCM3/libopencm3/lib/libopencm3_stm32l4.a(rcc.o)
rcc_osc_ready_int_flag                            /home/lubuntu/Documents/libOpenCM3/libopencm3/lib/libopencm3_stm32l4.a(rcc.o)
rcc_periph_clock_disable                          /home/lubuntu/Documents/libOpenCM3/libopencm3/lib/libopencm3_stm32l4.a(rcc_common_all.o)
rcc_periph_clock_enable                           /home/lubuntu/Documents/libOpenCM3/libopencm3/lib/libopencm3_stm32l4.a(rcc_common_all.o)
                                                  build/m1b.o
rcc_periph_reset_hold                             /home/lubuntu/Documents/libOpenCM3/libopencm3/lib/libopencm3_stm32l4.a(rcc_common_all.o)
rcc_periph_reset_pulse                            /home/lubuntu/Documents/libOpenCM3/libopencm3/lib/libopencm3_stm32l4.a(rcc_common_all.o)
rcc_periph_reset_release                          /home/lubuntu/Documents/libOpenCM3/libopencm3/lib/libopencm3_stm32l4.a(rcc_common_all.o)
rcc_peripheral_clear_reset                        /home/lubuntu/Documents/libOpenCM3/libopencm3/lib/libopencm3_stm32l4.a(rcc_common_all.o)
rcc_peripheral_disable_clock                      /home/lubuntu/Documents/libOpenCM3/libopencm3/lib/libopencm3_stm32l4.a(rcc_common_all.o)
rcc_peripheral_enable_clock                       /home/lubuntu/Documents/libOpenCM3/libopencm3/lib/libopencm3_stm32l4.a(rcc_common_all.o)
rcc_peripheral_reset                              /home/lubuntu/Documents/libOpenCM3/libopencm3/lib/libopencm3_stm32l4.a(rcc_common_all.o)
rcc_pll_output_enable                             /home/lubuntu/Documents/libOpenCM3/libopencm3/lib/libopencm3_stm32l4.a(rcc.o)
rcc_set_clock48_source                            /home/lubuntu/Documents/libOpenCM3/libopencm3/lib/libopencm3_stm32l4.a(rcc.o)
rcc_set_hpre                                      /home/lubuntu/Documents/libOpenCM3/libopencm3/lib/libopencm3_stm32l4.a(rcc.o)
rcc_set_main_pll                                  /home/lubuntu/Documents/libOpenCM3/libopencm3/lib/libopencm3_stm32l4.a(rcc.o)
                                                  build/m1b.o
rcc_set_mco                                       /home/lubuntu/Documents/libOpenCM3/libopencm3/lib/libopencm3_stm32l4.a(rcc_common_all.o)
rcc_set_msi_range                                 /home/lubuntu/Documents/libOpenCM3/libopencm3/lib/libopencm3_stm32l4.a(rcc.o)
rcc_set_msi_range_standby                         /home/lubuntu/Documents/libOpenCM3/libopencm3/lib/libopencm3_stm32l4.a(rcc.o)
rcc_set_pll_source                                /home/lubuntu/Documents/libOpenCM3/libopencm3/lib/libopencm3_stm32l4.a(rcc.o)
rcc_set_ppre1                                     /home/lubuntu/Documents/libOpenCM3/libopencm3/lib/libopencm3_stm32l4.a(rcc.o)
rcc_set_ppre2                                     /home/lubuntu/Documents/libOpenCM3/libopencm3/lib/libopencm3_stm32l4.a(rcc.o)
rcc_set_rtc_clock_source                          /home/lubuntu/Documents/libOpenCM3/libopencm3/lib/libopencm3_stm32l4.a(rcc.o)
rcc_set_sysclk_source                             /home/lubuntu/Documents/libOpenCM3/libopencm3/lib/libopencm3_stm32l4.a(rcc.o)
                                                  build/m1b.o
rcc_system_clock_source                           /home/lubuntu/Documents/libOpenCM3/libopencm3/lib/libopencm3_stm32l4.a(rcc.o)
rcc_wait_for_osc_ready                            /home/lubuntu/Documents/libOpenCM3/libopencm3/lib/libopencm3_stm32l4.a(rcc.o)
rcc_wait_for_sysclk_status                        /home/lubuntu/Documents/libOpenCM3/libopencm3/lib/libopencm3_stm32l4.a(rcc.o)
                                                  build/m1b.o
reset_handler                                     /home/lubuntu/Documents/libOpenCM3/libopencm3/lib/libopencm3_stm32l4.a(vector.o)
rng_isr                                           /home/lubuntu/Documents/libOpenCM3/libopencm3/lib/libopencm3_stm32l4.a(vector.o)
rtc_alarm_isr                                     /home/lubuntu/Documents/libOpenCM3/libopencm3/lib/libopencm3_stm32l4.a(vector.o)
rtc_wkup_isr                                      /home/lubuntu/Documents/libOpenCM3/libopencm3/lib/libopencm3_stm32l4.a(vector.o)
sai1_isr                                          /home/lubuntu/Documents/libOpenCM3/libopencm3/lib/libopencm3_stm32l4.a(vector.o)
sai2_isr                                          /home/lubuntu/Documents/libOpenCM3/libopencm3/lib/libopencm3_stm32l4.a(vector.o)
sdmmc1_isr                                        /home/lubuntu/Documents/libOpenCM3/libopencm3/lib/libopencm3_stm32l4.a(vector.o)
spi1_isr                                          /home/lubuntu/Documents/libOpenCM3/libopencm3/lib/libopencm3_stm32l4.a(vector.o)
spi2_isr                                          /home/lubuntu/Documents/libOpenCM3/libopencm3/lib/libopencm3_stm32l4.a(vector.o)
spi3_isr                                          /home/lubuntu/Documents/libOpenCM3/libopencm3/lib/libopencm3_stm32l4.a(vector.o)
sv_call_handler                                   /home/lubuntu/Documents/libOpenCM3/libopencm3/lib/libopencm3_stm32l4.a(vector.o)
swpmi1_isr                                        /home/lubuntu/Documents/libOpenCM3/libopencm3/lib/libopencm3_stm32l4.a(vector.o)
sys_tick_handler                                  /home/lubuntu/Documents/libOpenCM3/libopencm3/lib/libopencm3_stm32l4.a(vector.o)
tamp_stamp_isr                                    /home/lubuntu/Documents/libOpenCM3/libopencm3/lib/libopencm3_stm32l4.a(vector.o)
tim1_brk_tim15_isr                                /home/lubuntu/Documents/libOpenCM3/libopencm3/lib/libopencm3_stm32l4.a(vector.o)
tim1_cc_isr                                       /home/lubuntu/Documents/libOpenCM3/libopencm3/lib/libopencm3_stm32l4.a(vector.o)
tim1_trg_com_tim17_isr                            /home/lubuntu/Documents/libOpenCM3/libopencm3/lib/libopencm3_stm32l4.a(vector.o)
tim1_up_tim16_isr                                 /home/lubuntu/Documents/libOpenCM3/libopencm3/lib/libopencm3_stm32l4.a(vector.o)
tim2_isr                                          /home/lubuntu/Documents/libOpenCM3/libopencm3/lib/libopencm3_stm32l4.a(vector.o)
tim3_isr                                          /home/lubuntu/Documents/libOpenCM3/libopencm3/lib/libopencm3_stm32l4.a(vector.o)
tim4_isr                                          /home/lubuntu/Documents/libOpenCM3/libopencm3/lib/libopencm3_stm32l4.a(vector.o)
tim5_isr                                          /home/lubuntu/Documents/libOpenCM3/libopencm3/lib/libopencm3_stm32l4.a(vector.o)
tim6_dacunder_isr                                 /home/lubuntu/Documents/libOpenCM3/libopencm3/lib/libopencm3_stm32l4.a(vector.o)
tim7_isr                                          /home/lubuntu/Documents/libOpenCM3/libopencm3/lib/libopencm3_stm32l4.a(vector.o)
tim8_brk_isr                                      /home/lubuntu/Documents/libOpenCM3/libopencm3/lib/libopencm3_stm32l4.a(vector.o)
tim8_cc_isr                                       /home/lubuntu/Documents/libOpenCM3/libopencm3/lib/libopencm3_stm32l4.a(vector.o)
tim8_trg_com_isr                                  /home/lubuntu/Documents/libOpenCM3/libopencm3/lib/libopencm3_stm32l4.a(vector.o)
tim8_up_isr                                       /home/lubuntu/Documents/libOpenCM3/libopencm3/lib/libopencm3_stm32l4.a(vector.o)
tsc_isr                                           /home/lubuntu/Documents/libOpenCM3/libopencm3/lib/libopencm3_stm32l4.a(vector.o)
uart4_isr                                         /home/lubuntu/Documents/libOpenCM3/libopencm3/lib/libopencm3_stm32l4.a(vector.o)
uart5_isr                                         /home/lubuntu/Documents/libOpenCM3/libopencm3/lib/libopencm3_stm32l4.a(vector.o)
usage_fault_handler                               /home/lubuntu/Documents/libOpenCM3/libopencm3/lib/libopencm3_stm32l4.a(vector.o)
usart1_isr                                        /home/lubuntu/Documents/libOpenCM3/libopencm3/lib/libopencm3_stm32l4.a(vector.o)
usart2_isr                                        /home/lubuntu/Documents/libOpenCM3/libopencm3/lib/libopencm3_stm32l4.a(vector.o)
usart3_isr                                        /home/lubuntu/Documents/libOpenCM3/libopencm3/lib/libopencm3_stm32l4.a(vector.o)
vector_table                                      /home/lubuntu/Documents/libOpenCM3/libopencm3/lib/libopencm3_stm32l4.a(vector.o)
wwdg_isr                                          /home/lubuntu/Documents/libOpenCM3/libopencm3/lib/libopencm3_stm32l4.a(vector.o)
