Archive member included to satisfy reference by file (symbol)

/home/lubuntu/Documents/libOpenCM3/libopencm3/lib/libopencm3_stm32l4.a(gpio_common_all.o)
                              build/m1a.o (gpio_toggle)
/home/lubuntu/Documents/libOpenCM3/libopencm3/lib/libopencm3_stm32l4.a(gpio_common_f0234.o)
                              build/m1a.o (gpio_mode_setup)
/home/lubuntu/Documents/libOpenCM3/libopencm3/lib/libopencm3_stm32l4.a(rcc_common_all.o)
                              build/m1a.o (rcc_periph_clock_enable)
/home/lubuntu/Documents/libOpenCM3/libopencm3/lib/libopencm3_stm32l4.a(vector.o)
                              (reset_handler)

Discarded input sections

 .text          0x0000000000000000        0x0 build/m1a.o
 .data          0x0000000000000000        0x0 build/m1a.o
 .bss           0x0000000000000000        0x0 build/m1a.o
 .group         0x0000000000000000        0xc /home/lubuntu/Documents/libOpenCM3/libopencm3/lib/libopencm3_stm32l4.a(gpio_common_all.o)
 .group         0x0000000000000000        0xc /home/lubuntu/Documents/libOpenCM3/libopencm3/lib/libopencm3_stm32l4.a(gpio_common_all.o)
 .group         0x0000000000000000        0xc /home/lubuntu/Documents/libOpenCM3/libopencm3/lib/libopencm3_stm32l4.a(gpio_common_all.o)
 .group         0x0000000000000000        0xc /home/lubuntu/Documents/libOpenCM3/libopencm3/lib/libopencm3_stm32l4.a(gpio_common_all.o)
 .group         0x0000000000000000        0xc /home/lubuntu/Documents/libOpenCM3/libopencm3/lib/libopencm3_stm32l4.a(gpio_common_all.o)
 .group         0x0000000000000000        0xc /home/lubuntu/Documents/libOpenCM3/libopencm3/lib/libopencm3_stm32l4.a(gpio_common_all.o)
 .group         0x0000000000000000        0xc /home/lubuntu/Documents/libOpenCM3/libopencm3/lib/libopencm3_stm32l4.a(gpio_common_all.o)
 .group         0x0000000000000000        0xc /home/lubuntu/Documents/libOpenCM3/libopencm3/lib/libopencm3_stm32l4.a(gpio_common_all.o)
 .group         0x0000000000000000        0xc /home/lubuntu/Documents/libOpenCM3/libopencm3/lib/libopencm3_stm32l4.a(gpio_common_all.o)
 .group         0x0000000000000000        0xc /home/lubuntu/Documents/libOpenCM3/libopencm3/lib/libopencm3_stm32l4.a(gpio_common_all.o)
 .group         0x0000000000000000        0xc /home/lubuntu/Documents/libOpenCM3/libopencm3/lib/libopencm3_stm32l4.a(gpio_common_all.o)
 .group         0x0000000000000000        0xc /home/lubuntu/Documents/libOpenCM3/libopencm3/lib/libopencm3_stm32l4.a(gpio_common_all.o)
 .group         0x0000000000000000        0xc /home/lubuntu/Documents/libOpenCM3/libopencm3/lib/libopencm3_stm32l4.a(gpio_common_all.o)
 .group         0x0000000000000000        0xc /home/lubuntu/Documents/libOpenCM3/libopencm3/lib/libopencm3_stm32l4.a(gpio_common_all.o)
 .group         0x0000000000000000        0xc /home/lubuntu/Documents/libOpenCM3/libopencm3/lib/libopencm3_stm32l4.a(gpio_common_all.o)
 .group         0x0000000000000000        0xc /home/lubuntu/Documents/libOpenCM3/libopencm3/lib/libopencm3_stm32l4.a(gpio_common_all.o)
 .text          0x0000000000000000        0x0 /home/lubuntu/Documents/libOpenCM3/libopencm3/lib/libopencm3_stm32l4.a(gpio_common_all.o)
 .data          0x0000000000000000        0x0 /home/lubuntu/Documents/libOpenCM3/libopencm3/lib/libopencm3_stm32l4.a(gpio_common_all.o)
 .bss           0x0000000000000000        0x0 /home/lubuntu/Documents/libOpenCM3/libopencm3/lib/libopencm3_stm32l4.a(gpio_common_all.o)
 .text.gpio_set
                0x0000000000000000        0x4 /home/lubuntu/Documents/libOpenCM3/libopencm3/lib/libopencm3_stm32l4.a(gpio_common_all.o)
 .text.gpio_clear
                0x0000000000000000        0x6 /home/lubuntu/Documents/libOpenCM3/libopencm3/lib/libopencm3_stm32l4.a(gpio_common_all.o)
 .text.gpio_get
                0x0000000000000000        0x6 /home/lubuntu/Documents/libOpenCM3/libopencm3/lib/libopencm3_stm32l4.a(gpio_common_all.o)
 .text.gpio_port_read
                0x0000000000000000        0x6 /home/lubuntu/Documents/libOpenCM3/libopencm3/lib/libopencm3_stm32l4.a(gpio_common_all.o)
 .text.gpio_port_write
                0x0000000000000000        0x4 /home/lubuntu/Documents/libOpenCM3/libopencm3/lib/libopencm3_stm32l4.a(gpio_common_all.o)
 .text.gpio_port_config_lock
                0x0000000000000000       0x10 /home/lubuntu/Documents/libOpenCM3/libopencm3/lib/libopencm3_stm32l4.a(gpio_common_all.o)
 .group         0x0000000000000000        0xc /home/lubuntu/Documents/libOpenCM3/libopencm3/lib/libopencm3_stm32l4.a(gpio_common_f0234.o)
 .group         0x0000000000000000        0xc /home/lubuntu/Documents/libOpenCM3/libopencm3/lib/libopencm3_stm32l4.a(gpio_common_f0234.o)
 .group         0x0000000000000000        0xc /home/lubuntu/Documents/libOpenCM3/libopencm3/lib/libopencm3_stm32l4.a(gpio_common_f0234.o)
 .group         0x0000000000000000        0xc /home/lubuntu/Documents/libOpenCM3/libopencm3/lib/libopencm3_stm32l4.a(gpio_common_f0234.o)
 .group         0x0000000000000000        0xc /home/lubuntu/Documents/libOpenCM3/libopencm3/lib/libopencm3_stm32l4.a(gpio_common_f0234.o)
 .group         0x0000000000000000        0xc /home/lubuntu/Documents/libOpenCM3/libopencm3/lib/libopencm3_stm32l4.a(gpio_common_f0234.o)
 .group         0x0000000000000000        0xc /home/lubuntu/Documents/libOpenCM3/libopencm3/lib/libopencm3_stm32l4.a(gpio_common_f0234.o)
 .group         0x0000000000000000        0xc /home/lubuntu/Documents/libOpenCM3/libopencm3/lib/libopencm3_stm32l4.a(gpio_common_f0234.o)
 .group         0x0000000000000000        0xc /home/lubuntu/Documents/libOpenCM3/libopencm3/lib/libopencm3_stm32l4.a(gpio_common_f0234.o)
 .group         0x0000000000000000        0xc /home/lubuntu/Documents/libOpenCM3/libopencm3/lib/libopencm3_stm32l4.a(gpio_common_f0234.o)
 .group         0x0000000000000000        0xc /home/lubuntu/Documents/libOpenCM3/libopencm3/lib/libopencm3_stm32l4.a(gpio_common_f0234.o)
 .group         0x0000000000000000        0xc /home/lubuntu/Documents/libOpenCM3/libopencm3/lib/libopencm3_stm32l4.a(gpio_common_f0234.o)
 .group         0x0000000000000000        0xc /home/lubuntu/Documents/libOpenCM3/libopencm3/lib/libopencm3_stm32l4.a(gpio_common_f0234.o)
 .group         0x0000000000000000        0xc /home/lubuntu/Documents/libOpenCM3/libopencm3/lib/libopencm3_stm32l4.a(gpio_common_f0234.o)
 .group         0x0000000000000000        0xc /home/lubuntu/Documents/libOpenCM3/libopencm3/lib/libopencm3_stm32l4.a(gpio_common_f0234.o)
 .group         0x0000000000000000        0xc /home/lubuntu/Documents/libOpenCM3/libopencm3/lib/libopencm3_stm32l4.a(gpio_common_f0234.o)
 .text          0x0000000000000000        0x0 /home/lubuntu/Documents/libOpenCM3/libopencm3/lib/libopencm3_stm32l4.a(gpio_common_f0234.o)
 .data          0x0000000000000000        0x0 /home/lubuntu/Documents/libOpenCM3/libopencm3/lib/libopencm3_stm32l4.a(gpio_common_f0234.o)
 .bss           0x0000000000000000        0x0 /home/lubuntu/Documents/libOpenCM3/libopencm3/lib/libopencm3_stm32l4.a(gpio_common_f0234.o)
 .text.gpio_set_output_options
                0x0000000000000000       0x36 /home/lubuntu/Documents/libOpenCM3/libopencm3/lib/libopencm3_stm32l4.a(gpio_common_f0234.o)
 .text.gpio_set_af
                0x0000000000000000       0x58 /home/lubuntu/Documents/libOpenCM3/libopencm3/lib/libopencm3_stm32l4.a(gpio_common_f0234.o)
 .debug_macro   0x0000000000000000      0xa6c /home/lubuntu/Documents/libOpenCM3/libopencm3/lib/libopencm3_stm32l4.a(gpio_common_f0234.o)
 .debug_macro   0x0000000000000000       0x1c /home/lubuntu/Documents/libOpenCM3/libopencm3/lib/libopencm3_stm32l4.a(gpio_common_f0234.o)
 .debug_macro   0x0000000000000000       0x22 /home/lubuntu/Documents/libOpenCM3/libopencm3/lib/libopencm3_stm32l4.a(gpio_common_f0234.o)
 .debug_macro   0x0000000000000000       0x56 /home/lubuntu/Documents/libOpenCM3/libopencm3/lib/libopencm3_stm32l4.a(gpio_common_f0234.o)
 .debug_macro   0x0000000000000000       0x51 /home/lubuntu/Documents/libOpenCM3/libopencm3/lib/libopencm3_stm32l4.a(gpio_common_f0234.o)
 .debug_macro   0x0000000000000000      0x103 /home/lubuntu/Documents/libOpenCM3/libopencm3/lib/libopencm3_stm32l4.a(gpio_common_f0234.o)
 .debug_macro   0x0000000000000000       0x6a /home/lubuntu/Documents/libOpenCM3/libopencm3/lib/libopencm3_stm32l4.a(gpio_common_f0234.o)
 .debug_macro   0x0000000000000000      0x1df /home/lubuntu/Documents/libOpenCM3/libopencm3/lib/libopencm3_stm32l4.a(gpio_common_f0234.o)
 .debug_macro   0x0000000000000000       0x22 /home/lubuntu/Documents/libOpenCM3/libopencm3/lib/libopencm3_stm32l4.a(gpio_common_f0234.o)
 .debug_macro   0x0000000000000000       0xe8 /home/lubuntu/Documents/libOpenCM3/libopencm3/lib/libopencm3_stm32l4.a(gpio_common_f0234.o)
 .debug_macro   0x0000000000000000       0x76 /home/lubuntu/Documents/libOpenCM3/libopencm3/lib/libopencm3_stm32l4.a(gpio_common_f0234.o)
 .debug_macro   0x0000000000000000      0x217 /home/lubuntu/Documents/libOpenCM3/libopencm3/lib/libopencm3_stm32l4.a(gpio_common_f0234.o)
 .debug_macro   0x0000000000000000       0x76 /home/lubuntu/Documents/libOpenCM3/libopencm3/lib/libopencm3_stm32l4.a(gpio_common_f0234.o)
 .debug_macro   0x0000000000000000      0x37e /home/lubuntu/Documents/libOpenCM3/libopencm3/lib/libopencm3_stm32l4.a(gpio_common_f0234.o)
 .debug_macro   0x0000000000000000       0xca /home/lubuntu/Documents/libOpenCM3/libopencm3/lib/libopencm3_stm32l4.a(gpio_common_f0234.o)
 .debug_macro   0x0000000000000000       0x88 /home/lubuntu/Documents/libOpenCM3/libopencm3/lib/libopencm3_stm32l4.a(gpio_common_f0234.o)
 .group         0x0000000000000000        0xc /home/lubuntu/Documents/libOpenCM3/libopencm3/lib/libopencm3_stm32l4.a(rcc_common_all.o)
 .group         0x0000000000000000        0xc /home/lubuntu/Documents/libOpenCM3/libopencm3/lib/libopencm3_stm32l4.a(rcc_common_all.o)
 .group         0x0000000000000000        0xc /home/lubuntu/Documents/libOpenCM3/libopencm3/lib/libopencm3_stm32l4.a(rcc_common_all.o)
 .group         0x0000000000000000        0xc /home/lubuntu/Documents/libOpenCM3/libopencm3/lib/libopencm3_stm32l4.a(rcc_common_all.o)
 .group         0x0000000000000000        0xc /home/lubuntu/Documents/libOpenCM3/libopencm3/lib/libopencm3_stm32l4.a(rcc_common_all.o)
 .group         0x0000000000000000        0xc /home/lubuntu/Documents/libOpenCM3/libopencm3/lib/libopencm3_stm32l4.a(rcc_common_all.o)
 .group         0x0000000000000000        0xc /home/lubuntu/Documents/libOpenCM3/libopencm3/lib/libopencm3_stm32l4.a(rcc_common_all.o)
 .group         0x0000000000000000        0xc /home/lubuntu/Documents/libOpenCM3/libopencm3/lib/libopencm3_stm32l4.a(rcc_common_all.o)
 .group         0x0000000000000000        0xc /home/lubuntu/Documents/libOpenCM3/libopencm3/lib/libopencm3_stm32l4.a(rcc_common_all.o)
 .group         0x0000000000000000        0xc /home/lubuntu/Documents/libOpenCM3/libopencm3/lib/libopencm3_stm32l4.a(rcc_common_all.o)
 .group         0x0000000000000000        0xc /home/lubuntu/Documents/libOpenCM3/libopencm3/lib/libopencm3_stm32l4.a(rcc_common_all.o)
 .group         0x0000000000000000        0xc /home/lubuntu/Documents/libOpenCM3/libopencm3/lib/libopencm3_stm32l4.a(rcc_common_all.o)
 .group         0x0000000000000000        0xc /home/lubuntu/Documents/libOpenCM3/libopencm3/lib/libopencm3_stm32l4.a(rcc_common_all.o)
 .text          0x0000000000000000        0x0 /home/lubuntu/Documents/libOpenCM3/libopencm3/lib/libopencm3_stm32l4.a(rcc_common_all.o)
 .data          0x0000000000000000        0x0 /home/lubuntu/Documents/libOpenCM3/libopencm3/lib/libopencm3_stm32l4.a(rcc_common_all.o)
 .bss           0x0000000000000000        0x0 /home/lubuntu/Documents/libOpenCM3/libopencm3/lib/libopencm3_stm32l4.a(rcc_common_all.o)
 .text.rcc_peripheral_enable_clock
                0x0000000000000000        0x8 /home/lubuntu/Documents/libOpenCM3/libopencm3/lib/libopencm3_stm32l4.a(rcc_common_all.o)
 .text.rcc_peripheral_disable_clock
                0x0000000000000000        0xa /home/lubuntu/Documents/libOpenCM3/libopencm3/lib/libopencm3_stm32l4.a(rcc_common_all.o)
 .text.rcc_peripheral_reset
                0x0000000000000000        0x8 /home/lubuntu/Documents/libOpenCM3/libopencm3/lib/libopencm3_stm32l4.a(rcc_common_all.o)
 .text.rcc_peripheral_clear_reset
                0x0000000000000000        0xa /home/lubuntu/Documents/libOpenCM3/libopencm3/lib/libopencm3_stm32l4.a(rcc_common_all.o)
 .text.rcc_periph_clock_disable
                0x0000000000000000       0x1e /home/lubuntu/Documents/libOpenCM3/libopencm3/lib/libopencm3_stm32l4.a(rcc_common_all.o)
 .text.rcc_periph_reset_pulse
                0x0000000000000000       0x24 /home/lubuntu/Documents/libOpenCM3/libopencm3/lib/libopencm3_stm32l4.a(rcc_common_all.o)
 .text.rcc_periph_reset_hold
                0x0000000000000000        0x4 /home/lubuntu/Documents/libOpenCM3/libopencm3/lib/libopencm3_stm32l4.a(rcc_common_all.o)
 .text.rcc_periph_reset_release
                0x0000000000000000        0x4 /home/lubuntu/Documents/libOpenCM3/libopencm3/lib/libopencm3_stm32l4.a(rcc_common_all.o)
 .text.rcc_set_mco
                0x0000000000000000       0x14 /home/lubuntu/Documents/libOpenCM3/libopencm3/lib/libopencm3_stm32l4.a(rcc_common_all.o)
 .text.rcc_osc_bypass_enable
                0x0000000000000000       0x2c /home/lubuntu/Documents/libOpenCM3/libopencm3/lib/libopencm3_stm32l4.a(rcc_common_all.o)
 .text.rcc_osc_bypass_disable
                0x0000000000000000       0x2c /home/lubuntu/Documents/libOpenCM3/libopencm3/lib/libopencm3_stm32l4.a(rcc_common_all.o)
 .text.rcc_get_div_from_hpre
                0x0000000000000000       0x1c /home/lubuntu/Documents/libOpenCM3/libopencm3/lib/libopencm3_stm32l4.a(rcc_common_all.o)
 .debug_macro   0x0000000000000000      0xa6c /home/lubuntu/Documents/libOpenCM3/libopencm3/lib/libopencm3_stm32l4.a(rcc_common_all.o)
 .debug_macro   0x0000000000000000       0x1c /home/lubuntu/Documents/libOpenCM3/libopencm3/lib/libopencm3_stm32l4.a(rcc_common_all.o)
 .debug_macro   0x0000000000000000       0x22 /home/lubuntu/Documents/libOpenCM3/libopencm3/lib/libopencm3_stm32l4.a(rcc_common_all.o)
 .debug_macro   0x0000000000000000       0x56 /home/lubuntu/Documents/libOpenCM3/libopencm3/lib/libopencm3_stm32l4.a(rcc_common_all.o)
 .debug_macro   0x0000000000000000       0x51 /home/lubuntu/Documents/libOpenCM3/libopencm3/lib/libopencm3_stm32l4.a(rcc_common_all.o)
 .debug_macro   0x0000000000000000      0x103 /home/lubuntu/Documents/libOpenCM3/libopencm3/lib/libopencm3_stm32l4.a(rcc_common_all.o)
 .debug_macro   0x0000000000000000       0x6a /home/lubuntu/Documents/libOpenCM3/libopencm3/lib/libopencm3_stm32l4.a(rcc_common_all.o)
 .debug_macro   0x0000000000000000      0x1df /home/lubuntu/Documents/libOpenCM3/libopencm3/lib/libopencm3_stm32l4.a(rcc_common_all.o)
 .debug_macro   0x0000000000000000       0x22 /home/lubuntu/Documents/libOpenCM3/libopencm3/lib/libopencm3_stm32l4.a(rcc_common_all.o)
 .debug_macro   0x0000000000000000       0xe8 /home/lubuntu/Documents/libOpenCM3/libopencm3/lib/libopencm3_stm32l4.a(rcc_common_all.o)
 .debug_macro   0x0000000000000000       0x76 /home/lubuntu/Documents/libOpenCM3/libopencm3/lib/libopencm3_stm32l4.a(rcc_common_all.o)
 .debug_macro   0x0000000000000000      0x217 /home/lubuntu/Documents/libOpenCM3/libopencm3/lib/libopencm3_stm32l4.a(rcc_common_all.o)
 .group         0x0000000000000000        0xc /home/lubuntu/Documents/libOpenCM3/libopencm3/lib/libopencm3_stm32l4.a(vector.o)
 .group         0x0000000000000000        0xc /home/lubuntu/Documents/libOpenCM3/libopencm3/lib/libopencm3_stm32l4.a(vector.o)
 .group         0x0000000000000000        0xc /home/lubuntu/Documents/libOpenCM3/libopencm3/lib/libopencm3_stm32l4.a(vector.o)
 .group         0x0000000000000000        0xc /home/lubuntu/Documents/libOpenCM3/libopencm3/lib/libopencm3_stm32l4.a(vector.o)
 .group         0x0000000000000000        0xc /home/lubuntu/Documents/libOpenCM3/libopencm3/lib/libopencm3_stm32l4.a(vector.o)
 .group         0x0000000000000000        0xc /home/lubuntu/Documents/libOpenCM3/libopencm3/lib/libopencm3_stm32l4.a(vector.o)
 .group         0x0000000000000000        0xc /home/lubuntu/Documents/libOpenCM3/libopencm3/lib/libopencm3_stm32l4.a(vector.o)
 .group         0x0000000000000000        0xc /home/lubuntu/Documents/libOpenCM3/libopencm3/lib/libopencm3_stm32l4.a(vector.o)
 .group         0x0000000000000000        0xc /home/lubuntu/Documents/libOpenCM3/libopencm3/lib/libopencm3_stm32l4.a(vector.o)
 .group         0x0000000000000000        0xc /home/lubuntu/Documents/libOpenCM3/libopencm3/lib/libopencm3_stm32l4.a(vector.o)
 .group         0x0000000000000000        0xc /home/lubuntu/Documents/libOpenCM3/libopencm3/lib/libopencm3_stm32l4.a(vector.o)
 .group         0x0000000000000000        0xc /home/lubuntu/Documents/libOpenCM3/libopencm3/lib/libopencm3_stm32l4.a(vector.o)
 .group         0x0000000000000000        0xc /home/lubuntu/Documents/libOpenCM3/libopencm3/lib/libopencm3_stm32l4.a(vector.o)
 .group         0x0000000000000000        0xc /home/lubuntu/Documents/libOpenCM3/libopencm3/lib/libopencm3_stm32l4.a(vector.o)
 .text          0x0000000000000000        0x0 /home/lubuntu/Documents/libOpenCM3/libopencm3/lib/libopencm3_stm32l4.a(vector.o)
 .data          0x0000000000000000        0x0 /home/lubuntu/Documents/libOpenCM3/libopencm3/lib/libopencm3_stm32l4.a(vector.o)
 .bss           0x0000000000000000        0x0 /home/lubuntu/Documents/libOpenCM3/libopencm3/lib/libopencm3_stm32l4.a(vector.o)
 .debug_macro   0x0000000000000000      0xa6c /home/lubuntu/Documents/libOpenCM3/libopencm3/lib/libopencm3_stm32l4.a(vector.o)
 .debug_macro   0x0000000000000000       0x76 /home/lubuntu/Documents/libOpenCM3/libopencm3/lib/libopencm3_stm32l4.a(vector.o)
 .debug_macro   0x0000000000000000       0x1c /home/lubuntu/Documents/libOpenCM3/libopencm3/lib/libopencm3_stm32l4.a(vector.o)
 .debug_macro   0x0000000000000000       0x22 /home/lubuntu/Documents/libOpenCM3/libopencm3/lib/libopencm3_stm32l4.a(vector.o)
 .debug_macro   0x0000000000000000       0x56 /home/lubuntu/Documents/libOpenCM3/libopencm3/lib/libopencm3_stm32l4.a(vector.o)
 .debug_macro   0x0000000000000000       0x51 /home/lubuntu/Documents/libOpenCM3/libopencm3/lib/libopencm3_stm32l4.a(vector.o)
 .debug_macro   0x0000000000000000      0x103 /home/lubuntu/Documents/libOpenCM3/libopencm3/lib/libopencm3_stm32l4.a(vector.o)
 .debug_macro   0x0000000000000000       0x6a /home/lubuntu/Documents/libOpenCM3/libopencm3/lib/libopencm3_stm32l4.a(vector.o)
 .debug_macro   0x0000000000000000      0x1df /home/lubuntu/Documents/libOpenCM3/libopencm3/lib/libopencm3_stm32l4.a(vector.o)
 .debug_macro   0x0000000000000000       0x22 /home/lubuntu/Documents/libOpenCM3/libopencm3/lib/libopencm3_stm32l4.a(vector.o)
 .debug_macro   0x0000000000000000       0xe8 /home/lubuntu/Documents/libOpenCM3/libopencm3/lib/libopencm3_stm32l4.a(vector.o)

Memory Configuration

Name             Origin             Length             Attributes
rom              0x0000000008000000 0x000000000003e800 xr
ram              0x0000000020000000 0x0000000000028000 xrw
*default*        0x0000000000000000 0xffffffffffffffff

Linker script and memory map

LOAD build/m1a.o
LOAD /home/lubuntu/Documents/ARMToolchain/gcc-arm-none-eabi-10.3-2021.10/bin/../lib/gcc/arm-none-eabi/10.3.1/../../../../arm-none-eabi/lib/thumb/v7e-m+fp/hard/libc_nano.a
LOAD /home/lubuntu/Documents/ARMToolchain/gcc-arm-none-eabi-10.3-2021.10/bin/../lib/gcc/arm-none-eabi/10.3.1/../../../../arm-none-eabi/lib/thumb/v7e-m+fp/hard/libm.a
LOAD /home/lubuntu/Documents/ARMToolchain/gcc-arm-none-eabi-10.3-2021.10/bin/../lib/gcc/arm-none-eabi/10.3.1/../../../../arm-none-eabi/lib/thumb/v7e-m+fp/hard/libnosys.a
LOAD /home/lubuntu/Documents/libOpenCM3/libopencm3/lib/libopencm3_stm32l4.a
START GROUP
LOAD /home/lubuntu/Documents/ARMToolchain/gcc-arm-none-eabi-10.3-2021.10/bin/../lib/gcc/arm-none-eabi/10.3.1/thumb/v7e-m+fp/hard/libgcc.a
LOAD /home/lubuntu/Documents/ARMToolchain/gcc-arm-none-eabi-10.3-2021.10/bin/../lib/gcc/arm-none-eabi/10.3.1/../../../../arm-none-eabi/lib/thumb/v7e-m+fp/hard/libc_nano.a
END GROUP
START GROUP
LOAD /home/lubuntu/Documents/ARMToolchain/gcc-arm-none-eabi-10.3-2021.10/bin/../lib/gcc/arm-none-eabi/10.3.1/thumb/v7e-m+fp/hard/libgcc.a
LOAD /home/lubuntu/Documents/ARMToolchain/gcc-arm-none-eabi-10.3-2021.10/bin/../lib/gcc/arm-none-eabi/10.3.1/../../../../arm-none-eabi/lib/thumb/v7e-m+fp/hard/libc_nano.a
LOAD /home/lubuntu/Documents/ARMToolchain/gcc-arm-none-eabi-10.3-2021.10/bin/../lib/gcc/arm-none-eabi/10.3.1/../../../../arm-none-eabi/lib/thumb/v7e-m+fp/hard/libnosys.a
END GROUP
START GROUP
LOAD /home/lubuntu/Documents/ARMToolchain/gcc-arm-none-eabi-10.3-2021.10/bin/../lib/gcc/arm-none-eabi/10.3.1/thumb/v7e-m+fp/hard/libgcc.a
LOAD /home/lubuntu/Documents/ARMToolchain/gcc-arm-none-eabi-10.3-2021.10/bin/../lib/gcc/arm-none-eabi/10.3.1/../../../../arm-none-eabi/lib/thumb/v7e-m+fp/hard/libc_nano.a
LOAD /home/lubuntu/Documents/ARMToolchain/gcc-arm-none-eabi-10.3-2021.10/bin/../lib/gcc/arm-none-eabi/10.3.1/../../../../arm-none-eabi/lib/thumb/v7e-m+fp/hard/libnosys.a
END GROUP

.text           0x0000000008000000      0x2fc
 *(.vectors)
 .vectors       0x0000000008000000      0x1ac /home/lubuntu/Documents/libOpenCM3/libopencm3/lib/libopencm3_stm32l4.a(vector.o)
                0x0000000008000000                vector_table
 *(.text*)
 .text.delay_loop
                0x00000000080001ac        0xc build/m1a.o
 .text.main     0x00000000080001b8       0x30 build/m1a.o
                0x00000000080001b8                main
 .text.gpio_toggle
                0x00000000080001e8       0x12 /home/lubuntu/Documents/libOpenCM3/libopencm3/lib/libopencm3_stm32l4.a(gpio_common_all.o)
                0x00000000080001e8                gpio_toggle
 .text.gpio_mode_setup
                0x00000000080001fa       0x40 /home/lubuntu/Documents/libOpenCM3/libopencm3/lib/libopencm3_stm32l4.a(gpio_common_f0234.o)
                0x00000000080001fa                gpio_mode_setup
 .text.rcc_periph_clock_enable
                0x000000000800023a       0x1c /home/lubuntu/Documents/libOpenCM3/libopencm3/lib/libopencm3_stm32l4.a(rcc_common_all.o)
                0x000000000800023a                rcc_periph_clock_enable
 .text.blocking_handler
                0x0000000008000256        0x2 /home/lubuntu/Documents/libOpenCM3/libopencm3/lib/libopencm3_stm32l4.a(vector.o)
                0x0000000008000256                i2c4_ev_isr
                0x0000000008000256                usart3_isr
                0x0000000008000256                swpmi1_isr
                0x0000000008000256                tim7_isr
                0x0000000008000256                dma2d_isr
                0x0000000008000256                rng_isr
                0x0000000008000256                adc1_2_isr
                0x0000000008000256                i2c4_er_isr
                0x0000000008000256                blocking_handler
                0x0000000008000256                tsc_isr
                0x0000000008000256                tim5_isr
                0x0000000008000256                rtc_wkup_isr
                0x0000000008000256                otg_fs_isr
                0x0000000008000256                tim1_up_tim16_isr
                0x0000000008000256                spi1_isr
                0x0000000008000256                i2c3_er_isr
                0x0000000008000256                dma2_channel7_isr
                0x0000000008000256                exti2_isr
                0x0000000008000256                dma1_channel6_isr
                0x0000000008000256                dma1_channel5_isr
                0x0000000008000256                dma2_channel5_isr
                0x0000000008000256                tamp_stamp_isr
                0x0000000008000256                fmc_isr
                0x0000000008000256                can1_rx1_isr
                0x0000000008000256                usart1_isr
                0x0000000008000256                i2c3_ev_isr
                0x0000000008000256                usage_fault_handler
                0x0000000008000256                tim8_trg_com_isr
                0x0000000008000256                can2_rx0_isr
                0x0000000008000256                tim1_trg_com_tim17_isr
                0x0000000008000256                can2_rx1_isr
                0x0000000008000256                can1_sce_isr
                0x0000000008000256                tim1_cc_isr
                0x0000000008000256                can1_tx_isr
                0x0000000008000256                dma1_channel4_isr
                0x0000000008000256                tim8_brk_isr
                0x0000000008000256                dma2_channel4_isr
                0x0000000008000256                lptim1_isr
                0x0000000008000256                lpuart1_isr
                0x0000000008000256                can1_rx0_isr
                0x0000000008000256                rcc_isr
                0x0000000008000256                flash_isr
                0x0000000008000256                uart4_isr
                0x0000000008000256                rtc_alarm_isr
                0x0000000008000256                exti15_10_isr
                0x0000000008000256                hard_fault_handler
                0x0000000008000256                exti1_isr
                0x0000000008000256                i2c1_ev_isr
                0x0000000008000256                dma2_channel1_isr
                0x0000000008000256                dfsdm2_isr
                0x0000000008000256                spi2_isr
                0x0000000008000256                aes_isr
                0x0000000008000256                tim8_up_isr
                0x0000000008000256                tim6_dacunder_isr
                0x0000000008000256                dma2_channel6_isr
                0x0000000008000256                dma2_channel2_isr
                0x0000000008000256                exti3_isr
                0x0000000008000256                adc3_isr
                0x0000000008000256                tim3_isr
                0x0000000008000256                usart2_isr
                0x0000000008000256                sai1_isr
                0x0000000008000256                fpu_isr
                0x0000000008000256                i2c2_er_isr
                0x0000000008000256                i2c2_ev_isr
                0x0000000008000256                uart5_isr
                0x0000000008000256                dma1_channel1_isr
                0x0000000008000256                exti4_isr
                0x0000000008000256                dfsdm3_isr
                0x0000000008000256                comp_isr
                0x0000000008000256                mem_manage_handler
                0x0000000008000256                can2_tx_isr
                0x0000000008000256                lptim2_isr
                0x0000000008000256                lcd_isr
                0x0000000008000256                exti9_5_isr
                0x0000000008000256                dma2_channel3_isr
                0x0000000008000256                dfsdm1_isr
                0x0000000008000256                dma1_channel7_isr
                0x0000000008000256                pvd_pvm_isr
                0x0000000008000256                can2_sce_isr
                0x0000000008000256                tim4_isr
                0x0000000008000256                sai2_isr
                0x0000000008000256                dma1_channel2_isr
                0x0000000008000256                i2c1_er_isr
                0x0000000008000256                tim8_cc_isr
                0x0000000008000256                dcmi_isr
                0x0000000008000256                hash_crs_isr
                0x0000000008000256                bus_fault_handler
                0x0000000008000256                wwdg_isr
                0x0000000008000256                tim1_brk_tim15_isr
                0x0000000008000256                dma1_channel3_isr
                0x0000000008000256                sdmmc1_isr
                0x0000000008000256                spi3_isr
                0x0000000008000256                quadspi_isr
                0x0000000008000256                dfsdm0_isr
                0x0000000008000256                tim2_isr
                0x0000000008000256                exti0_isr
 .text.null_handler
                0x0000000008000258        0x2 /home/lubuntu/Documents/libOpenCM3/libopencm3/lib/libopencm3_stm32l4.a(vector.o)
                0x0000000008000258                null_handler
                0x0000000008000258                sv_call_handler
                0x0000000008000258                pend_sv_handler
                0x0000000008000258                debug_monitor_handler
                0x0000000008000258                sys_tick_handler
                0x0000000008000258                nmi_handler
 *fill*         0x000000000800025a        0x2 
 .text.reset_handler
                0x000000000800025c       0xa0 /home/lubuntu/Documents/libOpenCM3/libopencm3/lib/libopencm3_stm32l4.a(vector.o)
                0x000000000800025c                reset_handler
                0x00000000080002fc                . = ALIGN (0x4)
 *(.rodata*)
                0x00000000080002fc                . = ALIGN (0x4)

.glue_7         0x00000000080002fc        0x0
 .glue_7        0x00000000080002fc        0x0 linker stubs

.glue_7t        0x00000000080002fc        0x0
 .glue_7t       0x00000000080002fc        0x0 linker stubs

.vfp11_veneer   0x00000000080002fc        0x0
 .vfp11_veneer  0x00000000080002fc        0x0 linker stubs

.v4_bx          0x00000000080002fc        0x0
 .v4_bx         0x00000000080002fc        0x0 linker stubs

.iplt           0x00000000080002fc        0x0
 .iplt          0x00000000080002fc        0x0 build/m1a.o

.rel.dyn        0x00000000080002fc        0x0
 .rel.iplt      0x00000000080002fc        0x0 build/m1a.o

.preinit_array  0x00000000080002fc        0x0
                0x00000000080002fc                . = ALIGN (0x4)
                0x00000000080002fc                __preinit_array_start = .
 *(.preinit_array)
                0x00000000080002fc                __preinit_array_end = .

.init_array     0x00000000080002fc        0x0
                0x00000000080002fc                . = ALIGN (0x4)
                0x00000000080002fc                __init_array_start = .
 *(SORT_BY_NAME(.init_array.*))
 *(.init_array)
                0x00000000080002fc                __init_array_end = .

.fini_array     0x00000000080002fc        0x0
                0x00000000080002fc                . = ALIGN (0x4)
                0x00000000080002fc                __fini_array_start = .
 *(.fini_array)
 *(SORT_BY_NAME(.fini_array.*))
                0x00000000080002fc                __fini_array_end = .

.ARM.extab
 *(.ARM.extab*)

.ARM.exidx      0x00000000080002fc        0x0
                0x00000000080002fc                __exidx_start = .
 *(.ARM.exidx*)
                0x00000000080002fc                __exidx_end = .
                0x00000000080002fc                . = ALIGN (0x4)
                0x00000000080002fc                _etext = .

.noinit
 *(.noinit)
                0x00000000080002fc                . = ALIGN (0x4)

.data           0x0000000020000000        0x0 load address 0x00000000080002fc
                0x0000000020000000                _data = .
 *(.data*)
                0x0000000020000000                . = ALIGN (0x4)
 *(.ramfunctions)
                0x0000000020000000                _edata = .
                0x00000000080002fc                _data_loadaddr = LOADADDR (.data)

.igot.plt       0x0000000020000000        0x0 load address 0x00000000080002fc
 .igot.plt      0x0000000020000000        0x0 build/m1a.o

.bss            0x0000000020000000        0x0 load address 0x00000000080002fc
 *(.bss*)
 *(COMMON)
                0x0000000020000000                . = ALIGN (0x4)
                0x0000000020000000                _ebss = .

/DISCARD/
 *(.eh_frame)
                0x0000000020000000                . = ALIGN (0x4)
                0x0000000020000000                end = .
                0x0000000020028000                PROVIDE (_stack = (ORIGIN (ram) + LENGTH (ram)))
OUTPUT(build/m1a.elf elf32-littlearm)
LOAD linker stubs

.debug_info     0x0000000000000000     0x14a5
 .debug_info    0x0000000000000000      0x4d3 build/m1a.o
 .debug_info    0x00000000000004d3      0x266 /home/lubuntu/Documents/libOpenCM3/libopencm3/lib/libopencm3_stm32l4.a(gpio_common_all.o)
 .debug_info    0x0000000000000739      0x233 /home/lubuntu/Documents/libOpenCM3/libopencm3/lib/libopencm3_stm32l4.a(gpio_common_f0234.o)
 .debug_info    0x000000000000096c      0x847 /home/lubuntu/Documents/libOpenCM3/libopencm3/lib/libopencm3_stm32l4.a(rcc_common_all.o)
 .debug_info    0x00000000000011b3      0x2f2 /home/lubuntu/Documents/libOpenCM3/libopencm3/lib/libopencm3_stm32l4.a(vector.o)

.debug_abbrev   0x0000000000000000      0x598
 .debug_abbrev  0x0000000000000000       0xf1 build/m1a.o
 .debug_abbrev  0x00000000000000f1      0x116 /home/lubuntu/Documents/libOpenCM3/libopencm3/lib/libopencm3_stm32l4.a(gpio_common_all.o)
 .debug_abbrev  0x0000000000000207       0xbf /home/lubuntu/Documents/libOpenCM3/libopencm3/lib/libopencm3_stm32l4.a(gpio_common_f0234.o)
 .debug_abbrev  0x00000000000002c6      0x177 /home/lubuntu/Documents/libOpenCM3/libopencm3/lib/libopencm3_stm32l4.a(rcc_common_all.o)
 .debug_abbrev  0x000000000000043d      0x15b /home/lubuntu/Documents/libOpenCM3/libopencm3/lib/libopencm3_stm32l4.a(vector.o)

.debug_loc      0x0000000000000000      0x497
 .debug_loc     0x0000000000000000       0x42 build/m1a.o
 .debug_loc     0x0000000000000042       0xbe /home/lubuntu/Documents/libOpenCM3/libopencm3/lib/libopencm3_stm32l4.a(gpio_common_all.o)
 .debug_loc     0x0000000000000100      0x14f /home/lubuntu/Documents/libOpenCM3/libopencm3/lib/libopencm3_stm32l4.a(gpio_common_f0234.o)
 .debug_loc     0x000000000000024f      0x120 /home/lubuntu/Documents/libOpenCM3/libopencm3/lib/libopencm3_stm32l4.a(rcc_common_all.o)
 .debug_loc     0x000000000000036f      0x128 /home/lubuntu/Documents/libOpenCM3/libopencm3/lib/libopencm3_stm32l4.a(vector.o)

.debug_aranges  0x0000000000000000      0x138
 .debug_aranges
                0x0000000000000000       0x28 build/m1a.o
 .debug_aranges
                0x0000000000000028       0x50 /home/lubuntu/Documents/libOpenCM3/libopencm3/lib/libopencm3_stm32l4.a(gpio_common_all.o)
 .debug_aranges
                0x0000000000000078       0x30 /home/lubuntu/Documents/libOpenCM3/libopencm3/lib/libopencm3_stm32l4.a(gpio_common_f0234.o)
 .debug_aranges
                0x00000000000000a8       0x60 /home/lubuntu/Documents/libOpenCM3/libopencm3/lib/libopencm3_stm32l4.a(rcc_common_all.o)
 .debug_aranges
                0x0000000000000108       0x30 /home/lubuntu/Documents/libOpenCM3/libopencm3/lib/libopencm3_stm32l4.a(vector.o)

.debug_ranges   0x0000000000000000       0xe8
 .debug_ranges  0x0000000000000000       0x18 build/m1a.o
 .debug_ranges  0x0000000000000018       0x40 /home/lubuntu/Documents/libOpenCM3/libopencm3/lib/libopencm3_stm32l4.a(gpio_common_all.o)
 .debug_ranges  0x0000000000000058       0x20 /home/lubuntu/Documents/libOpenCM3/libopencm3/lib/libopencm3_stm32l4.a(gpio_common_f0234.o)
 .debug_ranges  0x0000000000000078       0x50 /home/lubuntu/Documents/libOpenCM3/libopencm3/lib/libopencm3_stm32l4.a(rcc_common_all.o)
 .debug_ranges  0x00000000000000c8       0x20 /home/lubuntu/Documents/libOpenCM3/libopencm3/lib/libopencm3_stm32l4.a(vector.o)

.debug_line     0x0000000000000000     0x1551
 .debug_line    0x0000000000000000      0x243 build/m1a.o
 .debug_line    0x0000000000000243      0x45c /home/lubuntu/Documents/libOpenCM3/libopencm3/lib/libopencm3_stm32l4.a(gpio_common_all.o)
 .debug_line    0x000000000000069f      0x544 /home/lubuntu/Documents/libOpenCM3/libopencm3/lib/libopencm3_stm32l4.a(gpio_common_f0234.o)
 .debug_line    0x0000000000000be3      0x496 /home/lubuntu/Documents/libOpenCM3/libopencm3/lib/libopencm3_stm32l4.a(rcc_common_all.o)
 .debug_line    0x0000000000001079      0x4d8 /home/lubuntu/Documents/libOpenCM3/libopencm3/lib/libopencm3_stm32l4.a(vector.o)

.debug_str      0x0000000000000000     0xd27e
 .debug_str     0x0000000000000000      0x5ba build/m1a.o
                                        0x650 (size before relaxing)
 .debug_str     0x00000000000005ba     0x63d4 /home/lubuntu/Documents/libOpenCM3/libopencm3/lib/libopencm3_stm32l4.a(gpio_common_all.o)
                                       0x6557 (size before relaxing)
 .debug_str     0x000000000000698e       0x94 /home/lubuntu/Documents/libOpenCM3/libopencm3/lib/libopencm3_stm32l4.a(gpio_common_f0234.o)
                                       0x6579 (size before relaxing)
 .debug_str     0x0000000000006a22     0x3bd4 /home/lubuntu/Documents/libOpenCM3/libopencm3/lib/libopencm3_stm32l4.a(rcc_common_all.o)
                                       0x8f6c (size before relaxing)
 .debug_str     0x000000000000a5f6     0x2c88 /home/lubuntu/Documents/libOpenCM3/libopencm3/lib/libopencm3_stm32l4.a(vector.o)
                                       0x6db5 (size before relaxing)

.comment        0x0000000000000000       0x49
 .comment       0x0000000000000000       0x49 build/m1a.o
                                         0x4a (size before relaxing)
 .comment       0x0000000000000049       0x4a /home/lubuntu/Documents/libOpenCM3/libopencm3/lib/libopencm3_stm32l4.a(gpio_common_all.o)
 .comment       0x0000000000000049       0x4a /home/lubuntu/Documents/libOpenCM3/libopencm3/lib/libopencm3_stm32l4.a(gpio_common_f0234.o)
 .comment       0x0000000000000049       0x4a /home/lubuntu/Documents/libOpenCM3/libopencm3/lib/libopencm3_stm32l4.a(rcc_common_all.o)
 .comment       0x0000000000000049       0x4a /home/lubuntu/Documents/libOpenCM3/libopencm3/lib/libopencm3_stm32l4.a(vector.o)

.ARM.attributes
                0x0000000000000000       0x34
 .ARM.attributes
                0x0000000000000000       0x34 build/m1a.o
 .ARM.attributes
                0x0000000000000034       0x34 /home/lubuntu/Documents/libOpenCM3/libopencm3/lib/libopencm3_stm32l4.a(gpio_common_all.o)
 .ARM.attributes
                0x0000000000000068       0x34 /home/lubuntu/Documents/libOpenCM3/libopencm3/lib/libopencm3_stm32l4.a(gpio_common_f0234.o)
 .ARM.attributes
                0x000000000000009c       0x34 /home/lubuntu/Documents/libOpenCM3/libopencm3/lib/libopencm3_stm32l4.a(rcc_common_all.o)
 .ARM.attributes
                0x00000000000000d0       0x34 /home/lubuntu/Documents/libOpenCM3/libopencm3/lib/libopencm3_stm32l4.a(vector.o)

.debug_frame    0x0000000000000000      0x254
 .debug_frame   0x0000000000000000       0x38 build/m1a.o
 .debug_frame   0x0000000000000038       0x80 /home/lubuntu/Documents/libOpenCM3/libopencm3/lib/libopencm3_stm32l4.a(gpio_common_all.o)
 .debug_frame   0x00000000000000b8       0x70 /home/lubuntu/Documents/libOpenCM3/libopencm3/lib/libopencm3_stm32l4.a(gpio_common_f0234.o)
 .debug_frame   0x0000000000000128       0xe0 /home/lubuntu/Documents/libOpenCM3/libopencm3/lib/libopencm3_stm32l4.a(rcc_common_all.o)
 .debug_frame   0x0000000000000208       0x4c /home/lubuntu/Documents/libOpenCM3/libopencm3/lib/libopencm3_stm32l4.a(vector.o)

.debug_macro    0x0000000000000000     0x2eaf
 .debug_macro   0x0000000000000000       0xd6 /home/lubuntu/Documents/libOpenCM3/libopencm3/lib/libopencm3_stm32l4.a(gpio_common_all.o)
 .debug_macro   0x00000000000000d6      0xa6c /home/lubuntu/Documents/libOpenCM3/libopencm3/lib/libopencm3_stm32l4.a(gpio_common_all.o)
 .debug_macro   0x0000000000000b42       0x1c /home/lubuntu/Documents/libOpenCM3/libopencm3/lib/libopencm3_stm32l4.a(gpio_common_all.o)
 .debug_macro   0x0000000000000b5e       0x22 /home/lubuntu/Documents/libOpenCM3/libopencm3/lib/libopencm3_stm32l4.a(gpio_common_all.o)
 .debug_macro   0x0000000000000b80       0x56 /home/lubuntu/Documents/libOpenCM3/libopencm3/lib/libopencm3_stm32l4.a(gpio_common_all.o)
 .debug_macro   0x0000000000000bd6       0x51 /home/lubuntu/Documents/libOpenCM3/libopencm3/lib/libopencm3_stm32l4.a(gpio_common_all.o)
 .debug_macro   0x0000000000000c27      0x103 /home/lubuntu/Documents/libOpenCM3/libopencm3/lib/libopencm3_stm32l4.a(gpio_common_all.o)
 .debug_macro   0x0000000000000d2a       0x6a /home/lubuntu/Documents/libOpenCM3/libopencm3/lib/libopencm3_stm32l4.a(gpio_common_all.o)
 .debug_macro   0x0000000000000d94      0x1df /home/lubuntu/Documents/libOpenCM3/libopencm3/lib/libopencm3_stm32l4.a(gpio_common_all.o)
 .debug_macro   0x0000000000000f73       0x22 /home/lubuntu/Documents/libOpenCM3/libopencm3/lib/libopencm3_stm32l4.a(gpio_common_all.o)
 .debug_macro   0x0000000000000f95       0xe8 /home/lubuntu/Documents/libOpenCM3/libopencm3/lib/libopencm3_stm32l4.a(gpio_common_all.o)
 .debug_macro   0x000000000000107d       0x76 /home/lubuntu/Documents/libOpenCM3/libopencm3/lib/libopencm3_stm32l4.a(gpio_common_all.o)
 .debug_macro   0x00000000000010f3      0x217 /home/lubuntu/Documents/libOpenCM3/libopencm3/lib/libopencm3_stm32l4.a(gpio_common_all.o)
 .debug_macro   0x000000000000130a       0x76 /home/lubuntu/Documents/libOpenCM3/libopencm3/lib/libopencm3_stm32l4.a(gpio_common_all.o)
 .debug_macro   0x0000000000001380      0x37e /home/lubuntu/Documents/libOpenCM3/libopencm3/lib/libopencm3_stm32l4.a(gpio_common_all.o)
 .debug_macro   0x00000000000016fe       0xca /home/lubuntu/Documents/libOpenCM3/libopencm3/lib/libopencm3_stm32l4.a(gpio_common_all.o)
 .debug_macro   0x00000000000017c8       0x88 /home/lubuntu/Documents/libOpenCM3/libopencm3/lib/libopencm3_stm32l4.a(gpio_common_all.o)
 .debug_macro   0x0000000000001850       0xd6 /home/lubuntu/Documents/libOpenCM3/libopencm3/lib/libopencm3_stm32l4.a(gpio_common_f0234.o)
 .debug_macro   0x0000000000001926       0xce /home/lubuntu/Documents/libOpenCM3/libopencm3/lib/libopencm3_stm32l4.a(rcc_common_all.o)
 .debug_macro   0x00000000000019f4      0xcfc /home/lubuntu/Documents/libOpenCM3/libopencm3/lib/libopencm3_stm32l4.a(rcc_common_all.o)
 .debug_macro   0x00000000000026f0       0xd3 /home/lubuntu/Documents/libOpenCM3/libopencm3/lib/libopencm3_stm32l4.a(vector.o)
 .debug_macro   0x00000000000027c3      0x452 /home/lubuntu/Documents/libOpenCM3/libopencm3/lib/libopencm3_stm32l4.a(vector.o)
 .debug_macro   0x0000000000002c15       0x6e /home/lubuntu/Documents/libOpenCM3/libopencm3/lib/libopencm3_stm32l4.a(vector.o)
 .debug_macro   0x0000000000002c83      0x22c /home/lubuntu/Documents/libOpenCM3/libopencm3/lib/libopencm3_stm32l4.a(vector.o)

Cross Reference Table

Symbol                                            File
__fini_array_end                                  /home/lubuntu/Documents/libOpenCM3/libopencm3/lib/libopencm3_stm32l4.a(vector.o)
__fini_array_start                                /home/lubuntu/Documents/libOpenCM3/libopencm3/lib/libopencm3_stm32l4.a(vector.o)
__init_array_end                                  /home/lubuntu/Documents/libOpenCM3/libopencm3/lib/libopencm3_stm32l4.a(vector.o)
__init_array_start                                /home/lubuntu/Documents/libOpenCM3/libopencm3/lib/libopencm3_stm32l4.a(vector.o)
__preinit_array_end                               /home/lubuntu/Documents/libOpenCM3/libopencm3/lib/libopencm3_stm32l4.a(vector.o)
__preinit_array_start                             /home/lubuntu/Documents/libOpenCM3/libopencm3/lib/libopencm3_stm32l4.a(vector.o)
_data                                             /home/lubuntu/Documents/libOpenCM3/libopencm3/lib/libopencm3_stm32l4.a(vector.o)
_data_loadaddr                                    /home/lubuntu/Documents/libOpenCM3/libopencm3/lib/libopencm3_stm32l4.a(vector.o)
_ebss                                             /home/lubuntu/Documents/libOpenCM3/libopencm3/lib/libopencm3_stm32l4.a(vector.o)
_edata                                            /home/lubuntu/Documents/libOpenCM3/libopencm3/lib/libopencm3_stm32l4.a(vector.o)
_stack                                            /home/lubuntu/Documents/libOpenCM3/libopencm3/lib/libopencm3_stm32l4.a(vector.o)
adc1_2_isr                                        /home/lubuntu/Documents/libOpenCM3/libopencm3/lib/libopencm3_stm32l4.a(vector.o)
adc3_isr                                          /home/lubuntu/Documents/libOpenCM3/libopencm3/lib/libopencm3_stm32l4.a(vector.o)
aes_isr                                           /home/lubuntu/Documents/libOpenCM3/libopencm3/lib/libopencm3_stm32l4.a(vector.o)
blocking_handler                                  /home/lubuntu/Documents/libOpenCM3/libopencm3/lib/libopencm3_stm32l4.a(vector.o)
bus_fault_handler                                 /home/lubuntu/Documents/libOpenCM3/libopencm3/lib/libopencm3_stm32l4.a(vector.o)
can1_rx0_isr                                      /home/lubuntu/Documents/libOpenCM3/libopencm3/lib/libopencm3_stm32l4.a(vector.o)
can1_rx1_isr                                      /home/lubuntu/Documents/libOpenCM3/libopencm3/lib/libopencm3_stm32l4.a(vector.o)
can1_sce_isr                                      /home/lubuntu/Documents/libOpenCM3/libopencm3/lib/libopencm3_stm32l4.a(vector.o)
can1_tx_isr                                       /home/lubuntu/Documents/libOpenCM3/libopencm3/lib/libopencm3_stm32l4.a(vector.o)
can2_rx0_isr                                      /home/lubuntu/Documents/libOpenCM3/libopencm3/lib/libopencm3_stm32l4.a(vector.o)
can2_rx1_isr                                      /home/lubuntu/Documents/libOpenCM3/libopencm3/lib/libopencm3_stm32l4.a(vector.o)
can2_sce_isr                                      /home/lubuntu/Documents/libOpenCM3/libopencm3/lib/libopencm3_stm32l4.a(vector.o)
can2_tx_isr                                       /home/lubuntu/Documents/libOpenCM3/libopencm3/lib/libopencm3_stm32l4.a(vector.o)
comp_isr                                          /home/lubuntu/Documents/libOpenCM3/libopencm3/lib/libopencm3_stm32l4.a(vector.o)
dcmi_isr                                          /home/lubuntu/Documents/libOpenCM3/libopencm3/lib/libopencm3_stm32l4.a(vector.o)
debug_monitor_handler                             /home/lubuntu/Documents/libOpenCM3/libopencm3/lib/libopencm3_stm32l4.a(vector.o)
dfsdm0_isr                                        /home/lubuntu/Documents/libOpenCM3/libopencm3/lib/libopencm3_stm32l4.a(vector.o)
dfsdm1_isr                                        /home/lubuntu/Documents/libOpenCM3/libopencm3/lib/libopencm3_stm32l4.a(vector.o)
dfsdm2_isr                                        /home/lubuntu/Documents/libOpenCM3/libopencm3/lib/libopencm3_stm32l4.a(vector.o)
dfsdm3_isr                                        /home/lubuntu/Documents/libOpenCM3/libopencm3/lib/libopencm3_stm32l4.a(vector.o)
dma1_channel1_isr                                 /home/lubuntu/Documents/libOpenCM3/libopencm3/lib/libopencm3_stm32l4.a(vector.o)
dma1_channel2_isr                                 /home/lubuntu/Documents/libOpenCM3/libopencm3/lib/libopencm3_stm32l4.a(vector.o)
dma1_channel3_isr                                 /home/lubuntu/Documents/libOpenCM3/libopencm3/lib/libopencm3_stm32l4.a(vector.o)
dma1_channel4_isr                                 /home/lubuntu/Documents/libOpenCM3/libopencm3/lib/libopencm3_stm32l4.a(vector.o)
dma1_channel5_isr                                 /home/lubuntu/Documents/libOpenCM3/libopencm3/lib/libopencm3_stm32l4.a(vector.o)
dma1_channel6_isr                                 /home/lubuntu/Documents/libOpenCM3/libopencm3/lib/libopencm3_stm32l4.a(vector.o)
dma1_channel7_isr                                 /home/lubuntu/Documents/libOpenCM3/libopencm3/lib/libopencm3_stm32l4.a(vector.o)
dma2_channel1_isr                                 /home/lubuntu/Documents/libOpenCM3/libopencm3/lib/libopencm3_stm32l4.a(vector.o)
dma2_channel2_isr                                 /home/lubuntu/Documents/libOpenCM3/libopencm3/lib/libopencm3_stm32l4.a(vector.o)
dma2_channel3_isr                                 /home/lubuntu/Documents/libOpenCM3/libopencm3/lib/libopencm3_stm32l4.a(vector.o)
dma2_channel4_isr                                 /home/lubuntu/Documents/libOpenCM3/libopencm3/lib/libopencm3_stm32l4.a(vector.o)
dma2_channel5_isr                                 /home/lubuntu/Documents/libOpenCM3/libopencm3/lib/libopencm3_stm32l4.a(vector.o)
dma2_channel6_isr                                 /home/lubuntu/Documents/libOpenCM3/libopencm3/lib/libopencm3_stm32l4.a(vector.o)
dma2_channel7_isr                                 /home/lubuntu/Documents/libOpenCM3/libopencm3/lib/libopencm3_stm32l4.a(vector.o)
dma2d_isr                                         /home/lubuntu/Documents/libOpenCM3/libopencm3/lib/libopencm3_stm32l4.a(vector.o)
exti0_isr                                         /home/lubuntu/Documents/libOpenCM3/libopencm3/lib/libopencm3_stm32l4.a(vector.o)
exti15_10_isr                                     /home/lubuntu/Documents/libOpenCM3/libopencm3/lib/libopencm3_stm32l4.a(vector.o)
exti1_isr                                         /home/lubuntu/Documents/libOpenCM3/libopencm3/lib/libopencm3_stm32l4.a(vector.o)
exti2_isr                                         /home/lubuntu/Documents/libOpenCM3/libopencm3/lib/libopencm3_stm32l4.a(vector.o)
exti3_isr                                         /home/lubuntu/Documents/libOpenCM3/libopencm3/lib/libopencm3_stm32l4.a(vector.o)
exti4_isr                                         /home/lubuntu/Documents/libOpenCM3/libopencm3/lib/libopencm3_stm32l4.a(vector.o)
exti9_5_isr                                       /home/lubuntu/Documents/libOpenCM3/libopencm3/lib/libopencm3_stm32l4.a(vector.o)
flash_isr                                         /home/lubuntu/Documents/libOpenCM3/libopencm3/lib/libopencm3_stm32l4.a(vector.o)
fmc_isr                                           /home/lubuntu/Documents/libOpenCM3/libopencm3/lib/libopencm3_stm32l4.a(vector.o)
fpu_isr                                           /home/lubuntu/Documents/libOpenCM3/libopencm3/lib/libopencm3_stm32l4.a(vector.o)
gpio_clear                                        /home/lubuntu/Documents/libOpenCM3/libopencm3/lib/libopencm3_stm32l4.a(gpio_common_all.o)
gpio_get                                          /home/lubuntu/Documents/libOpenCM3/libopencm3/lib/libopencm3_stm32l4.a(gpio_common_all.o)
gpio_mode_setup                                   /home/lubuntu/Documents/libOpenCM3/libopencm3/lib/libopencm3_stm32l4.a(gpio_common_f0234.o)
                                                  build/m1a.o
gpio_port_config_lock                             /home/lubuntu/Documents/libOpenCM3/libopencm3/lib/libopencm3_stm32l4.a(gpio_common_all.o)
gpio_port_read                                    /home/lubuntu/Documents/libOpenCM3/libopencm3/lib/libopencm3_stm32l4.a(gpio_common_all.o)
gpio_port_write                                   /home/lubuntu/Documents/libOpenCM3/libopencm3/lib/libopencm3_stm32l4.a(gpio_common_all.o)
gpio_set                                          /home/lubuntu/Documents/libOpenCM3/libopencm3/lib/libopencm3_stm32l4.a(gpio_common_all.o)
gpio_set_af                                       /home/lubuntu/Documents/libOpenCM3/libopencm3/lib/libopencm3_stm32l4.a(gpio_common_f0234.o)
gpio_set_output_options                           /home/lubuntu/Documents/libOpenCM3/libopencm3/lib/libopencm3_stm32l4.a(gpio_common_f0234.o)
gpio_toggle                                       /home/lubuntu/Documents/libOpenCM3/libopencm3/lib/libopencm3_stm32l4.a(gpio_common_all.o)
                                                  build/m1a.o
hard_fault_handler                                /home/lubuntu/Documents/libOpenCM3/libopencm3/lib/libopencm3_stm32l4.a(vector.o)
hash_crs_isr                                      /home/lubuntu/Documents/libOpenCM3/libopencm3/lib/libopencm3_stm32l4.a(vector.o)
i2c1_er_isr                                       /home/lubuntu/Documents/libOpenCM3/libopencm3/lib/libopencm3_stm32l4.a(vector.o)
i2c1_ev_isr                                       /home/lubuntu/Documents/libOpenCM3/libopencm3/lib/libopencm3_stm32l4.a(vector.o)
i2c2_er_isr                                       /home/lubuntu/Documents/libOpenCM3/libopencm3/lib/libopencm3_stm32l4.a(vector.o)
i2c2_ev_isr                                       /home/lubuntu/Documents/libOpenCM3/libopencm3/lib/libopencm3_stm32l4.a(vector.o)
i2c3_er_isr                                       /home/lubuntu/Documents/libOpenCM3/libopencm3/lib/libopencm3_stm32l4.a(vector.o)
i2c3_ev_isr                                       /home/lubuntu/Documents/libOpenCM3/libopencm3/lib/libopencm3_stm32l4.a(vector.o)
i2c4_er_isr                                       /home/lubuntu/Documents/libOpenCM3/libopencm3/lib/libopencm3_stm32l4.a(vector.o)
i2c4_ev_isr                                       /home/lubuntu/Documents/libOpenCM3/libopencm3/lib/libopencm3_stm32l4.a(vector.o)
lcd_isr                                           /home/lubuntu/Documents/libOpenCM3/libopencm3/lib/libopencm3_stm32l4.a(vector.o)
lptim1_isr                                        /home/lubuntu/Documents/libOpenCM3/libopencm3/lib/libopencm3_stm32l4.a(vector.o)
lptim2_isr                                        /home/lubuntu/Documents/libOpenCM3/libopencm3/lib/libopencm3_stm32l4.a(vector.o)
lpuart1_isr                                       /home/lubuntu/Documents/libOpenCM3/libopencm3/lib/libopencm3_stm32l4.a(vector.o)
main                                              build/m1a.o
                                                  /home/lubuntu/Documents/libOpenCM3/libopencm3/lib/libopencm3_stm32l4.a(vector.o)
mem_manage_handler                                /home/lubuntu/Documents/libOpenCM3/libopencm3/lib/libopencm3_stm32l4.a(vector.o)
nmi_handler                                       /home/lubuntu/Documents/libOpenCM3/libopencm3/lib/libopencm3_stm32l4.a(vector.o)
null_handler                                      /home/lubuntu/Documents/libOpenCM3/libopencm3/lib/libopencm3_stm32l4.a(vector.o)
otg_fs_isr                                        /home/lubuntu/Documents/libOpenCM3/libopencm3/lib/libopencm3_stm32l4.a(vector.o)
pend_sv_handler                                   /home/lubuntu/Documents/libOpenCM3/libopencm3/lib/libopencm3_stm32l4.a(vector.o)
pvd_pvm_isr                                       /home/lubuntu/Documents/libOpenCM3/libopencm3/lib/libopencm3_stm32l4.a(vector.o)
quadspi_isr                                       /home/lubuntu/Documents/libOpenCM3/libopencm3/lib/libopencm3_stm32l4.a(vector.o)
rcc_get_div_from_hpre                             /home/lubuntu/Documents/libOpenCM3/libopencm3/lib/libopencm3_stm32l4.a(rcc_common_all.o)
rcc_isr                                           /home/lubuntu/Documents/libOpenCM3/libopencm3/lib/libopencm3_stm32l4.a(vector.o)
rcc_osc_bypass_disable                            /home/lubuntu/Documents/libOpenCM3/libopencm3/lib/libopencm3_stm32l4.a(rcc_common_all.o)
rcc_osc_bypass_enable                             /home/lubuntu/Documents/libOpenCM3/libopencm3/lib/libopencm3_stm32l4.a(rcc_common_all.o)
rcc_periph_clock_disable                          /home/lubuntu/Documents/libOpenCM3/libopencm3/lib/libopencm3_stm32l4.a(rcc_common_all.o)
rcc_periph_clock_enable                           /home/lubuntu/Documents/libOpenCM3/libopencm3/lib/libopencm3_stm32l4.a(rcc_common_all.o)
                                                  build/m1a.o
rcc_periph_reset_hold                             /home/lubuntu/Documents/libOpenCM3/libopencm3/lib/libopencm3_stm32l4.a(rcc_common_all.o)
rcc_periph_reset_pulse                            /home/lubuntu/Documents/libOpenCM3/libopencm3/lib/libopencm3_stm32l4.a(rcc_common_all.o)
rcc_periph_reset_release                          /home/lubuntu/Documents/libOpenCM3/libopencm3/lib/libopencm3_stm32l4.a(rcc_common_all.o)
rcc_peripheral_clear_reset                        /home/lubuntu/Documents/libOpenCM3/libopencm3/lib/libopencm3_stm32l4.a(rcc_common_all.o)
rcc_peripheral_disable_clock                      /home/lubuntu/Documents/libOpenCM3/libopencm3/lib/libopencm3_stm32l4.a(rcc_common_all.o)
rcc_peripheral_enable_clock                       /home/lubuntu/Documents/libOpenCM3/libopencm3/lib/libopencm3_stm32l4.a(rcc_common_all.o)
rcc_peripheral_reset                              /home/lubuntu/Documents/libOpenCM3/libopencm3/lib/libopencm3_stm32l4.a(rcc_common_all.o)
rcc_set_mco                                       /home/lubuntu/Documents/libOpenCM3/libopencm3/lib/libopencm3_stm32l4.a(rcc_common_all.o)
reset_handler                                     /home/lubuntu/Documents/libOpenCM3/libopencm3/lib/libopencm3_stm32l4.a(vector.o)
rng_isr                                           /home/lubuntu/Documents/libOpenCM3/libopencm3/lib/libopencm3_stm32l4.a(vector.o)
rtc_alarm_isr                                     /home/lubuntu/Documents/libOpenCM3/libopencm3/lib/libopencm3_stm32l4.a(vector.o)
rtc_wkup_isr                                      /home/lubuntu/Documents/libOpenCM3/libopencm3/lib/libopencm3_stm32l4.a(vector.o)
sai1_isr                                          /home/lubuntu/Documents/libOpenCM3/libopencm3/lib/libopencm3_stm32l4.a(vector.o)
sai2_isr                                          /home/lubuntu/Documents/libOpenCM3/libopencm3/lib/libopencm3_stm32l4.a(vector.o)
sdmmc1_isr                                        /home/lubuntu/Documents/libOpenCM3/libopencm3/lib/libopencm3_stm32l4.a(vector.o)
spi1_isr                                          /home/lubuntu/Documents/libOpenCM3/libopencm3/lib/libopencm3_stm32l4.a(vector.o)
spi2_isr                                          /home/lubuntu/Documents/libOpenCM3/libopencm3/lib/libopencm3_stm32l4.a(vector.o)
spi3_isr                                          /home/lubuntu/Documents/libOpenCM3/libopencm3/lib/libopencm3_stm32l4.a(vector.o)
sv_call_handler                                   /home/lubuntu/Documents/libOpenCM3/libopencm3/lib/libopencm3_stm32l4.a(vector.o)
swpmi1_isr                                        /home/lubuntu/Documents/libOpenCM3/libopencm3/lib/libopencm3_stm32l4.a(vector.o)
sys_tick_handler                                  /home/lubuntu/Documents/libOpenCM3/libopencm3/lib/libopencm3_stm32l4.a(vector.o)
tamp_stamp_isr                                    /home/lubuntu/Documents/libOpenCM3/libopencm3/lib/libopencm3_stm32l4.a(vector.o)
tim1_brk_tim15_isr                                /home/lubuntu/Documents/libOpenCM3/libopencm3/lib/libopencm3_stm32l4.a(vector.o)
tim1_cc_isr                                       /home/lubuntu/Documents/libOpenCM3/libopencm3/lib/libopencm3_stm32l4.a(vector.o)
tim1_trg_com_tim17_isr                            /home/lubuntu/Documents/libOpenCM3/libopencm3/lib/libopencm3_stm32l4.a(vector.o)
tim1_up_tim16_isr                                 /home/lubuntu/Documents/libOpenCM3/libopencm3/lib/libopencm3_stm32l4.a(vector.o)
tim2_isr                                          /home/lubuntu/Documents/libOpenCM3/libopencm3/lib/libopencm3_stm32l4.a(vector.o)
tim3_isr                                          /home/lubuntu/Documents/libOpenCM3/libopencm3/lib/libopencm3_stm32l4.a(vector.o)
tim4_isr                                          /home/lubuntu/Documents/libOpenCM3/libopencm3/lib/libopencm3_stm32l4.a(vector.o)
tim5_isr                                          /home/lubuntu/Documents/libOpenCM3/libopencm3/lib/libopencm3_stm32l4.a(vector.o)
tim6_dacunder_isr                                 /home/lubuntu/Documents/libOpenCM3/libopencm3/lib/libopencm3_stm32l4.a(vector.o)
tim7_isr                                          /home/lubuntu/Documents/libOpenCM3/libopencm3/lib/libopencm3_stm32l4.a(vector.o)
tim8_brk_isr                                      /home/lubuntu/Documents/libOpenCM3/libopencm3/lib/libopencm3_stm32l4.a(vector.o)
tim8_cc_isr                                       /home/lubuntu/Documents/libOpenCM3/libopencm3/lib/libopencm3_stm32l4.a(vector.o)
tim8_trg_com_isr                                  /home/lubuntu/Documents/libOpenCM3/libopencm3/lib/libopencm3_stm32l4.a(vector.o)
tim8_up_isr                                       /home/lubuntu/Documents/libOpenCM3/libopencm3/lib/libopencm3_stm32l4.a(vector.o)
tsc_isr                                           /home/lubuntu/Documents/libOpenCM3/libopencm3/lib/libopencm3_stm32l4.a(vector.o)
uart4_isr                                         /home/lubuntu/Documents/libOpenCM3/libopencm3/lib/libopencm3_stm32l4.a(vector.o)
uart5_isr                                         /home/lubuntu/Documents/libOpenCM3/libopencm3/lib/libopencm3_stm32l4.a(vector.o)
usage_fault_handler                               /home/lubuntu/Documents/libOpenCM3/libopencm3/lib/libopencm3_stm32l4.a(vector.o)
usart1_isr                                        /home/lubuntu/Documents/libOpenCM3/libopencm3/lib/libopencm3_stm32l4.a(vector.o)
usart2_isr                                        /home/lubuntu/Documents/libOpenCM3/libopencm3/lib/libopencm3_stm32l4.a(vector.o)
usart3_isr                                        /home/lubuntu/Documents/libOpenCM3/libopencm3/lib/libopencm3_stm32l4.a(vector.o)
vector_table                                      /home/lubuntu/Documents/libOpenCM3/libopencm3/lib/libopencm3_stm32l4.a(vector.o)
wwdg_isr                                          /home/lubuntu/Documents/libOpenCM3/libopencm3/lib/libopencm3_stm32l4.a(vector.o)
