Archive member included to satisfy reference by file (symbol)

/home/ryan/Documents/Gitlab/embedded-systems-development-milestones/libopencm3/lib/libopencm3_stm32l4.a(gpio_common_all.o)
                              Build/Racolon42_c.o (gpio_toggle)
/home/ryan/Documents/Gitlab/embedded-systems-development-milestones/libopencm3/lib/libopencm3_stm32l4.a(gpio_common_f0234.o)
                              Build/Racolon42_c.o (gpio_mode_setup)
/home/ryan/Documents/Gitlab/embedded-systems-development-milestones/libopencm3/lib/libopencm3_stm32l4.a(rcc.o)
                              Build/Racolon42_c.o (rcc_set_main_pll)
/home/ryan/Documents/Gitlab/embedded-systems-development-milestones/libopencm3/lib/libopencm3_stm32l4.a(rcc_common_all.o)
                              Build/Racolon42_c.o (rcc_periph_clock_enable)
/home/ryan/Documents/Gitlab/embedded-systems-development-milestones/libopencm3/lib/libopencm3_stm32l4.a(vector.o)
                              (reset_handler)
/home/ryan/Documents/Gitlab/embedded-systems-development-milestones/libopencm3/lib/libopencm3_stm32l4.a(assert.o)
                              /home/ryan/Documents/Gitlab/embedded-systems-development-milestones/libopencm3/lib/libopencm3_stm32l4.a(rcc.o) (cm3_assert_failed)

Discarded input sections

 .text          0x0000000000000000        0x0 Build/Racolon42_c.o
 .data          0x0000000000000000        0x0 Build/Racolon42_c.o
 .bss           0x0000000000000000        0x0 Build/Racolon42_c.o
 .group         0x0000000000000000        0xc /home/ryan/Documents/Gitlab/embedded-systems-development-milestones/libopencm3/lib/libopencm3_stm32l4.a(gpio_common_all.o)
 .group         0x0000000000000000        0xc /home/ryan/Documents/Gitlab/embedded-systems-development-milestones/libopencm3/lib/libopencm3_stm32l4.a(gpio_common_all.o)
 .group         0x0000000000000000        0xc /home/ryan/Documents/Gitlab/embedded-systems-development-milestones/libopencm3/lib/libopencm3_stm32l4.a(gpio_common_all.o)
 .group         0x0000000000000000        0xc /home/ryan/Documents/Gitlab/embedded-systems-development-milestones/libopencm3/lib/libopencm3_stm32l4.a(gpio_common_all.o)
 .group         0x0000000000000000        0xc /home/ryan/Documents/Gitlab/embedded-systems-development-milestones/libopencm3/lib/libopencm3_stm32l4.a(gpio_common_all.o)
 .group         0x0000000000000000        0xc /home/ryan/Documents/Gitlab/embedded-systems-development-milestones/libopencm3/lib/libopencm3_stm32l4.a(gpio_common_all.o)
 .group         0x0000000000000000        0xc /home/ryan/Documents/Gitlab/embedded-systems-development-milestones/libopencm3/lib/libopencm3_stm32l4.a(gpio_common_all.o)
 .group         0x0000000000000000        0xc /home/ryan/Documents/Gitlab/embedded-systems-development-milestones/libopencm3/lib/libopencm3_stm32l4.a(gpio_common_all.o)
 .group         0x0000000000000000        0xc /home/ryan/Documents/Gitlab/embedded-systems-development-milestones/libopencm3/lib/libopencm3_stm32l4.a(gpio_common_all.o)
 .group         0x0000000000000000        0xc /home/ryan/Documents/Gitlab/embedded-systems-development-milestones/libopencm3/lib/libopencm3_stm32l4.a(gpio_common_all.o)
 .group         0x0000000000000000        0xc /home/ryan/Documents/Gitlab/embedded-systems-development-milestones/libopencm3/lib/libopencm3_stm32l4.a(gpio_common_all.o)
 .group         0x0000000000000000        0xc /home/ryan/Documents/Gitlab/embedded-systems-development-milestones/libopencm3/lib/libopencm3_stm32l4.a(gpio_common_all.o)
 .group         0x0000000000000000        0xc /home/ryan/Documents/Gitlab/embedded-systems-development-milestones/libopencm3/lib/libopencm3_stm32l4.a(gpio_common_all.o)
 .group         0x0000000000000000        0xc /home/ryan/Documents/Gitlab/embedded-systems-development-milestones/libopencm3/lib/libopencm3_stm32l4.a(gpio_common_all.o)
 .group         0x0000000000000000        0xc /home/ryan/Documents/Gitlab/embedded-systems-development-milestones/libopencm3/lib/libopencm3_stm32l4.a(gpio_common_all.o)
 .group         0x0000000000000000        0xc /home/ryan/Documents/Gitlab/embedded-systems-development-milestones/libopencm3/lib/libopencm3_stm32l4.a(gpio_common_all.o)
 .text          0x0000000000000000        0x0 /home/ryan/Documents/Gitlab/embedded-systems-development-milestones/libopencm3/lib/libopencm3_stm32l4.a(gpio_common_all.o)
 .data          0x0000000000000000        0x0 /home/ryan/Documents/Gitlab/embedded-systems-development-milestones/libopencm3/lib/libopencm3_stm32l4.a(gpio_common_all.o)
 .bss           0x0000000000000000        0x0 /home/ryan/Documents/Gitlab/embedded-systems-development-milestones/libopencm3/lib/libopencm3_stm32l4.a(gpio_common_all.o)
 .text.gpio_set
                0x0000000000000000        0x4 /home/ryan/Documents/Gitlab/embedded-systems-development-milestones/libopencm3/lib/libopencm3_stm32l4.a(gpio_common_all.o)
 .text.gpio_clear
                0x0000000000000000        0x6 /home/ryan/Documents/Gitlab/embedded-systems-development-milestones/libopencm3/lib/libopencm3_stm32l4.a(gpio_common_all.o)
 .text.gpio_get
                0x0000000000000000        0x6 /home/ryan/Documents/Gitlab/embedded-systems-development-milestones/libopencm3/lib/libopencm3_stm32l4.a(gpio_common_all.o)
 .text.gpio_port_read
                0x0000000000000000        0x6 /home/ryan/Documents/Gitlab/embedded-systems-development-milestones/libopencm3/lib/libopencm3_stm32l4.a(gpio_common_all.o)
 .text.gpio_port_write
                0x0000000000000000        0x4 /home/ryan/Documents/Gitlab/embedded-systems-development-milestones/libopencm3/lib/libopencm3_stm32l4.a(gpio_common_all.o)
 .text.gpio_port_config_lock
                0x0000000000000000       0x10 /home/ryan/Documents/Gitlab/embedded-systems-development-milestones/libopencm3/lib/libopencm3_stm32l4.a(gpio_common_all.o)
 .group         0x0000000000000000        0xc /home/ryan/Documents/Gitlab/embedded-systems-development-milestones/libopencm3/lib/libopencm3_stm32l4.a(gpio_common_f0234.o)
 .group         0x0000000000000000        0xc /home/ryan/Documents/Gitlab/embedded-systems-development-milestones/libopencm3/lib/libopencm3_stm32l4.a(gpio_common_f0234.o)
 .group         0x0000000000000000        0xc /home/ryan/Documents/Gitlab/embedded-systems-development-milestones/libopencm3/lib/libopencm3_stm32l4.a(gpio_common_f0234.o)
 .group         0x0000000000000000        0xc /home/ryan/Documents/Gitlab/embedded-systems-development-milestones/libopencm3/lib/libopencm3_stm32l4.a(gpio_common_f0234.o)
 .group         0x0000000000000000        0xc /home/ryan/Documents/Gitlab/embedded-systems-development-milestones/libopencm3/lib/libopencm3_stm32l4.a(gpio_common_f0234.o)
 .group         0x0000000000000000        0xc /home/ryan/Documents/Gitlab/embedded-systems-development-milestones/libopencm3/lib/libopencm3_stm32l4.a(gpio_common_f0234.o)
 .group         0x0000000000000000        0xc /home/ryan/Documents/Gitlab/embedded-systems-development-milestones/libopencm3/lib/libopencm3_stm32l4.a(gpio_common_f0234.o)
 .group         0x0000000000000000        0xc /home/ryan/Documents/Gitlab/embedded-systems-development-milestones/libopencm3/lib/libopencm3_stm32l4.a(gpio_common_f0234.o)
 .group         0x0000000000000000        0xc /home/ryan/Documents/Gitlab/embedded-systems-development-milestones/libopencm3/lib/libopencm3_stm32l4.a(gpio_common_f0234.o)
 .group         0x0000000000000000        0xc /home/ryan/Documents/Gitlab/embedded-systems-development-milestones/libopencm3/lib/libopencm3_stm32l4.a(gpio_common_f0234.o)
 .group         0x0000000000000000        0xc /home/ryan/Documents/Gitlab/embedded-systems-development-milestones/libopencm3/lib/libopencm3_stm32l4.a(gpio_common_f0234.o)
 .group         0x0000000000000000        0xc /home/ryan/Documents/Gitlab/embedded-systems-development-milestones/libopencm3/lib/libopencm3_stm32l4.a(gpio_common_f0234.o)
 .group         0x0000000000000000        0xc /home/ryan/Documents/Gitlab/embedded-systems-development-milestones/libopencm3/lib/libopencm3_stm32l4.a(gpio_common_f0234.o)
 .group         0x0000000000000000        0xc /home/ryan/Documents/Gitlab/embedded-systems-development-milestones/libopencm3/lib/libopencm3_stm32l4.a(gpio_common_f0234.o)
 .group         0x0000000000000000        0xc /home/ryan/Documents/Gitlab/embedded-systems-development-milestones/libopencm3/lib/libopencm3_stm32l4.a(gpio_common_f0234.o)
 .group         0x0000000000000000        0xc /home/ryan/Documents/Gitlab/embedded-systems-development-milestones/libopencm3/lib/libopencm3_stm32l4.a(gpio_common_f0234.o)
 .text          0x0000000000000000        0x0 /home/ryan/Documents/Gitlab/embedded-systems-development-milestones/libopencm3/lib/libopencm3_stm32l4.a(gpio_common_f0234.o)
 .data          0x0000000000000000        0x0 /home/ryan/Documents/Gitlab/embedded-systems-development-milestones/libopencm3/lib/libopencm3_stm32l4.a(gpio_common_f0234.o)
 .bss           0x0000000000000000        0x0 /home/ryan/Documents/Gitlab/embedded-systems-development-milestones/libopencm3/lib/libopencm3_stm32l4.a(gpio_common_f0234.o)
 .text.gpio_set_output_options
                0x0000000000000000       0x36 /home/ryan/Documents/Gitlab/embedded-systems-development-milestones/libopencm3/lib/libopencm3_stm32l4.a(gpio_common_f0234.o)
 .text.gpio_set_af
                0x0000000000000000       0x58 /home/ryan/Documents/Gitlab/embedded-systems-development-milestones/libopencm3/lib/libopencm3_stm32l4.a(gpio_common_f0234.o)
 .debug_macro   0x0000000000000000      0xa6c /home/ryan/Documents/Gitlab/embedded-systems-development-milestones/libopencm3/lib/libopencm3_stm32l4.a(gpio_common_f0234.o)
 .debug_macro   0x0000000000000000       0x1c /home/ryan/Documents/Gitlab/embedded-systems-development-milestones/libopencm3/lib/libopencm3_stm32l4.a(gpio_common_f0234.o)
 .debug_macro   0x0000000000000000       0x22 /home/ryan/Documents/Gitlab/embedded-systems-development-milestones/libopencm3/lib/libopencm3_stm32l4.a(gpio_common_f0234.o)
 .debug_macro   0x0000000000000000       0x56 /home/ryan/Documents/Gitlab/embedded-systems-development-milestones/libopencm3/lib/libopencm3_stm32l4.a(gpio_common_f0234.o)
 .debug_macro   0x0000000000000000       0x51 /home/ryan/Documents/Gitlab/embedded-systems-development-milestones/libopencm3/lib/libopencm3_stm32l4.a(gpio_common_f0234.o)
 .debug_macro   0x0000000000000000      0x103 /home/ryan/Documents/Gitlab/embedded-systems-development-milestones/libopencm3/lib/libopencm3_stm32l4.a(gpio_common_f0234.o)
 .debug_macro   0x0000000000000000       0x6a /home/ryan/Documents/Gitlab/embedded-systems-development-milestones/libopencm3/lib/libopencm3_stm32l4.a(gpio_common_f0234.o)
 .debug_macro   0x0000000000000000      0x1df /home/ryan/Documents/Gitlab/embedded-systems-development-milestones/libopencm3/lib/libopencm3_stm32l4.a(gpio_common_f0234.o)
 .debug_macro   0x0000000000000000       0x22 /home/ryan/Documents/Gitlab/embedded-systems-development-milestones/libopencm3/lib/libopencm3_stm32l4.a(gpio_common_f0234.o)
 .debug_macro   0x0000000000000000       0xe8 /home/ryan/Documents/Gitlab/embedded-systems-development-milestones/libopencm3/lib/libopencm3_stm32l4.a(gpio_common_f0234.o)
 .debug_macro   0x0000000000000000       0x76 /home/ryan/Documents/Gitlab/embedded-systems-development-milestones/libopencm3/lib/libopencm3_stm32l4.a(gpio_common_f0234.o)
 .debug_macro   0x0000000000000000      0x217 /home/ryan/Documents/Gitlab/embedded-systems-development-milestones/libopencm3/lib/libopencm3_stm32l4.a(gpio_common_f0234.o)
 .debug_macro   0x0000000000000000       0x76 /home/ryan/Documents/Gitlab/embedded-systems-development-milestones/libopencm3/lib/libopencm3_stm32l4.a(gpio_common_f0234.o)
 .debug_macro   0x0000000000000000      0x37e /home/ryan/Documents/Gitlab/embedded-systems-development-milestones/libopencm3/lib/libopencm3_stm32l4.a(gpio_common_f0234.o)
 .debug_macro   0x0000000000000000       0xca /home/ryan/Documents/Gitlab/embedded-systems-development-milestones/libopencm3/lib/libopencm3_stm32l4.a(gpio_common_f0234.o)
 .debug_macro   0x0000000000000000       0x88 /home/ryan/Documents/Gitlab/embedded-systems-development-milestones/libopencm3/lib/libopencm3_stm32l4.a(gpio_common_f0234.o)
 .group         0x0000000000000000        0xc /home/ryan/Documents/Gitlab/embedded-systems-development-milestones/libopencm3/lib/libopencm3_stm32l4.a(rcc.o)
 .group         0x0000000000000000        0xc /home/ryan/Documents/Gitlab/embedded-systems-development-milestones/libopencm3/lib/libopencm3_stm32l4.a(rcc.o)
 .group         0x0000000000000000        0xc /home/ryan/Documents/Gitlab/embedded-systems-development-milestones/libopencm3/lib/libopencm3_stm32l4.a(rcc.o)
 .group         0x0000000000000000        0xc /home/ryan/Documents/Gitlab/embedded-systems-development-milestones/libopencm3/lib/libopencm3_stm32l4.a(rcc.o)
 .group         0x0000000000000000        0xc /home/ryan/Documents/Gitlab/embedded-systems-development-milestones/libopencm3/lib/libopencm3_stm32l4.a(rcc.o)
 .group         0x0000000000000000        0xc /home/ryan/Documents/Gitlab/embedded-systems-development-milestones/libopencm3/lib/libopencm3_stm32l4.a(rcc.o)
 .group         0x0000000000000000        0xc /home/ryan/Documents/Gitlab/embedded-systems-development-milestones/libopencm3/lib/libopencm3_stm32l4.a(rcc.o)
 .group         0x0000000000000000        0xc /home/ryan/Documents/Gitlab/embedded-systems-development-milestones/libopencm3/lib/libopencm3_stm32l4.a(rcc.o)
 .group         0x0000000000000000        0xc /home/ryan/Documents/Gitlab/embedded-systems-development-milestones/libopencm3/lib/libopencm3_stm32l4.a(rcc.o)
 .group         0x0000000000000000        0xc /home/ryan/Documents/Gitlab/embedded-systems-development-milestones/libopencm3/lib/libopencm3_stm32l4.a(rcc.o)
 .group         0x0000000000000000        0xc /home/ryan/Documents/Gitlab/embedded-systems-development-milestones/libopencm3/lib/libopencm3_stm32l4.a(rcc.o)
 .group         0x0000000000000000        0xc /home/ryan/Documents/Gitlab/embedded-systems-development-milestones/libopencm3/lib/libopencm3_stm32l4.a(rcc.o)
 .group         0x0000000000000000        0xc /home/ryan/Documents/Gitlab/embedded-systems-development-milestones/libopencm3/lib/libopencm3_stm32l4.a(rcc.o)
 .group         0x0000000000000000        0xc /home/ryan/Documents/Gitlab/embedded-systems-development-milestones/libopencm3/lib/libopencm3_stm32l4.a(rcc.o)
 .text          0x0000000000000000        0x0 /home/ryan/Documents/Gitlab/embedded-systems-development-milestones/libopencm3/lib/libopencm3_stm32l4.a(rcc.o)
 .data          0x0000000000000000        0x0 /home/ryan/Documents/Gitlab/embedded-systems-development-milestones/libopencm3/lib/libopencm3_stm32l4.a(rcc.o)
 .bss           0x0000000000000000        0x0 /home/ryan/Documents/Gitlab/embedded-systems-development-milestones/libopencm3/lib/libopencm3_stm32l4.a(rcc.o)
 .text.rcc_uart_i2c_clksel_freq_hz
                0x0000000000000000       0x44 /home/ryan/Documents/Gitlab/embedded-systems-development-milestones/libopencm3/lib/libopencm3_stm32l4.a(rcc.o)
 .text.rcc_osc_ready_int_clear
                0x0000000000000000       0x5c /home/ryan/Documents/Gitlab/embedded-systems-development-milestones/libopencm3/lib/libopencm3_stm32l4.a(rcc.o)
 .text.rcc_osc_ready_int_enable
                0x0000000000000000       0x5c /home/ryan/Documents/Gitlab/embedded-systems-development-milestones/libopencm3/lib/libopencm3_stm32l4.a(rcc.o)
 .text.rcc_osc_ready_int_disable
                0x0000000000000000       0x5c /home/ryan/Documents/Gitlab/embedded-systems-development-milestones/libopencm3/lib/libopencm3_stm32l4.a(rcc.o)
 .text.rcc_osc_ready_int_flag
                0x0000000000000000       0x60 /home/ryan/Documents/Gitlab/embedded-systems-development-milestones/libopencm3/lib/libopencm3_stm32l4.a(rcc.o)
 .text.rcc_css_int_clear
                0x0000000000000000       0x10 /home/ryan/Documents/Gitlab/embedded-systems-development-milestones/libopencm3/lib/libopencm3_stm32l4.a(rcc.o)
 .text.rcc_css_int_flag
                0x0000000000000000       0x10 /home/ryan/Documents/Gitlab/embedded-systems-development-milestones/libopencm3/lib/libopencm3_stm32l4.a(rcc.o)
 .text.rcc_is_osc_ready
                0x0000000000000000       0x58 /home/ryan/Documents/Gitlab/embedded-systems-development-milestones/libopencm3/lib/libopencm3_stm32l4.a(rcc.o)
 .text.rcc_wait_for_osc_ready
                0x0000000000000000       0x10 /home/ryan/Documents/Gitlab/embedded-systems-development-milestones/libopencm3/lib/libopencm3_stm32l4.a(rcc.o)
 .text.rcc_wait_for_sysclk_status
                0x0000000000000000       0x48 /home/ryan/Documents/Gitlab/embedded-systems-development-milestones/libopencm3/lib/libopencm3_stm32l4.a(rcc.o)
 .text.rcc_osc_on
                0x0000000000000000       0x70 /home/ryan/Documents/Gitlab/embedded-systems-development-milestones/libopencm3/lib/libopencm3_stm32l4.a(rcc.o)
 .text.rcc_osc_off
                0x0000000000000000       0x70 /home/ryan/Documents/Gitlab/embedded-systems-development-milestones/libopencm3/lib/libopencm3_stm32l4.a(rcc.o)
 .text.rcc_css_enable
                0x0000000000000000       0x10 /home/ryan/Documents/Gitlab/embedded-systems-development-milestones/libopencm3/lib/libopencm3_stm32l4.a(rcc.o)
 .text.rcc_css_disable
                0x0000000000000000       0x10 /home/ryan/Documents/Gitlab/embedded-systems-development-milestones/libopencm3/lib/libopencm3_stm32l4.a(rcc.o)
 .text.rcc_set_sysclk_source
                0x0000000000000000       0x14 /home/ryan/Documents/Gitlab/embedded-systems-development-milestones/libopencm3/lib/libopencm3_stm32l4.a(rcc.o)
 .text.rcc_set_pll_source
                0x0000000000000000       0x14 /home/ryan/Documents/Gitlab/embedded-systems-development-milestones/libopencm3/lib/libopencm3_stm32l4.a(rcc.o)
 .text.rcc_set_ppre2
                0x0000000000000000       0x14 /home/ryan/Documents/Gitlab/embedded-systems-development-milestones/libopencm3/lib/libopencm3_stm32l4.a(rcc.o)
 .text.rcc_set_ppre1
                0x0000000000000000       0x14 /home/ryan/Documents/Gitlab/embedded-systems-development-milestones/libopencm3/lib/libopencm3_stm32l4.a(rcc.o)
 .text.rcc_set_hpre
                0x0000000000000000       0x14 /home/ryan/Documents/Gitlab/embedded-systems-development-milestones/libopencm3/lib/libopencm3_stm32l4.a(rcc.o)
 .text.rcc_system_clock_source
                0x0000000000000000       0x10 /home/ryan/Documents/Gitlab/embedded-systems-development-milestones/libopencm3/lib/libopencm3_stm32l4.a(rcc.o)
 .text.rcc_set_msi_range
                0x0000000000000000       0x18 /home/ryan/Documents/Gitlab/embedded-systems-development-milestones/libopencm3/lib/libopencm3_stm32l4.a(rcc.o)
 .text.rcc_set_msi_range_standby
                0x0000000000000000       0x18 /home/ryan/Documents/Gitlab/embedded-systems-development-milestones/libopencm3/lib/libopencm3_stm32l4.a(rcc.o)
 .text.rcc_pll_output_enable
                0x0000000000000000       0x10 /home/ryan/Documents/Gitlab/embedded-systems-development-milestones/libopencm3/lib/libopencm3_stm32l4.a(rcc.o)
 .text.rcc_set_clock48_source
                0x0000000000000000       0x20 /home/ryan/Documents/Gitlab/embedded-systems-development-milestones/libopencm3/lib/libopencm3_stm32l4.a(rcc.o)
 .text.rcc_enable_rtc_clock
                0x0000000000000000       0x14 /home/ryan/Documents/Gitlab/embedded-systems-development-milestones/libopencm3/lib/libopencm3_stm32l4.a(rcc.o)
 .text.rcc_disable_rtc_clock
                0x0000000000000000       0x14 /home/ryan/Documents/Gitlab/embedded-systems-development-milestones/libopencm3/lib/libopencm3_stm32l4.a(rcc.o)
 .text.rcc_set_rtc_clock_source
                0x0000000000000000       0x40 /home/ryan/Documents/Gitlab/embedded-systems-development-milestones/libopencm3/lib/libopencm3_stm32l4.a(rcc.o)
 .text.rcc_get_usart_clk_freq
                0x0000000000000000       0x5c /home/ryan/Documents/Gitlab/embedded-systems-development-milestones/libopencm3/lib/libopencm3_stm32l4.a(rcc.o)
 .text.rcc_get_timer_clk_freq
                0x0000000000000000       0x34 /home/ryan/Documents/Gitlab/embedded-systems-development-milestones/libopencm3/lib/libopencm3_stm32l4.a(rcc.o)
 .text.rcc_get_i2c_clk_freq
                0x0000000000000000       0x2c /home/ryan/Documents/Gitlab/embedded-systems-development-milestones/libopencm3/lib/libopencm3_stm32l4.a(rcc.o)
 .text.rcc_get_spi_clk_freq
                0x0000000000000000       0x1c /home/ryan/Documents/Gitlab/embedded-systems-development-milestones/libopencm3/lib/libopencm3_stm32l4.a(rcc.o)
 .data.rcc_ahb_frequency
                0x0000000000000000        0x4 /home/ryan/Documents/Gitlab/embedded-systems-development-milestones/libopencm3/lib/libopencm3_stm32l4.a(rcc.o)
 .data.rcc_apb1_frequency
                0x0000000000000000        0x4 /home/ryan/Documents/Gitlab/embedded-systems-development-milestones/libopencm3/lib/libopencm3_stm32l4.a(rcc.o)
 .data.rcc_apb2_frequency
                0x0000000000000000        0x4 /home/ryan/Documents/Gitlab/embedded-systems-development-milestones/libopencm3/lib/libopencm3_stm32l4.a(rcc.o)
 .debug_macro   0x0000000000000000      0xa6c /home/ryan/Documents/Gitlab/embedded-systems-development-milestones/libopencm3/lib/libopencm3_stm32l4.a(rcc.o)
 .debug_macro   0x0000000000000000       0x1c /home/ryan/Documents/Gitlab/embedded-systems-development-milestones/libopencm3/lib/libopencm3_stm32l4.a(rcc.o)
 .debug_macro   0x0000000000000000       0x22 /home/ryan/Documents/Gitlab/embedded-systems-development-milestones/libopencm3/lib/libopencm3_stm32l4.a(rcc.o)
 .debug_macro   0x0000000000000000       0x56 /home/ryan/Documents/Gitlab/embedded-systems-development-milestones/libopencm3/lib/libopencm3_stm32l4.a(rcc.o)
 .debug_macro   0x0000000000000000       0x51 /home/ryan/Documents/Gitlab/embedded-systems-development-milestones/libopencm3/lib/libopencm3_stm32l4.a(rcc.o)
 .debug_macro   0x0000000000000000      0x103 /home/ryan/Documents/Gitlab/embedded-systems-development-milestones/libopencm3/lib/libopencm3_stm32l4.a(rcc.o)
 .debug_macro   0x0000000000000000       0x6a /home/ryan/Documents/Gitlab/embedded-systems-development-milestones/libopencm3/lib/libopencm3_stm32l4.a(rcc.o)
 .debug_macro   0x0000000000000000      0x1df /home/ryan/Documents/Gitlab/embedded-systems-development-milestones/libopencm3/lib/libopencm3_stm32l4.a(rcc.o)
 .debug_macro   0x0000000000000000       0x22 /home/ryan/Documents/Gitlab/embedded-systems-development-milestones/libopencm3/lib/libopencm3_stm32l4.a(rcc.o)
 .debug_macro   0x0000000000000000       0xe8 /home/ryan/Documents/Gitlab/embedded-systems-development-milestones/libopencm3/lib/libopencm3_stm32l4.a(rcc.o)
 .debug_macro   0x0000000000000000       0x76 /home/ryan/Documents/Gitlab/embedded-systems-development-milestones/libopencm3/lib/libopencm3_stm32l4.a(rcc.o)
 .debug_macro   0x0000000000000000      0x217 /home/ryan/Documents/Gitlab/embedded-systems-development-milestones/libopencm3/lib/libopencm3_stm32l4.a(rcc.o)
 .group         0x0000000000000000        0xc /home/ryan/Documents/Gitlab/embedded-systems-development-milestones/libopencm3/lib/libopencm3_stm32l4.a(rcc_common_all.o)
 .group         0x0000000000000000        0xc /home/ryan/Documents/Gitlab/embedded-systems-development-milestones/libopencm3/lib/libopencm3_stm32l4.a(rcc_common_all.o)
 .group         0x0000000000000000        0xc /home/ryan/Documents/Gitlab/embedded-systems-development-milestones/libopencm3/lib/libopencm3_stm32l4.a(rcc_common_all.o)
 .group         0x0000000000000000        0xc /home/ryan/Documents/Gitlab/embedded-systems-development-milestones/libopencm3/lib/libopencm3_stm32l4.a(rcc_common_all.o)
 .group         0x0000000000000000        0xc /home/ryan/Documents/Gitlab/embedded-systems-development-milestones/libopencm3/lib/libopencm3_stm32l4.a(rcc_common_all.o)
 .group         0x0000000000000000        0xc /home/ryan/Documents/Gitlab/embedded-systems-development-milestones/libopencm3/lib/libopencm3_stm32l4.a(rcc_common_all.o)
 .group         0x0000000000000000        0xc /home/ryan/Documents/Gitlab/embedded-systems-development-milestones/libopencm3/lib/libopencm3_stm32l4.a(rcc_common_all.o)
 .group         0x0000000000000000        0xc /home/ryan/Documents/Gitlab/embedded-systems-development-milestones/libopencm3/lib/libopencm3_stm32l4.a(rcc_common_all.o)
 .group         0x0000000000000000        0xc /home/ryan/Documents/Gitlab/embedded-systems-development-milestones/libopencm3/lib/libopencm3_stm32l4.a(rcc_common_all.o)
 .group         0x0000000000000000        0xc /home/ryan/Documents/Gitlab/embedded-systems-development-milestones/libopencm3/lib/libopencm3_stm32l4.a(rcc_common_all.o)
 .group         0x0000000000000000        0xc /home/ryan/Documents/Gitlab/embedded-systems-development-milestones/libopencm3/lib/libopencm3_stm32l4.a(rcc_common_all.o)
 .group         0x0000000000000000        0xc /home/ryan/Documents/Gitlab/embedded-systems-development-milestones/libopencm3/lib/libopencm3_stm32l4.a(rcc_common_all.o)
 .group         0x0000000000000000        0xc /home/ryan/Documents/Gitlab/embedded-systems-development-milestones/libopencm3/lib/libopencm3_stm32l4.a(rcc_common_all.o)
 .text          0x0000000000000000        0x0 /home/ryan/Documents/Gitlab/embedded-systems-development-milestones/libopencm3/lib/libopencm3_stm32l4.a(rcc_common_all.o)
 .data          0x0000000000000000        0x0 /home/ryan/Documents/Gitlab/embedded-systems-development-milestones/libopencm3/lib/libopencm3_stm32l4.a(rcc_common_all.o)
 .bss           0x0000000000000000        0x0 /home/ryan/Documents/Gitlab/embedded-systems-development-milestones/libopencm3/lib/libopencm3_stm32l4.a(rcc_common_all.o)
 .text.rcc_peripheral_enable_clock
                0x0000000000000000        0x8 /home/ryan/Documents/Gitlab/embedded-systems-development-milestones/libopencm3/lib/libopencm3_stm32l4.a(rcc_common_all.o)
 .text.rcc_peripheral_disable_clock
                0x0000000000000000        0xa /home/ryan/Documents/Gitlab/embedded-systems-development-milestones/libopencm3/lib/libopencm3_stm32l4.a(rcc_common_all.o)
 .text.rcc_peripheral_reset
                0x0000000000000000        0x8 /home/ryan/Documents/Gitlab/embedded-systems-development-milestones/libopencm3/lib/libopencm3_stm32l4.a(rcc_common_all.o)
 .text.rcc_peripheral_clear_reset
                0x0000000000000000        0xa /home/ryan/Documents/Gitlab/embedded-systems-development-milestones/libopencm3/lib/libopencm3_stm32l4.a(rcc_common_all.o)
 .text.rcc_periph_clock_disable
                0x0000000000000000       0x1e /home/ryan/Documents/Gitlab/embedded-systems-development-milestones/libopencm3/lib/libopencm3_stm32l4.a(rcc_common_all.o)
 .text.rcc_periph_reset_pulse
                0x0000000000000000       0x24 /home/ryan/Documents/Gitlab/embedded-systems-development-milestones/libopencm3/lib/libopencm3_stm32l4.a(rcc_common_all.o)
 .text.rcc_periph_reset_hold
                0x0000000000000000        0x4 /home/ryan/Documents/Gitlab/embedded-systems-development-milestones/libopencm3/lib/libopencm3_stm32l4.a(rcc_common_all.o)
 .text.rcc_periph_reset_release
                0x0000000000000000        0x4 /home/ryan/Documents/Gitlab/embedded-systems-development-milestones/libopencm3/lib/libopencm3_stm32l4.a(rcc_common_all.o)
 .text.rcc_set_mco
                0x0000000000000000       0x14 /home/ryan/Documents/Gitlab/embedded-systems-development-milestones/libopencm3/lib/libopencm3_stm32l4.a(rcc_common_all.o)
 .text.rcc_osc_bypass_enable
                0x0000000000000000       0x2c /home/ryan/Documents/Gitlab/embedded-systems-development-milestones/libopencm3/lib/libopencm3_stm32l4.a(rcc_common_all.o)
 .text.rcc_osc_bypass_disable
                0x0000000000000000       0x2c /home/ryan/Documents/Gitlab/embedded-systems-development-milestones/libopencm3/lib/libopencm3_stm32l4.a(rcc_common_all.o)
 .text.rcc_get_div_from_hpre
                0x0000000000000000       0x1c /home/ryan/Documents/Gitlab/embedded-systems-development-milestones/libopencm3/lib/libopencm3_stm32l4.a(rcc_common_all.o)
 .debug_macro   0x0000000000000000      0xa6c /home/ryan/Documents/Gitlab/embedded-systems-development-milestones/libopencm3/lib/libopencm3_stm32l4.a(rcc_common_all.o)
 .debug_macro   0x0000000000000000       0x1c /home/ryan/Documents/Gitlab/embedded-systems-development-milestones/libopencm3/lib/libopencm3_stm32l4.a(rcc_common_all.o)
 .debug_macro   0x0000000000000000       0x22 /home/ryan/Documents/Gitlab/embedded-systems-development-milestones/libopencm3/lib/libopencm3_stm32l4.a(rcc_common_all.o)
 .debug_macro   0x0000000000000000       0x56 /home/ryan/Documents/Gitlab/embedded-systems-development-milestones/libopencm3/lib/libopencm3_stm32l4.a(rcc_common_all.o)
 .debug_macro   0x0000000000000000       0x51 /home/ryan/Documents/Gitlab/embedded-systems-development-milestones/libopencm3/lib/libopencm3_stm32l4.a(rcc_common_all.o)
 .debug_macro   0x0000000000000000      0x103 /home/ryan/Documents/Gitlab/embedded-systems-development-milestones/libopencm3/lib/libopencm3_stm32l4.a(rcc_common_all.o)
 .debug_macro   0x0000000000000000       0x6a /home/ryan/Documents/Gitlab/embedded-systems-development-milestones/libopencm3/lib/libopencm3_stm32l4.a(rcc_common_all.o)
 .debug_macro   0x0000000000000000      0x1df /home/ryan/Documents/Gitlab/embedded-systems-development-milestones/libopencm3/lib/libopencm3_stm32l4.a(rcc_common_all.o)
 .debug_macro   0x0000000000000000       0x22 /home/ryan/Documents/Gitlab/embedded-systems-development-milestones/libopencm3/lib/libopencm3_stm32l4.a(rcc_common_all.o)
 .debug_macro   0x0000000000000000       0xe8 /home/ryan/Documents/Gitlab/embedded-systems-development-milestones/libopencm3/lib/libopencm3_stm32l4.a(rcc_common_all.o)
 .debug_macro   0x0000000000000000       0x76 /home/ryan/Documents/Gitlab/embedded-systems-development-milestones/libopencm3/lib/libopencm3_stm32l4.a(rcc_common_all.o)
 .debug_macro   0x0000000000000000      0x217 /home/ryan/Documents/Gitlab/embedded-systems-development-milestones/libopencm3/lib/libopencm3_stm32l4.a(rcc_common_all.o)
 .debug_macro   0x0000000000000000      0xcfc /home/ryan/Documents/Gitlab/embedded-systems-development-milestones/libopencm3/lib/libopencm3_stm32l4.a(rcc_common_all.o)
 .group         0x0000000000000000        0xc /home/ryan/Documents/Gitlab/embedded-systems-development-milestones/libopencm3/lib/libopencm3_stm32l4.a(vector.o)
 .group         0x0000000000000000        0xc /home/ryan/Documents/Gitlab/embedded-systems-development-milestones/libopencm3/lib/libopencm3_stm32l4.a(vector.o)
 .group         0x0000000000000000        0xc /home/ryan/Documents/Gitlab/embedded-systems-development-milestones/libopencm3/lib/libopencm3_stm32l4.a(vector.o)
 .group         0x0000000000000000        0xc /home/ryan/Documents/Gitlab/embedded-systems-development-milestones/libopencm3/lib/libopencm3_stm32l4.a(vector.o)
 .group         0x0000000000000000        0xc /home/ryan/Documents/Gitlab/embedded-systems-development-milestones/libopencm3/lib/libopencm3_stm32l4.a(vector.o)
 .group         0x0000000000000000        0xc /home/ryan/Documents/Gitlab/embedded-systems-development-milestones/libopencm3/lib/libopencm3_stm32l4.a(vector.o)
 .group         0x0000000000000000        0xc /home/ryan/Documents/Gitlab/embedded-systems-development-milestones/libopencm3/lib/libopencm3_stm32l4.a(vector.o)
 .group         0x0000000000000000        0xc /home/ryan/Documents/Gitlab/embedded-systems-development-milestones/libopencm3/lib/libopencm3_stm32l4.a(vector.o)
 .group         0x0000000000000000        0xc /home/ryan/Documents/Gitlab/embedded-systems-development-milestones/libopencm3/lib/libopencm3_stm32l4.a(vector.o)
 .group         0x0000000000000000        0xc /home/ryan/Documents/Gitlab/embedded-systems-development-milestones/libopencm3/lib/libopencm3_stm32l4.a(vector.o)
 .group         0x0000000000000000        0xc /home/ryan/Documents/Gitlab/embedded-systems-development-milestones/libopencm3/lib/libopencm3_stm32l4.a(vector.o)
 .group         0x0000000000000000        0xc /home/ryan/Documents/Gitlab/embedded-systems-development-milestones/libopencm3/lib/libopencm3_stm32l4.a(vector.o)
 .group         0x0000000000000000        0xc /home/ryan/Documents/Gitlab/embedded-systems-development-milestones/libopencm3/lib/libopencm3_stm32l4.a(vector.o)
 .group         0x0000000000000000        0xc /home/ryan/Documents/Gitlab/embedded-systems-development-milestones/libopencm3/lib/libopencm3_stm32l4.a(vector.o)
 .text          0x0000000000000000        0x0 /home/ryan/Documents/Gitlab/embedded-systems-development-milestones/libopencm3/lib/libopencm3_stm32l4.a(vector.o)
 .data          0x0000000000000000        0x0 /home/ryan/Documents/Gitlab/embedded-systems-development-milestones/libopencm3/lib/libopencm3_stm32l4.a(vector.o)
 .bss           0x0000000000000000        0x0 /home/ryan/Documents/Gitlab/embedded-systems-development-milestones/libopencm3/lib/libopencm3_stm32l4.a(vector.o)
 .debug_macro   0x0000000000000000      0xa6c /home/ryan/Documents/Gitlab/embedded-systems-development-milestones/libopencm3/lib/libopencm3_stm32l4.a(vector.o)
 .debug_macro   0x0000000000000000       0x76 /home/ryan/Documents/Gitlab/embedded-systems-development-milestones/libopencm3/lib/libopencm3_stm32l4.a(vector.o)
 .debug_macro   0x0000000000000000       0x1c /home/ryan/Documents/Gitlab/embedded-systems-development-milestones/libopencm3/lib/libopencm3_stm32l4.a(vector.o)
 .debug_macro   0x0000000000000000       0x22 /home/ryan/Documents/Gitlab/embedded-systems-development-milestones/libopencm3/lib/libopencm3_stm32l4.a(vector.o)
 .debug_macro   0x0000000000000000       0x56 /home/ryan/Documents/Gitlab/embedded-systems-development-milestones/libopencm3/lib/libopencm3_stm32l4.a(vector.o)
 .debug_macro   0x0000000000000000       0x51 /home/ryan/Documents/Gitlab/embedded-systems-development-milestones/libopencm3/lib/libopencm3_stm32l4.a(vector.o)
 .debug_macro   0x0000000000000000      0x103 /home/ryan/Documents/Gitlab/embedded-systems-development-milestones/libopencm3/lib/libopencm3_stm32l4.a(vector.o)
 .debug_macro   0x0000000000000000       0x6a /home/ryan/Documents/Gitlab/embedded-systems-development-milestones/libopencm3/lib/libopencm3_stm32l4.a(vector.o)
 .debug_macro   0x0000000000000000      0x1df /home/ryan/Documents/Gitlab/embedded-systems-development-milestones/libopencm3/lib/libopencm3_stm32l4.a(vector.o)
 .debug_macro   0x0000000000000000       0x22 /home/ryan/Documents/Gitlab/embedded-systems-development-milestones/libopencm3/lib/libopencm3_stm32l4.a(vector.o)
 .debug_macro   0x0000000000000000       0xe8 /home/ryan/Documents/Gitlab/embedded-systems-development-milestones/libopencm3/lib/libopencm3_stm32l4.a(vector.o)
 .group         0x0000000000000000        0xc /home/ryan/Documents/Gitlab/embedded-systems-development-milestones/libopencm3/lib/libopencm3_stm32l4.a(assert.o)
 .group         0x0000000000000000        0xc /home/ryan/Documents/Gitlab/embedded-systems-development-milestones/libopencm3/lib/libopencm3_stm32l4.a(assert.o)
 .group         0x0000000000000000        0xc /home/ryan/Documents/Gitlab/embedded-systems-development-milestones/libopencm3/lib/libopencm3_stm32l4.a(assert.o)
 .group         0x0000000000000000        0xc /home/ryan/Documents/Gitlab/embedded-systems-development-milestones/libopencm3/lib/libopencm3_stm32l4.a(assert.o)
 .group         0x0000000000000000        0xc /home/ryan/Documents/Gitlab/embedded-systems-development-milestones/libopencm3/lib/libopencm3_stm32l4.a(assert.o)
 .group         0x0000000000000000        0xc /home/ryan/Documents/Gitlab/embedded-systems-development-milestones/libopencm3/lib/libopencm3_stm32l4.a(assert.o)
 .group         0x0000000000000000        0xc /home/ryan/Documents/Gitlab/embedded-systems-development-milestones/libopencm3/lib/libopencm3_stm32l4.a(assert.o)
 .group         0x0000000000000000        0xc /home/ryan/Documents/Gitlab/embedded-systems-development-milestones/libopencm3/lib/libopencm3_stm32l4.a(assert.o)
 .group         0x0000000000000000        0xc /home/ryan/Documents/Gitlab/embedded-systems-development-milestones/libopencm3/lib/libopencm3_stm32l4.a(assert.o)
 .group         0x0000000000000000        0xc /home/ryan/Documents/Gitlab/embedded-systems-development-milestones/libopencm3/lib/libopencm3_stm32l4.a(assert.o)
 .group         0x0000000000000000        0xc /home/ryan/Documents/Gitlab/embedded-systems-development-milestones/libopencm3/lib/libopencm3_stm32l4.a(assert.o)
 .text          0x0000000000000000        0x0 /home/ryan/Documents/Gitlab/embedded-systems-development-milestones/libopencm3/lib/libopencm3_stm32l4.a(assert.o)
 .data          0x0000000000000000        0x0 /home/ryan/Documents/Gitlab/embedded-systems-development-milestones/libopencm3/lib/libopencm3_stm32l4.a(assert.o)
 .bss           0x0000000000000000        0x0 /home/ryan/Documents/Gitlab/embedded-systems-development-milestones/libopencm3/lib/libopencm3_stm32l4.a(assert.o)
 .text.cm3_assert_failed
                0x0000000000000000        0x2 /home/ryan/Documents/Gitlab/embedded-systems-development-milestones/libopencm3/lib/libopencm3_stm32l4.a(assert.o)
 .text.cm3_assert_failed_verbose
                0x0000000000000000        0x6 /home/ryan/Documents/Gitlab/embedded-systems-development-milestones/libopencm3/lib/libopencm3_stm32l4.a(assert.o)
 .debug_info    0x0000000000000000      0x104 /home/ryan/Documents/Gitlab/embedded-systems-development-milestones/libopencm3/lib/libopencm3_stm32l4.a(assert.o)
 .debug_abbrev  0x0000000000000000       0x98 /home/ryan/Documents/Gitlab/embedded-systems-development-milestones/libopencm3/lib/libopencm3_stm32l4.a(assert.o)
 .debug_loc     0x0000000000000000       0x94 /home/ryan/Documents/Gitlab/embedded-systems-development-milestones/libopencm3/lib/libopencm3_stm32l4.a(assert.o)
 .debug_aranges
                0x0000000000000000       0x28 /home/ryan/Documents/Gitlab/embedded-systems-development-milestones/libopencm3/lib/libopencm3_stm32l4.a(assert.o)
 .debug_ranges  0x0000000000000000       0x18 /home/ryan/Documents/Gitlab/embedded-systems-development-milestones/libopencm3/lib/libopencm3_stm32l4.a(assert.o)
 .debug_macro   0x0000000000000000       0x89 /home/ryan/Documents/Gitlab/embedded-systems-development-milestones/libopencm3/lib/libopencm3_stm32l4.a(assert.o)
 .debug_macro   0x0000000000000000      0xa6c /home/ryan/Documents/Gitlab/embedded-systems-development-milestones/libopencm3/lib/libopencm3_stm32l4.a(assert.o)
 .debug_macro   0x0000000000000000       0x1c /home/ryan/Documents/Gitlab/embedded-systems-development-milestones/libopencm3/lib/libopencm3_stm32l4.a(assert.o)
 .debug_macro   0x0000000000000000       0x22 /home/ryan/Documents/Gitlab/embedded-systems-development-milestones/libopencm3/lib/libopencm3_stm32l4.a(assert.o)
 .debug_macro   0x0000000000000000       0x56 /home/ryan/Documents/Gitlab/embedded-systems-development-milestones/libopencm3/lib/libopencm3_stm32l4.a(assert.o)
 .debug_macro   0x0000000000000000       0x51 /home/ryan/Documents/Gitlab/embedded-systems-development-milestones/libopencm3/lib/libopencm3_stm32l4.a(assert.o)
 .debug_macro   0x0000000000000000      0x103 /home/ryan/Documents/Gitlab/embedded-systems-development-milestones/libopencm3/lib/libopencm3_stm32l4.a(assert.o)
 .debug_macro   0x0000000000000000       0x6a /home/ryan/Documents/Gitlab/embedded-systems-development-milestones/libopencm3/lib/libopencm3_stm32l4.a(assert.o)
 .debug_macro   0x0000000000000000      0x1df /home/ryan/Documents/Gitlab/embedded-systems-development-milestones/libopencm3/lib/libopencm3_stm32l4.a(assert.o)
 .debug_macro   0x0000000000000000       0x22 /home/ryan/Documents/Gitlab/embedded-systems-development-milestones/libopencm3/lib/libopencm3_stm32l4.a(assert.o)
 .debug_macro   0x0000000000000000       0xe8 /home/ryan/Documents/Gitlab/embedded-systems-development-milestones/libopencm3/lib/libopencm3_stm32l4.a(assert.o)
 .debug_macro   0x0000000000000000       0x16 /home/ryan/Documents/Gitlab/embedded-systems-development-milestones/libopencm3/lib/libopencm3_stm32l4.a(assert.o)
 .debug_line    0x0000000000000000      0x2b8 /home/ryan/Documents/Gitlab/embedded-systems-development-milestones/libopencm3/lib/libopencm3_stm32l4.a(assert.o)
 .debug_str     0x0000000000000000     0x4041 /home/ryan/Documents/Gitlab/embedded-systems-development-milestones/libopencm3/lib/libopencm3_stm32l4.a(assert.o)
 .comment       0x0000000000000000       0x4a /home/ryan/Documents/Gitlab/embedded-systems-development-milestones/libopencm3/lib/libopencm3_stm32l4.a(assert.o)
 .debug_frame   0x0000000000000000       0x38 /home/ryan/Documents/Gitlab/embedded-systems-development-milestones/libopencm3/lib/libopencm3_stm32l4.a(assert.o)
 .ARM.attributes
                0x0000000000000000       0x34 /home/ryan/Documents/Gitlab/embedded-systems-development-milestones/libopencm3/lib/libopencm3_stm32l4.a(assert.o)

Memory Configuration

Name             Origin             Length             Attributes
rom              0x0000000008000000 0x000000000003e800 xr
ram              0x0000000020000000 0x0000000000028000 xrw
*default*        0x0000000000000000 0xffffffffffffffff

Linker script and memory map

LOAD Build/Racolon42_c.o
LOAD /home/ryan/Documents/Gitlab/embedded-systems-development-milestones/ARM/gcc-arm-none-eabi-10.3-2021.10/bin/../lib/gcc/arm-none-eabi/10.3.1/../../../../arm-none-eabi/lib/thumb/v7e-m+fp/hard/libc_nano.a
LOAD /home/ryan/Documents/Gitlab/embedded-systems-development-milestones/ARM/gcc-arm-none-eabi-10.3-2021.10/bin/../lib/gcc/arm-none-eabi/10.3.1/../../../../arm-none-eabi/lib/thumb/v7e-m+fp/hard/libm.a
LOAD /home/ryan/Documents/Gitlab/embedded-systems-development-milestones/ARM/gcc-arm-none-eabi-10.3-2021.10/bin/../lib/gcc/arm-none-eabi/10.3.1/../../../../arm-none-eabi/lib/thumb/v7e-m+fp/hard/libnosys.a
LOAD /home/ryan/Documents/Gitlab/embedded-systems-development-milestones/libopencm3/lib/libopencm3_stm32l4.a
START GROUP
LOAD /home/ryan/Documents/Gitlab/embedded-systems-development-milestones/ARM/gcc-arm-none-eabi-10.3-2021.10/bin/../lib/gcc/arm-none-eabi/10.3.1/thumb/v7e-m+fp/hard/libgcc.a
LOAD /home/ryan/Documents/Gitlab/embedded-systems-development-milestones/ARM/gcc-arm-none-eabi-10.3-2021.10/bin/../lib/gcc/arm-none-eabi/10.3.1/../../../../arm-none-eabi/lib/thumb/v7e-m+fp/hard/libc_nano.a
END GROUP
START GROUP
LOAD /home/ryan/Documents/Gitlab/embedded-systems-development-milestones/ARM/gcc-arm-none-eabi-10.3-2021.10/bin/../lib/gcc/arm-none-eabi/10.3.1/thumb/v7e-m+fp/hard/libgcc.a
LOAD /home/ryan/Documents/Gitlab/embedded-systems-development-milestones/ARM/gcc-arm-none-eabi-10.3-2021.10/bin/../lib/gcc/arm-none-eabi/10.3.1/../../../../arm-none-eabi/lib/thumb/v7e-m+fp/hard/libc_nano.a
LOAD /home/ryan/Documents/Gitlab/embedded-systems-development-milestones/ARM/gcc-arm-none-eabi-10.3-2021.10/bin/../lib/gcc/arm-none-eabi/10.3.1/../../../../arm-none-eabi/lib/thumb/v7e-m+fp/hard/libnosys.a
END GROUP
START GROUP
LOAD /home/ryan/Documents/Gitlab/embedded-systems-development-milestones/ARM/gcc-arm-none-eabi-10.3-2021.10/bin/../lib/gcc/arm-none-eabi/10.3.1/thumb/v7e-m+fp/hard/libgcc.a
LOAD /home/ryan/Documents/Gitlab/embedded-systems-development-milestones/ARM/gcc-arm-none-eabi-10.3-2021.10/bin/../lib/gcc/arm-none-eabi/10.3.1/../../../../arm-none-eabi/lib/thumb/v7e-m+fp/hard/libc_nano.a
LOAD /home/ryan/Documents/Gitlab/embedded-systems-development-milestones/ARM/gcc-arm-none-eabi-10.3-2021.10/bin/../lib/gcc/arm-none-eabi/10.3.1/../../../../arm-none-eabi/lib/thumb/v7e-m+fp/hard/libnosys.a
END GROUP

.text           0x0000000008000000      0x398
 *(.vectors)
 .vectors       0x0000000008000000      0x1ac /home/ryan/Documents/Gitlab/embedded-systems-development-milestones/libopencm3/lib/libopencm3_stm32l4.a(vector.o)
                0x0000000008000000                vector_table
 *(.text*)
 .text.ttu_set_main_pll
                0x00000000080001ac       0x70 Build/Racolon42_c.o
                0x00000000080001ac                ttu_set_main_pll
 .text.main     0x000000000800021c       0x40 Build/Racolon42_c.o
                0x000000000800021c                main
 .text.gpio_toggle
                0x000000000800025c       0x12 /home/ryan/Documents/Gitlab/embedded-systems-development-milestones/libopencm3/lib/libopencm3_stm32l4.a(gpio_common_all.o)
                0x000000000800025c                gpio_toggle
 .text.gpio_mode_setup
                0x000000000800026e       0x40 /home/ryan/Documents/Gitlab/embedded-systems-development-milestones/libopencm3/lib/libopencm3_stm32l4.a(gpio_common_f0234.o)
                0x000000000800026e                gpio_mode_setup
 *fill*         0x00000000080002ae        0x2 
 .text.rcc_set_main_pll
                0x00000000080002b0       0x28 /home/ryan/Documents/Gitlab/embedded-systems-development-milestones/libopencm3/lib/libopencm3_stm32l4.a(rcc.o)
                0x00000000080002b0                rcc_set_main_pll
 .text.rcc_periph_clock_enable
                0x00000000080002d8       0x1c /home/ryan/Documents/Gitlab/embedded-systems-development-milestones/libopencm3/lib/libopencm3_stm32l4.a(rcc_common_all.o)
                0x00000000080002d8                rcc_periph_clock_enable
 .text.blocking_handler
                0x00000000080002f4        0x2 /home/ryan/Documents/Gitlab/embedded-systems-development-milestones/libopencm3/lib/libopencm3_stm32l4.a(vector.o)
                0x00000000080002f4                i2c4_ev_isr
                0x00000000080002f4                usart3_isr
                0x00000000080002f4                swpmi1_isr
                0x00000000080002f4                tim7_isr
                0x00000000080002f4                dma2d_isr
                0x00000000080002f4                rng_isr
                0x00000000080002f4                adc1_2_isr
                0x00000000080002f4                i2c4_er_isr
                0x00000000080002f4                blocking_handler
                0x00000000080002f4                tsc_isr
                0x00000000080002f4                tim5_isr
                0x00000000080002f4                rtc_wkup_isr
                0x00000000080002f4                otg_fs_isr
                0x00000000080002f4                tim1_up_tim16_isr
                0x00000000080002f4                spi1_isr
                0x00000000080002f4                i2c3_er_isr
                0x00000000080002f4                dma2_channel7_isr
                0x00000000080002f4                exti2_isr
                0x00000000080002f4                dma1_channel6_isr
                0x00000000080002f4                dma1_channel5_isr
                0x00000000080002f4                dma2_channel5_isr
                0x00000000080002f4                tamp_stamp_isr
                0x00000000080002f4                fmc_isr
                0x00000000080002f4                can1_rx1_isr
                0x00000000080002f4                usart1_isr
                0x00000000080002f4                i2c3_ev_isr
                0x00000000080002f4                usage_fault_handler
                0x00000000080002f4                tim8_trg_com_isr
                0x00000000080002f4                can2_rx0_isr
                0x00000000080002f4                tim1_trg_com_tim17_isr
                0x00000000080002f4                can2_rx1_isr
                0x00000000080002f4                can1_sce_isr
                0x00000000080002f4                tim1_cc_isr
                0x00000000080002f4                can1_tx_isr
                0x00000000080002f4                dma1_channel4_isr
                0x00000000080002f4                tim8_brk_isr
                0x00000000080002f4                dma2_channel4_isr
                0x00000000080002f4                lptim1_isr
                0x00000000080002f4                lpuart1_isr
                0x00000000080002f4                can1_rx0_isr
                0x00000000080002f4                rcc_isr
                0x00000000080002f4                flash_isr
                0x00000000080002f4                uart4_isr
                0x00000000080002f4                rtc_alarm_isr
                0x00000000080002f4                exti15_10_isr
                0x00000000080002f4                hard_fault_handler
                0x00000000080002f4                exti1_isr
                0x00000000080002f4                i2c1_ev_isr
                0x00000000080002f4                dma2_channel1_isr
                0x00000000080002f4                dfsdm2_isr
                0x00000000080002f4                spi2_isr
                0x00000000080002f4                aes_isr
                0x00000000080002f4                tim8_up_isr
                0x00000000080002f4                tim6_dacunder_isr
                0x00000000080002f4                dma2_channel6_isr
                0x00000000080002f4                dma2_channel2_isr
                0x00000000080002f4                exti3_isr
                0x00000000080002f4                adc3_isr
                0x00000000080002f4                tim3_isr
                0x00000000080002f4                usart2_isr
                0x00000000080002f4                sai1_isr
                0x00000000080002f4                fpu_isr
                0x00000000080002f4                i2c2_er_isr
                0x00000000080002f4                i2c2_ev_isr
                0x00000000080002f4                uart5_isr
                0x00000000080002f4                dma1_channel1_isr
                0x00000000080002f4                exti4_isr
                0x00000000080002f4                dfsdm3_isr
                0x00000000080002f4                comp_isr
                0x00000000080002f4                mem_manage_handler
                0x00000000080002f4                can2_tx_isr
                0x00000000080002f4                lptim2_isr
                0x00000000080002f4                lcd_isr
                0x00000000080002f4                exti9_5_isr
                0x00000000080002f4                dma2_channel3_isr
                0x00000000080002f4                dfsdm1_isr
                0x00000000080002f4                dma1_channel7_isr
                0x00000000080002f4                pvd_pvm_isr
                0x00000000080002f4                can2_sce_isr
                0x00000000080002f4                tim4_isr
                0x00000000080002f4                sai2_isr
                0x00000000080002f4                dma1_channel2_isr
                0x00000000080002f4                i2c1_er_isr
                0x00000000080002f4                tim8_cc_isr
                0x00000000080002f4                dcmi_isr
                0x00000000080002f4                hash_crs_isr
                0x00000000080002f4                bus_fault_handler
                0x00000000080002f4                wwdg_isr
                0x00000000080002f4                tim1_brk_tim15_isr
                0x00000000080002f4                dma1_channel3_isr
                0x00000000080002f4                sdmmc1_isr
                0x00000000080002f4                spi3_isr
                0x00000000080002f4                quadspi_isr
                0x00000000080002f4                dfsdm0_isr
                0x00000000080002f4                tim2_isr
                0x00000000080002f4                exti0_isr
 .text.null_handler
                0x00000000080002f6        0x2 /home/ryan/Documents/Gitlab/embedded-systems-development-milestones/libopencm3/lib/libopencm3_stm32l4.a(vector.o)
                0x00000000080002f6                null_handler
                0x00000000080002f6                sv_call_handler
                0x00000000080002f6                pend_sv_handler
                0x00000000080002f6                debug_monitor_handler
                0x00000000080002f6                sys_tick_handler
                0x00000000080002f6                nmi_handler
 .text.reset_handler
                0x00000000080002f8       0xa0 /home/ryan/Documents/Gitlab/embedded-systems-development-milestones/libopencm3/lib/libopencm3_stm32l4.a(vector.o)
                0x00000000080002f8                reset_handler
                0x0000000008000398                . = ALIGN (0x4)
 *(.rodata*)
                0x0000000008000398                . = ALIGN (0x4)

.glue_7         0x0000000008000398        0x0
 .glue_7        0x0000000008000398        0x0 linker stubs

.glue_7t        0x0000000008000398        0x0
 .glue_7t       0x0000000008000398        0x0 linker stubs

.vfp11_veneer   0x0000000008000398        0x0
 .vfp11_veneer  0x0000000008000398        0x0 linker stubs

.v4_bx          0x0000000008000398        0x0
 .v4_bx         0x0000000008000398        0x0 linker stubs

.iplt           0x0000000008000398        0x0
 .iplt          0x0000000008000398        0x0 Build/Racolon42_c.o

.rel.dyn        0x0000000008000398        0x0
 .rel.iplt      0x0000000008000398        0x0 Build/Racolon42_c.o

.preinit_array  0x0000000008000398        0x0
                0x0000000008000398                . = ALIGN (0x4)
                0x0000000008000398                __preinit_array_start = .
 *(.preinit_array)
                0x0000000008000398                __preinit_array_end = .

.init_array     0x0000000008000398        0x0
                0x0000000008000398                . = ALIGN (0x4)
                0x0000000008000398                __init_array_start = .
 *(SORT_BY_NAME(.init_array.*))
 *(.init_array)
                0x0000000008000398                __init_array_end = .

.fini_array     0x0000000008000398        0x0
                0x0000000008000398                . = ALIGN (0x4)
                0x0000000008000398                __fini_array_start = .
 *(.fini_array)
 *(SORT_BY_NAME(.fini_array.*))
                0x0000000008000398                __fini_array_end = .

.ARM.extab
 *(.ARM.extab*)

.ARM.exidx      0x0000000008000398        0x0
                0x0000000008000398                __exidx_start = .
 *(.ARM.exidx*)
                0x0000000008000398                __exidx_end = .
                0x0000000008000398                . = ALIGN (0x4)
                0x0000000008000398                _etext = .

.noinit
 *(.noinit*)
                0x0000000008000398                . = ALIGN (0x4)

.data           0x0000000020000000        0x0 load address 0x0000000008000398
                0x0000000020000000                _data = .
 *(.data*)
 *(.ramtext*)
                0x0000000020000000                . = ALIGN (0x4)
                0x0000000020000000                _edata = .
                0x0000000008000398                _data_loadaddr = LOADADDR (.data)

.igot.plt       0x0000000020000000        0x0 load address 0x0000000008000398
 .igot.plt      0x0000000020000000        0x0 Build/Racolon42_c.o

.bss            0x0000000020000000        0x0 load address 0x0000000008000398
 *(.bss*)
 *(COMMON)
                0x0000000020000000                . = ALIGN (0x4)
                0x0000000020000000                _ebss = .

/DISCARD/
 *(.eh_frame)
                0x0000000020000000                . = ALIGN (0x4)
                0x0000000020000000                end = .
                0x0000000020028000                PROVIDE (_stack = (ORIGIN (ram) + LENGTH (ram)))
OUTPUT(Build/Racolon42_c.elf elf32-littlearm)
LOAD linker stubs

.debug_info     0x0000000000000000     0x1d36
 .debug_info    0x0000000000000000      0x59d Build/Racolon42_c.o
 .debug_info    0x000000000000059d      0x266 /home/ryan/Documents/Gitlab/embedded-systems-development-milestones/libopencm3/lib/libopencm3_stm32l4.a(gpio_common_all.o)
 .debug_info    0x0000000000000803      0x233 /home/ryan/Documents/Gitlab/embedded-systems-development-milestones/libopencm3/lib/libopencm3_stm32l4.a(gpio_common_f0234.o)
 .debug_info    0x0000000000000a36      0x7c7 /home/ryan/Documents/Gitlab/embedded-systems-development-milestones/libopencm3/lib/libopencm3_stm32l4.a(rcc.o)
 .debug_info    0x00000000000011fd      0x847 /home/ryan/Documents/Gitlab/embedded-systems-development-milestones/libopencm3/lib/libopencm3_stm32l4.a(rcc_common_all.o)
 .debug_info    0x0000000000001a44      0x2f2 /home/ryan/Documents/Gitlab/embedded-systems-development-milestones/libopencm3/lib/libopencm3_stm32l4.a(vector.o)

.debug_abbrev   0x0000000000000000      0x808
 .debug_abbrev  0x0000000000000000      0x110 Build/Racolon42_c.o
 .debug_abbrev  0x0000000000000110      0x116 /home/ryan/Documents/Gitlab/embedded-systems-development-milestones/libopencm3/lib/libopencm3_stm32l4.a(gpio_common_all.o)
 .debug_abbrev  0x0000000000000226       0xbf /home/ryan/Documents/Gitlab/embedded-systems-development-milestones/libopencm3/lib/libopencm3_stm32l4.a(gpio_common_f0234.o)
 .debug_abbrev  0x00000000000002e5      0x251 /home/ryan/Documents/Gitlab/embedded-systems-development-milestones/libopencm3/lib/libopencm3_stm32l4.a(rcc.o)
 .debug_abbrev  0x0000000000000536      0x177 /home/ryan/Documents/Gitlab/embedded-systems-development-milestones/libopencm3/lib/libopencm3_stm32l4.a(rcc_common_all.o)
 .debug_abbrev  0x00000000000006ad      0x15b /home/ryan/Documents/Gitlab/embedded-systems-development-milestones/libopencm3/lib/libopencm3_stm32l4.a(vector.o)

.debug_loc      0x0000000000000000      0xe38
 .debug_loc     0x0000000000000000      0x21c Build/Racolon42_c.o
 .debug_loc     0x000000000000021c       0xbe /home/ryan/Documents/Gitlab/embedded-systems-development-milestones/libopencm3/lib/libopencm3_stm32l4.a(gpio_common_all.o)
 .debug_loc     0x00000000000002da      0x14f /home/ryan/Documents/Gitlab/embedded-systems-development-milestones/libopencm3/lib/libopencm3_stm32l4.a(gpio_common_f0234.o)
 .debug_loc     0x0000000000000429      0x7c7 /home/ryan/Documents/Gitlab/embedded-systems-development-milestones/libopencm3/lib/libopencm3_stm32l4.a(rcc.o)
 .debug_loc     0x0000000000000bf0      0x120 /home/ryan/Documents/Gitlab/embedded-systems-development-milestones/libopencm3/lib/libopencm3_stm32l4.a(rcc_common_all.o)
 .debug_loc     0x0000000000000d10      0x128 /home/ryan/Documents/Gitlab/embedded-systems-development-milestones/libopencm3/lib/libopencm3_stm32l4.a(vector.o)

.debug_aranges  0x0000000000000000      0x250
 .debug_aranges
                0x0000000000000000       0x28 Build/Racolon42_c.o
 .debug_aranges
                0x0000000000000028       0x50 /home/ryan/Documents/Gitlab/embedded-systems-development-milestones/libopencm3/lib/libopencm3_stm32l4.a(gpio_common_all.o)
 .debug_aranges
                0x0000000000000078       0x30 /home/ryan/Documents/Gitlab/embedded-systems-development-milestones/libopencm3/lib/libopencm3_stm32l4.a(gpio_common_f0234.o)
 .debug_aranges
                0x00000000000000a8      0x118 /home/ryan/Documents/Gitlab/embedded-systems-development-milestones/libopencm3/lib/libopencm3_stm32l4.a(rcc.o)
 .debug_aranges
                0x00000000000001c0       0x60 /home/ryan/Documents/Gitlab/embedded-systems-development-milestones/libopencm3/lib/libopencm3_stm32l4.a(rcc_common_all.o)
 .debug_aranges
                0x0000000000000220       0x30 /home/ryan/Documents/Gitlab/embedded-systems-development-milestones/libopencm3/lib/libopencm3_stm32l4.a(vector.o)

.debug_ranges   0x0000000000000000      0x250
 .debug_ranges  0x0000000000000000       0x48 Build/Racolon42_c.o
 .debug_ranges  0x0000000000000048       0x40 /home/ryan/Documents/Gitlab/embedded-systems-development-milestones/libopencm3/lib/libopencm3_stm32l4.a(gpio_common_all.o)
 .debug_ranges  0x0000000000000088       0x20 /home/ryan/Documents/Gitlab/embedded-systems-development-milestones/libopencm3/lib/libopencm3_stm32l4.a(gpio_common_f0234.o)
 .debug_ranges  0x00000000000000a8      0x138 /home/ryan/Documents/Gitlab/embedded-systems-development-milestones/libopencm3/lib/libopencm3_stm32l4.a(rcc.o)
 .debug_ranges  0x00000000000001e0       0x50 /home/ryan/Documents/Gitlab/embedded-systems-development-milestones/libopencm3/lib/libopencm3_stm32l4.a(rcc_common_all.o)
 .debug_ranges  0x0000000000000230       0x20 /home/ryan/Documents/Gitlab/embedded-systems-development-milestones/libopencm3/lib/libopencm3_stm32l4.a(vector.o)

.debug_line     0x0000000000000000     0x21a2
 .debug_line    0x0000000000000000      0x369 Build/Racolon42_c.o
 .debug_line    0x0000000000000369      0x470 /home/ryan/Documents/Gitlab/embedded-systems-development-milestones/libopencm3/lib/libopencm3_stm32l4.a(gpio_common_all.o)
 .debug_line    0x00000000000007d9      0x558 /home/ryan/Documents/Gitlab/embedded-systems-development-milestones/libopencm3/lib/libopencm3_stm32l4.a(gpio_common_f0234.o)
 .debug_line    0x0000000000000d31      0xadb /home/ryan/Documents/Gitlab/embedded-systems-development-milestones/libopencm3/lib/libopencm3_stm32l4.a(rcc.o)
 .debug_line    0x000000000000180c      0x4aa /home/ryan/Documents/Gitlab/embedded-systems-development-milestones/libopencm3/lib/libopencm3_stm32l4.a(rcc_common_all.o)
 .debug_line    0x0000000000001cb6      0x4ec /home/ryan/Documents/Gitlab/embedded-systems-development-milestones/libopencm3/lib/libopencm3_stm32l4.a(vector.o)

.debug_str      0x0000000000000000     0xd706
 .debug_str     0x0000000000000000      0x641 Build/Racolon42_c.o
                                        0x6e5 (size before relaxing)
 .debug_str     0x0000000000000641     0x63ea /home/ryan/Documents/Gitlab/embedded-systems-development-milestones/libopencm3/lib/libopencm3_stm32l4.a(gpio_common_all.o)
                                       0x6578 (size before relaxing)
 .debug_str     0x0000000000006a2b       0x94 /home/ryan/Documents/Gitlab/embedded-systems-development-milestones/libopencm3/lib/libopencm3_stm32l4.a(gpio_common_f0234.o)
                                       0x659a (size before relaxing)
 .debug_str     0x0000000000006abf     0x3bfc /home/ryan/Documents/Gitlab/embedded-systems-development-milestones/libopencm3/lib/libopencm3_stm32l4.a(rcc.o)
                                       0x8b31 (size before relaxing)
 .debug_str     0x000000000000a6bb      0x3c3 /home/ryan/Documents/Gitlab/embedded-systems-development-milestones/libopencm3/lib/libopencm3_stm32l4.a(rcc_common_all.o)
                                       0x8f8d (size before relaxing)
 .debug_str     0x000000000000aa7e     0x2c88 /home/ryan/Documents/Gitlab/embedded-systems-development-milestones/libopencm3/lib/libopencm3_stm32l4.a(vector.o)
                                       0x6dd6 (size before relaxing)

.comment        0x0000000000000000       0x49
 .comment       0x0000000000000000       0x49 Build/Racolon42_c.o
                                         0x4a (size before relaxing)
 .comment       0x0000000000000049       0x4a /home/ryan/Documents/Gitlab/embedded-systems-development-milestones/libopencm3/lib/libopencm3_stm32l4.a(gpio_common_all.o)
 .comment       0x0000000000000049       0x4a /home/ryan/Documents/Gitlab/embedded-systems-development-milestones/libopencm3/lib/libopencm3_stm32l4.a(gpio_common_f0234.o)
 .comment       0x0000000000000049       0x4a /home/ryan/Documents/Gitlab/embedded-systems-development-milestones/libopencm3/lib/libopencm3_stm32l4.a(rcc.o)
 .comment       0x0000000000000049       0x4a /home/ryan/Documents/Gitlab/embedded-systems-development-milestones/libopencm3/lib/libopencm3_stm32l4.a(rcc_common_all.o)
 .comment       0x0000000000000049       0x4a /home/ryan/Documents/Gitlab/embedded-systems-development-milestones/libopencm3/lib/libopencm3_stm32l4.a(vector.o)

.ARM.attributes
                0x0000000000000000       0x34
 .ARM.attributes
                0x0000000000000000       0x34 Build/Racolon42_c.o
 .ARM.attributes
                0x0000000000000034       0x34 /home/ryan/Documents/Gitlab/embedded-systems-development-milestones/libopencm3/lib/libopencm3_stm32l4.a(gpio_common_all.o)
 .ARM.attributes
                0x0000000000000068       0x34 /home/ryan/Documents/Gitlab/embedded-systems-development-milestones/libopencm3/lib/libopencm3_stm32l4.a(gpio_common_f0234.o)
 .ARM.attributes
                0x000000000000009c       0x34 /home/ryan/Documents/Gitlab/embedded-systems-development-milestones/libopencm3/lib/libopencm3_stm32l4.a(rcc.o)
 .ARM.attributes
                0x00000000000000d0       0x34 /home/ryan/Documents/Gitlab/embedded-systems-development-milestones/libopencm3/lib/libopencm3_stm32l4.a(rcc_common_all.o)
 .ARM.attributes
                0x0000000000000104       0x34 /home/ryan/Documents/Gitlab/embedded-systems-development-milestones/libopencm3/lib/libopencm3_stm32l4.a(vector.o)

.debug_frame    0x0000000000000000      0x48c
 .debug_frame   0x0000000000000000       0x48 Build/Racolon42_c.o
 .debug_frame   0x0000000000000048       0x80 /home/ryan/Documents/Gitlab/embedded-systems-development-milestones/libopencm3/lib/libopencm3_stm32l4.a(gpio_common_all.o)
 .debug_frame   0x00000000000000c8       0x70 /home/ryan/Documents/Gitlab/embedded-systems-development-milestones/libopencm3/lib/libopencm3_stm32l4.a(gpio_common_f0234.o)
 .debug_frame   0x0000000000000138      0x228 /home/ryan/Documents/Gitlab/embedded-systems-development-milestones/libopencm3/lib/libopencm3_stm32l4.a(rcc.o)
 .debug_frame   0x0000000000000360       0xe0 /home/ryan/Documents/Gitlab/embedded-systems-development-milestones/libopencm3/lib/libopencm3_stm32l4.a(rcc_common_all.o)
 .debug_frame   0x0000000000000440       0x4c /home/ryan/Documents/Gitlab/embedded-systems-development-milestones/libopencm3/lib/libopencm3_stm32l4.a(vector.o)

.debug_macro    0x0000000000000000     0x2f88
 .debug_macro   0x0000000000000000       0xd6 /home/ryan/Documents/Gitlab/embedded-systems-development-milestones/libopencm3/lib/libopencm3_stm32l4.a(gpio_common_all.o)
 .debug_macro   0x00000000000000d6      0xa6c /home/ryan/Documents/Gitlab/embedded-systems-development-milestones/libopencm3/lib/libopencm3_stm32l4.a(gpio_common_all.o)
 .debug_macro   0x0000000000000b42       0x1c /home/ryan/Documents/Gitlab/embedded-systems-development-milestones/libopencm3/lib/libopencm3_stm32l4.a(gpio_common_all.o)
 .debug_macro   0x0000000000000b5e       0x22 /home/ryan/Documents/Gitlab/embedded-systems-development-milestones/libopencm3/lib/libopencm3_stm32l4.a(gpio_common_all.o)
 .debug_macro   0x0000000000000b80       0x56 /home/ryan/Documents/Gitlab/embedded-systems-development-milestones/libopencm3/lib/libopencm3_stm32l4.a(gpio_common_all.o)
 .debug_macro   0x0000000000000bd6       0x51 /home/ryan/Documents/Gitlab/embedded-systems-development-milestones/libopencm3/lib/libopencm3_stm32l4.a(gpio_common_all.o)
 .debug_macro   0x0000000000000c27      0x103 /home/ryan/Documents/Gitlab/embedded-systems-development-milestones/libopencm3/lib/libopencm3_stm32l4.a(gpio_common_all.o)
 .debug_macro   0x0000000000000d2a       0x6a /home/ryan/Documents/Gitlab/embedded-systems-development-milestones/libopencm3/lib/libopencm3_stm32l4.a(gpio_common_all.o)
 .debug_macro   0x0000000000000d94      0x1df /home/ryan/Documents/Gitlab/embedded-systems-development-milestones/libopencm3/lib/libopencm3_stm32l4.a(gpio_common_all.o)
 .debug_macro   0x0000000000000f73       0x22 /home/ryan/Documents/Gitlab/embedded-systems-development-milestones/libopencm3/lib/libopencm3_stm32l4.a(gpio_common_all.o)
 .debug_macro   0x0000000000000f95       0xe8 /home/ryan/Documents/Gitlab/embedded-systems-development-milestones/libopencm3/lib/libopencm3_stm32l4.a(gpio_common_all.o)
 .debug_macro   0x000000000000107d       0x76 /home/ryan/Documents/Gitlab/embedded-systems-development-milestones/libopencm3/lib/libopencm3_stm32l4.a(gpio_common_all.o)
 .debug_macro   0x00000000000010f3      0x217 /home/ryan/Documents/Gitlab/embedded-systems-development-milestones/libopencm3/lib/libopencm3_stm32l4.a(gpio_common_all.o)
 .debug_macro   0x000000000000130a       0x76 /home/ryan/Documents/Gitlab/embedded-systems-development-milestones/libopencm3/lib/libopencm3_stm32l4.a(gpio_common_all.o)
 .debug_macro   0x0000000000001380      0x37e /home/ryan/Documents/Gitlab/embedded-systems-development-milestones/libopencm3/lib/libopencm3_stm32l4.a(gpio_common_all.o)
 .debug_macro   0x00000000000016fe       0xca /home/ryan/Documents/Gitlab/embedded-systems-development-milestones/libopencm3/lib/libopencm3_stm32l4.a(gpio_common_all.o)
 .debug_macro   0x00000000000017c8       0x88 /home/ryan/Documents/Gitlab/embedded-systems-development-milestones/libopencm3/lib/libopencm3_stm32l4.a(gpio_common_all.o)
 .debug_macro   0x0000000000001850       0xd6 /home/ryan/Documents/Gitlab/embedded-systems-development-milestones/libopencm3/lib/libopencm3_stm32l4.a(gpio_common_f0234.o)
 .debug_macro   0x0000000000001926       0xc3 /home/ryan/Documents/Gitlab/embedded-systems-development-milestones/libopencm3/lib/libopencm3_stm32l4.a(rcc.o)
 .debug_macro   0x00000000000019e9       0x16 /home/ryan/Documents/Gitlab/embedded-systems-development-milestones/libopencm3/lib/libopencm3_stm32l4.a(rcc.o)
 .debug_macro   0x00000000000019ff      0xcfc /home/ryan/Documents/Gitlab/embedded-systems-development-milestones/libopencm3/lib/libopencm3_stm32l4.a(rcc.o)
 .debug_macro   0x00000000000026fb       0xce /home/ryan/Documents/Gitlab/embedded-systems-development-milestones/libopencm3/lib/libopencm3_stm32l4.a(rcc_common_all.o)
 .debug_macro   0x00000000000027c9       0xd3 /home/ryan/Documents/Gitlab/embedded-systems-development-milestones/libopencm3/lib/libopencm3_stm32l4.a(vector.o)
 .debug_macro   0x000000000000289c      0x452 /home/ryan/Documents/Gitlab/embedded-systems-development-milestones/libopencm3/lib/libopencm3_stm32l4.a(vector.o)
 .debug_macro   0x0000000000002cee       0x6e /home/ryan/Documents/Gitlab/embedded-systems-development-milestones/libopencm3/lib/libopencm3_stm32l4.a(vector.o)
 .debug_macro   0x0000000000002d5c      0x22c /home/ryan/Documents/Gitlab/embedded-systems-development-milestones/libopencm3/lib/libopencm3_stm32l4.a(vector.o)

Cross Reference Table

Symbol                                            File
__fini_array_end                                  /home/ryan/Documents/Gitlab/embedded-systems-development-milestones/libopencm3/lib/libopencm3_stm32l4.a(vector.o)
__fini_array_start                                /home/ryan/Documents/Gitlab/embedded-systems-development-milestones/libopencm3/lib/libopencm3_stm32l4.a(vector.o)
__init_array_end                                  /home/ryan/Documents/Gitlab/embedded-systems-development-milestones/libopencm3/lib/libopencm3_stm32l4.a(vector.o)
__init_array_start                                /home/ryan/Documents/Gitlab/embedded-systems-development-milestones/libopencm3/lib/libopencm3_stm32l4.a(vector.o)
__preinit_array_end                               /home/ryan/Documents/Gitlab/embedded-systems-development-milestones/libopencm3/lib/libopencm3_stm32l4.a(vector.o)
__preinit_array_start                             /home/ryan/Documents/Gitlab/embedded-systems-development-milestones/libopencm3/lib/libopencm3_stm32l4.a(vector.o)
_data                                             /home/ryan/Documents/Gitlab/embedded-systems-development-milestones/libopencm3/lib/libopencm3_stm32l4.a(vector.o)
_data_loadaddr                                    /home/ryan/Documents/Gitlab/embedded-systems-development-milestones/libopencm3/lib/libopencm3_stm32l4.a(vector.o)
_ebss                                             /home/ryan/Documents/Gitlab/embedded-systems-development-milestones/libopencm3/lib/libopencm3_stm32l4.a(vector.o)
_edata                                            /home/ryan/Documents/Gitlab/embedded-systems-development-milestones/libopencm3/lib/libopencm3_stm32l4.a(vector.o)
_stack                                            /home/ryan/Documents/Gitlab/embedded-systems-development-milestones/libopencm3/lib/libopencm3_stm32l4.a(vector.o)
adc1_2_isr                                        /home/ryan/Documents/Gitlab/embedded-systems-development-milestones/libopencm3/lib/libopencm3_stm32l4.a(vector.o)
adc3_isr                                          /home/ryan/Documents/Gitlab/embedded-systems-development-milestones/libopencm3/lib/libopencm3_stm32l4.a(vector.o)
aes_isr                                           /home/ryan/Documents/Gitlab/embedded-systems-development-milestones/libopencm3/lib/libopencm3_stm32l4.a(vector.o)
blocking_handler                                  /home/ryan/Documents/Gitlab/embedded-systems-development-milestones/libopencm3/lib/libopencm3_stm32l4.a(vector.o)
bus_fault_handler                                 /home/ryan/Documents/Gitlab/embedded-systems-development-milestones/libopencm3/lib/libopencm3_stm32l4.a(vector.o)
can1_rx0_isr                                      /home/ryan/Documents/Gitlab/embedded-systems-development-milestones/libopencm3/lib/libopencm3_stm32l4.a(vector.o)
can1_rx1_isr                                      /home/ryan/Documents/Gitlab/embedded-systems-development-milestones/libopencm3/lib/libopencm3_stm32l4.a(vector.o)
can1_sce_isr                                      /home/ryan/Documents/Gitlab/embedded-systems-development-milestones/libopencm3/lib/libopencm3_stm32l4.a(vector.o)
can1_tx_isr                                       /home/ryan/Documents/Gitlab/embedded-systems-development-milestones/libopencm3/lib/libopencm3_stm32l4.a(vector.o)
can2_rx0_isr                                      /home/ryan/Documents/Gitlab/embedded-systems-development-milestones/libopencm3/lib/libopencm3_stm32l4.a(vector.o)
can2_rx1_isr                                      /home/ryan/Documents/Gitlab/embedded-systems-development-milestones/libopencm3/lib/libopencm3_stm32l4.a(vector.o)
can2_sce_isr                                      /home/ryan/Documents/Gitlab/embedded-systems-development-milestones/libopencm3/lib/libopencm3_stm32l4.a(vector.o)
can2_tx_isr                                       /home/ryan/Documents/Gitlab/embedded-systems-development-milestones/libopencm3/lib/libopencm3_stm32l4.a(vector.o)
cm3_assert_failed                                 /home/ryan/Documents/Gitlab/embedded-systems-development-milestones/libopencm3/lib/libopencm3_stm32l4.a(assert.o)
                                                  /home/ryan/Documents/Gitlab/embedded-systems-development-milestones/libopencm3/lib/libopencm3_stm32l4.a(rcc.o)
cm3_assert_failed_verbose                         /home/ryan/Documents/Gitlab/embedded-systems-development-milestones/libopencm3/lib/libopencm3_stm32l4.a(assert.o)
comp_isr                                          /home/ryan/Documents/Gitlab/embedded-systems-development-milestones/libopencm3/lib/libopencm3_stm32l4.a(vector.o)
dcmi_isr                                          /home/ryan/Documents/Gitlab/embedded-systems-development-milestones/libopencm3/lib/libopencm3_stm32l4.a(vector.o)
debug_monitor_handler                             /home/ryan/Documents/Gitlab/embedded-systems-development-milestones/libopencm3/lib/libopencm3_stm32l4.a(vector.o)
dfsdm0_isr                                        /home/ryan/Documents/Gitlab/embedded-systems-development-milestones/libopencm3/lib/libopencm3_stm32l4.a(vector.o)
dfsdm1_isr                                        /home/ryan/Documents/Gitlab/embedded-systems-development-milestones/libopencm3/lib/libopencm3_stm32l4.a(vector.o)
dfsdm2_isr                                        /home/ryan/Documents/Gitlab/embedded-systems-development-milestones/libopencm3/lib/libopencm3_stm32l4.a(vector.o)
dfsdm3_isr                                        /home/ryan/Documents/Gitlab/embedded-systems-development-milestones/libopencm3/lib/libopencm3_stm32l4.a(vector.o)
dma1_channel1_isr                                 /home/ryan/Documents/Gitlab/embedded-systems-development-milestones/libopencm3/lib/libopencm3_stm32l4.a(vector.o)
dma1_channel2_isr                                 /home/ryan/Documents/Gitlab/embedded-systems-development-milestones/libopencm3/lib/libopencm3_stm32l4.a(vector.o)
dma1_channel3_isr                                 /home/ryan/Documents/Gitlab/embedded-systems-development-milestones/libopencm3/lib/libopencm3_stm32l4.a(vector.o)
dma1_channel4_isr                                 /home/ryan/Documents/Gitlab/embedded-systems-development-milestones/libopencm3/lib/libopencm3_stm32l4.a(vector.o)
dma1_channel5_isr                                 /home/ryan/Documents/Gitlab/embedded-systems-development-milestones/libopencm3/lib/libopencm3_stm32l4.a(vector.o)
dma1_channel6_isr                                 /home/ryan/Documents/Gitlab/embedded-systems-development-milestones/libopencm3/lib/libopencm3_stm32l4.a(vector.o)
dma1_channel7_isr                                 /home/ryan/Documents/Gitlab/embedded-systems-development-milestones/libopencm3/lib/libopencm3_stm32l4.a(vector.o)
dma2_channel1_isr                                 /home/ryan/Documents/Gitlab/embedded-systems-development-milestones/libopencm3/lib/libopencm3_stm32l4.a(vector.o)
dma2_channel2_isr                                 /home/ryan/Documents/Gitlab/embedded-systems-development-milestones/libopencm3/lib/libopencm3_stm32l4.a(vector.o)
dma2_channel3_isr                                 /home/ryan/Documents/Gitlab/embedded-systems-development-milestones/libopencm3/lib/libopencm3_stm32l4.a(vector.o)
dma2_channel4_isr                                 /home/ryan/Documents/Gitlab/embedded-systems-development-milestones/libopencm3/lib/libopencm3_stm32l4.a(vector.o)
dma2_channel5_isr                                 /home/ryan/Documents/Gitlab/embedded-systems-development-milestones/libopencm3/lib/libopencm3_stm32l4.a(vector.o)
dma2_channel6_isr                                 /home/ryan/Documents/Gitlab/embedded-systems-development-milestones/libopencm3/lib/libopencm3_stm32l4.a(vector.o)
dma2_channel7_isr                                 /home/ryan/Documents/Gitlab/embedded-systems-development-milestones/libopencm3/lib/libopencm3_stm32l4.a(vector.o)
dma2d_isr                                         /home/ryan/Documents/Gitlab/embedded-systems-development-milestones/libopencm3/lib/libopencm3_stm32l4.a(vector.o)
exti0_isr                                         /home/ryan/Documents/Gitlab/embedded-systems-development-milestones/libopencm3/lib/libopencm3_stm32l4.a(vector.o)
exti15_10_isr                                     /home/ryan/Documents/Gitlab/embedded-systems-development-milestones/libopencm3/lib/libopencm3_stm32l4.a(vector.o)
exti1_isr                                         /home/ryan/Documents/Gitlab/embedded-systems-development-milestones/libopencm3/lib/libopencm3_stm32l4.a(vector.o)
exti2_isr                                         /home/ryan/Documents/Gitlab/embedded-systems-development-milestones/libopencm3/lib/libopencm3_stm32l4.a(vector.o)
exti3_isr                                         /home/ryan/Documents/Gitlab/embedded-systems-development-milestones/libopencm3/lib/libopencm3_stm32l4.a(vector.o)
exti4_isr                                         /home/ryan/Documents/Gitlab/embedded-systems-development-milestones/libopencm3/lib/libopencm3_stm32l4.a(vector.o)
exti9_5_isr                                       /home/ryan/Documents/Gitlab/embedded-systems-development-milestones/libopencm3/lib/libopencm3_stm32l4.a(vector.o)
flash_isr                                         /home/ryan/Documents/Gitlab/embedded-systems-development-milestones/libopencm3/lib/libopencm3_stm32l4.a(vector.o)
fmc_isr                                           /home/ryan/Documents/Gitlab/embedded-systems-development-milestones/libopencm3/lib/libopencm3_stm32l4.a(vector.o)
fpu_isr                                           /home/ryan/Documents/Gitlab/embedded-systems-development-milestones/libopencm3/lib/libopencm3_stm32l4.a(vector.o)
gpio_clear                                        /home/ryan/Documents/Gitlab/embedded-systems-development-milestones/libopencm3/lib/libopencm3_stm32l4.a(gpio_common_all.o)
gpio_get                                          /home/ryan/Documents/Gitlab/embedded-systems-development-milestones/libopencm3/lib/libopencm3_stm32l4.a(gpio_common_all.o)
gpio_mode_setup                                   /home/ryan/Documents/Gitlab/embedded-systems-development-milestones/libopencm3/lib/libopencm3_stm32l4.a(gpio_common_f0234.o)
                                                  Build/Racolon42_c.o
gpio_port_config_lock                             /home/ryan/Documents/Gitlab/embedded-systems-development-milestones/libopencm3/lib/libopencm3_stm32l4.a(gpio_common_all.o)
gpio_port_read                                    /home/ryan/Documents/Gitlab/embedded-systems-development-milestones/libopencm3/lib/libopencm3_stm32l4.a(gpio_common_all.o)
gpio_port_write                                   /home/ryan/Documents/Gitlab/embedded-systems-development-milestones/libopencm3/lib/libopencm3_stm32l4.a(gpio_common_all.o)
gpio_set                                          /home/ryan/Documents/Gitlab/embedded-systems-development-milestones/libopencm3/lib/libopencm3_stm32l4.a(gpio_common_all.o)
gpio_set_af                                       /home/ryan/Documents/Gitlab/embedded-systems-development-milestones/libopencm3/lib/libopencm3_stm32l4.a(gpio_common_f0234.o)
gpio_set_output_options                           /home/ryan/Documents/Gitlab/embedded-systems-development-milestones/libopencm3/lib/libopencm3_stm32l4.a(gpio_common_f0234.o)
gpio_toggle                                       /home/ryan/Documents/Gitlab/embedded-systems-development-milestones/libopencm3/lib/libopencm3_stm32l4.a(gpio_common_all.o)
                                                  Build/Racolon42_c.o
hard_fault_handler                                /home/ryan/Documents/Gitlab/embedded-systems-development-milestones/libopencm3/lib/libopencm3_stm32l4.a(vector.o)
hash_crs_isr                                      /home/ryan/Documents/Gitlab/embedded-systems-development-milestones/libopencm3/lib/libopencm3_stm32l4.a(vector.o)
i2c1_er_isr                                       /home/ryan/Documents/Gitlab/embedded-systems-development-milestones/libopencm3/lib/libopencm3_stm32l4.a(vector.o)
i2c1_ev_isr                                       /home/ryan/Documents/Gitlab/embedded-systems-development-milestones/libopencm3/lib/libopencm3_stm32l4.a(vector.o)
i2c2_er_isr                                       /home/ryan/Documents/Gitlab/embedded-systems-development-milestones/libopencm3/lib/libopencm3_stm32l4.a(vector.o)
i2c2_ev_isr                                       /home/ryan/Documents/Gitlab/embedded-systems-development-milestones/libopencm3/lib/libopencm3_stm32l4.a(vector.o)
i2c3_er_isr                                       /home/ryan/Documents/Gitlab/embedded-systems-development-milestones/libopencm3/lib/libopencm3_stm32l4.a(vector.o)
i2c3_ev_isr                                       /home/ryan/Documents/Gitlab/embedded-systems-development-milestones/libopencm3/lib/libopencm3_stm32l4.a(vector.o)
i2c4_er_isr                                       /home/ryan/Documents/Gitlab/embedded-systems-development-milestones/libopencm3/lib/libopencm3_stm32l4.a(vector.o)
i2c4_ev_isr                                       /home/ryan/Documents/Gitlab/embedded-systems-development-milestones/libopencm3/lib/libopencm3_stm32l4.a(vector.o)
lcd_isr                                           /home/ryan/Documents/Gitlab/embedded-systems-development-milestones/libopencm3/lib/libopencm3_stm32l4.a(vector.o)
lptim1_isr                                        /home/ryan/Documents/Gitlab/embedded-systems-development-milestones/libopencm3/lib/libopencm3_stm32l4.a(vector.o)
lptim2_isr                                        /home/ryan/Documents/Gitlab/embedded-systems-development-milestones/libopencm3/lib/libopencm3_stm32l4.a(vector.o)
lpuart1_isr                                       /home/ryan/Documents/Gitlab/embedded-systems-development-milestones/libopencm3/lib/libopencm3_stm32l4.a(vector.o)
main                                              Build/Racolon42_c.o
                                                  /home/ryan/Documents/Gitlab/embedded-systems-development-milestones/libopencm3/lib/libopencm3_stm32l4.a(vector.o)
mem_manage_handler                                /home/ryan/Documents/Gitlab/embedded-systems-development-milestones/libopencm3/lib/libopencm3_stm32l4.a(vector.o)
nmi_handler                                       /home/ryan/Documents/Gitlab/embedded-systems-development-milestones/libopencm3/lib/libopencm3_stm32l4.a(vector.o)
null_handler                                      /home/ryan/Documents/Gitlab/embedded-systems-development-milestones/libopencm3/lib/libopencm3_stm32l4.a(vector.o)
otg_fs_isr                                        /home/ryan/Documents/Gitlab/embedded-systems-development-milestones/libopencm3/lib/libopencm3_stm32l4.a(vector.o)
pend_sv_handler                                   /home/ryan/Documents/Gitlab/embedded-systems-development-milestones/libopencm3/lib/libopencm3_stm32l4.a(vector.o)
pvd_pvm_isr                                       /home/ryan/Documents/Gitlab/embedded-systems-development-milestones/libopencm3/lib/libopencm3_stm32l4.a(vector.o)
quadspi_isr                                       /home/ryan/Documents/Gitlab/embedded-systems-development-milestones/libopencm3/lib/libopencm3_stm32l4.a(vector.o)
rcc_ahb_frequency                                 /home/ryan/Documents/Gitlab/embedded-systems-development-milestones/libopencm3/lib/libopencm3_stm32l4.a(rcc.o)
rcc_apb1_frequency                                /home/ryan/Documents/Gitlab/embedded-systems-development-milestones/libopencm3/lib/libopencm3_stm32l4.a(rcc.o)
rcc_apb2_frequency                                /home/ryan/Documents/Gitlab/embedded-systems-development-milestones/libopencm3/lib/libopencm3_stm32l4.a(rcc.o)
rcc_css_disable                                   /home/ryan/Documents/Gitlab/embedded-systems-development-milestones/libopencm3/lib/libopencm3_stm32l4.a(rcc.o)
rcc_css_enable                                    /home/ryan/Documents/Gitlab/embedded-systems-development-milestones/libopencm3/lib/libopencm3_stm32l4.a(rcc.o)
rcc_css_int_clear                                 /home/ryan/Documents/Gitlab/embedded-systems-development-milestones/libopencm3/lib/libopencm3_stm32l4.a(rcc.o)
rcc_css_int_flag                                  /home/ryan/Documents/Gitlab/embedded-systems-development-milestones/libopencm3/lib/libopencm3_stm32l4.a(rcc.o)
rcc_disable_rtc_clock                             /home/ryan/Documents/Gitlab/embedded-systems-development-milestones/libopencm3/lib/libopencm3_stm32l4.a(rcc.o)
rcc_enable_rtc_clock                              /home/ryan/Documents/Gitlab/embedded-systems-development-milestones/libopencm3/lib/libopencm3_stm32l4.a(rcc.o)
rcc_get_div_from_hpre                             /home/ryan/Documents/Gitlab/embedded-systems-development-milestones/libopencm3/lib/libopencm3_stm32l4.a(rcc_common_all.o)
                                                  /home/ryan/Documents/Gitlab/embedded-systems-development-milestones/libopencm3/lib/libopencm3_stm32l4.a(rcc.o)
rcc_get_i2c_clk_freq                              /home/ryan/Documents/Gitlab/embedded-systems-development-milestones/libopencm3/lib/libopencm3_stm32l4.a(rcc.o)
rcc_get_spi_clk_freq                              /home/ryan/Documents/Gitlab/embedded-systems-development-milestones/libopencm3/lib/libopencm3_stm32l4.a(rcc.o)
rcc_get_timer_clk_freq                            /home/ryan/Documents/Gitlab/embedded-systems-development-milestones/libopencm3/lib/libopencm3_stm32l4.a(rcc.o)
rcc_get_usart_clk_freq                            /home/ryan/Documents/Gitlab/embedded-systems-development-milestones/libopencm3/lib/libopencm3_stm32l4.a(rcc.o)
rcc_is_osc_ready                                  /home/ryan/Documents/Gitlab/embedded-systems-development-milestones/libopencm3/lib/libopencm3_stm32l4.a(rcc.o)
rcc_isr                                           /home/ryan/Documents/Gitlab/embedded-systems-development-milestones/libopencm3/lib/libopencm3_stm32l4.a(vector.o)
rcc_osc_bypass_disable                            /home/ryan/Documents/Gitlab/embedded-systems-development-milestones/libopencm3/lib/libopencm3_stm32l4.a(rcc_common_all.o)
rcc_osc_bypass_enable                             /home/ryan/Documents/Gitlab/embedded-systems-development-milestones/libopencm3/lib/libopencm3_stm32l4.a(rcc_common_all.o)
rcc_osc_off                                       /home/ryan/Documents/Gitlab/embedded-systems-development-milestones/libopencm3/lib/libopencm3_stm32l4.a(rcc.o)
rcc_osc_on                                        /home/ryan/Documents/Gitlab/embedded-systems-development-milestones/libopencm3/lib/libopencm3_stm32l4.a(rcc.o)
rcc_osc_ready_int_clear                           /home/ryan/Documents/Gitlab/embedded-systems-development-milestones/libopencm3/lib/libopencm3_stm32l4.a(rcc.o)
rcc_osc_ready_int_disable                         /home/ryan/Documents/Gitlab/embedded-systems-development-milestones/libopencm3/lib/libopencm3_stm32l4.a(rcc.o)
rcc_osc_ready_int_enable                          /home/ryan/Documents/Gitlab/embedded-systems-development-milestones/libopencm3/lib/libopencm3_stm32l4.a(rcc.o)
rcc_osc_ready_int_flag                            /home/ryan/Documents/Gitlab/embedded-systems-development-milestones/libopencm3/lib/libopencm3_stm32l4.a(rcc.o)
rcc_periph_clock_disable                          /home/ryan/Documents/Gitlab/embedded-systems-development-milestones/libopencm3/lib/libopencm3_stm32l4.a(rcc_common_all.o)
rcc_periph_clock_enable                           /home/ryan/Documents/Gitlab/embedded-systems-development-milestones/libopencm3/lib/libopencm3_stm32l4.a(rcc_common_all.o)
                                                  Build/Racolon42_c.o
rcc_periph_reset_hold                             /home/ryan/Documents/Gitlab/embedded-systems-development-milestones/libopencm3/lib/libopencm3_stm32l4.a(rcc_common_all.o)
rcc_periph_reset_pulse                            /home/ryan/Documents/Gitlab/embedded-systems-development-milestones/libopencm3/lib/libopencm3_stm32l4.a(rcc_common_all.o)
rcc_periph_reset_release                          /home/ryan/Documents/Gitlab/embedded-systems-development-milestones/libopencm3/lib/libopencm3_stm32l4.a(rcc_common_all.o)
rcc_peripheral_clear_reset                        /home/ryan/Documents/Gitlab/embedded-systems-development-milestones/libopencm3/lib/libopencm3_stm32l4.a(rcc_common_all.o)
rcc_peripheral_disable_clock                      /home/ryan/Documents/Gitlab/embedded-systems-development-milestones/libopencm3/lib/libopencm3_stm32l4.a(rcc_common_all.o)
rcc_peripheral_enable_clock                       /home/ryan/Documents/Gitlab/embedded-systems-development-milestones/libopencm3/lib/libopencm3_stm32l4.a(rcc_common_all.o)
rcc_peripheral_reset                              /home/ryan/Documents/Gitlab/embedded-systems-development-milestones/libopencm3/lib/libopencm3_stm32l4.a(rcc_common_all.o)
rcc_pll_output_enable                             /home/ryan/Documents/Gitlab/embedded-systems-development-milestones/libopencm3/lib/libopencm3_stm32l4.a(rcc.o)
rcc_set_clock48_source                            /home/ryan/Documents/Gitlab/embedded-systems-development-milestones/libopencm3/lib/libopencm3_stm32l4.a(rcc.o)
rcc_set_hpre                                      /home/ryan/Documents/Gitlab/embedded-systems-development-milestones/libopencm3/lib/libopencm3_stm32l4.a(rcc.o)
rcc_set_main_pll                                  /home/ryan/Documents/Gitlab/embedded-systems-development-milestones/libopencm3/lib/libopencm3_stm32l4.a(rcc.o)
                                                  Build/Racolon42_c.o
rcc_set_mco                                       /home/ryan/Documents/Gitlab/embedded-systems-development-milestones/libopencm3/lib/libopencm3_stm32l4.a(rcc_common_all.o)
rcc_set_msi_range                                 /home/ryan/Documents/Gitlab/embedded-systems-development-milestones/libopencm3/lib/libopencm3_stm32l4.a(rcc.o)
rcc_set_msi_range_standby                         /home/ryan/Documents/Gitlab/embedded-systems-development-milestones/libopencm3/lib/libopencm3_stm32l4.a(rcc.o)
rcc_set_pll_source                                /home/ryan/Documents/Gitlab/embedded-systems-development-milestones/libopencm3/lib/libopencm3_stm32l4.a(rcc.o)
rcc_set_ppre1                                     /home/ryan/Documents/Gitlab/embedded-systems-development-milestones/libopencm3/lib/libopencm3_stm32l4.a(rcc.o)
rcc_set_ppre2                                     /home/ryan/Documents/Gitlab/embedded-systems-development-milestones/libopencm3/lib/libopencm3_stm32l4.a(rcc.o)
rcc_set_rtc_clock_source                          /home/ryan/Documents/Gitlab/embedded-systems-development-milestones/libopencm3/lib/libopencm3_stm32l4.a(rcc.o)
rcc_set_sysclk_source                             /home/ryan/Documents/Gitlab/embedded-systems-development-milestones/libopencm3/lib/libopencm3_stm32l4.a(rcc.o)
rcc_system_clock_source                           /home/ryan/Documents/Gitlab/embedded-systems-development-milestones/libopencm3/lib/libopencm3_stm32l4.a(rcc.o)
rcc_wait_for_osc_ready                            /home/ryan/Documents/Gitlab/embedded-systems-development-milestones/libopencm3/lib/libopencm3_stm32l4.a(rcc.o)
rcc_wait_for_sysclk_status                        /home/ryan/Documents/Gitlab/embedded-systems-development-milestones/libopencm3/lib/libopencm3_stm32l4.a(rcc.o)
reset_handler                                     /home/ryan/Documents/Gitlab/embedded-systems-development-milestones/libopencm3/lib/libopencm3_stm32l4.a(vector.o)
rng_isr                                           /home/ryan/Documents/Gitlab/embedded-systems-development-milestones/libopencm3/lib/libopencm3_stm32l4.a(vector.o)
rtc_alarm_isr                                     /home/ryan/Documents/Gitlab/embedded-systems-development-milestones/libopencm3/lib/libopencm3_stm32l4.a(vector.o)
rtc_wkup_isr                                      /home/ryan/Documents/Gitlab/embedded-systems-development-milestones/libopencm3/lib/libopencm3_stm32l4.a(vector.o)
sai1_isr                                          /home/ryan/Documents/Gitlab/embedded-systems-development-milestones/libopencm3/lib/libopencm3_stm32l4.a(vector.o)
sai2_isr                                          /home/ryan/Documents/Gitlab/embedded-systems-development-milestones/libopencm3/lib/libopencm3_stm32l4.a(vector.o)
sdmmc1_isr                                        /home/ryan/Documents/Gitlab/embedded-systems-development-milestones/libopencm3/lib/libopencm3_stm32l4.a(vector.o)
spi1_isr                                          /home/ryan/Documents/Gitlab/embedded-systems-development-milestones/libopencm3/lib/libopencm3_stm32l4.a(vector.o)
spi2_isr                                          /home/ryan/Documents/Gitlab/embedded-systems-development-milestones/libopencm3/lib/libopencm3_stm32l4.a(vector.o)
spi3_isr                                          /home/ryan/Documents/Gitlab/embedded-systems-development-milestones/libopencm3/lib/libopencm3_stm32l4.a(vector.o)
sv_call_handler                                   /home/ryan/Documents/Gitlab/embedded-systems-development-milestones/libopencm3/lib/libopencm3_stm32l4.a(vector.o)
swpmi1_isr                                        /home/ryan/Documents/Gitlab/embedded-systems-development-milestones/libopencm3/lib/libopencm3_stm32l4.a(vector.o)
sys_tick_handler                                  /home/ryan/Documents/Gitlab/embedded-systems-development-milestones/libopencm3/lib/libopencm3_stm32l4.a(vector.o)
tamp_stamp_isr                                    /home/ryan/Documents/Gitlab/embedded-systems-development-milestones/libopencm3/lib/libopencm3_stm32l4.a(vector.o)
tim1_brk_tim15_isr                                /home/ryan/Documents/Gitlab/embedded-systems-development-milestones/libopencm3/lib/libopencm3_stm32l4.a(vector.o)
tim1_cc_isr                                       /home/ryan/Documents/Gitlab/embedded-systems-development-milestones/libopencm3/lib/libopencm3_stm32l4.a(vector.o)
tim1_trg_com_tim17_isr                            /home/ryan/Documents/Gitlab/embedded-systems-development-milestones/libopencm3/lib/libopencm3_stm32l4.a(vector.o)
tim1_up_tim16_isr                                 /home/ryan/Documents/Gitlab/embedded-systems-development-milestones/libopencm3/lib/libopencm3_stm32l4.a(vector.o)
tim2_isr                                          /home/ryan/Documents/Gitlab/embedded-systems-development-milestones/libopencm3/lib/libopencm3_stm32l4.a(vector.o)
tim3_isr                                          /home/ryan/Documents/Gitlab/embedded-systems-development-milestones/libopencm3/lib/libopencm3_stm32l4.a(vector.o)
tim4_isr                                          /home/ryan/Documents/Gitlab/embedded-systems-development-milestones/libopencm3/lib/libopencm3_stm32l4.a(vector.o)
tim5_isr                                          /home/ryan/Documents/Gitlab/embedded-systems-development-milestones/libopencm3/lib/libopencm3_stm32l4.a(vector.o)
tim6_dacunder_isr                                 /home/ryan/Documents/Gitlab/embedded-systems-development-milestones/libopencm3/lib/libopencm3_stm32l4.a(vector.o)
tim7_isr                                          /home/ryan/Documents/Gitlab/embedded-systems-development-milestones/libopencm3/lib/libopencm3_stm32l4.a(vector.o)
tim8_brk_isr                                      /home/ryan/Documents/Gitlab/embedded-systems-development-milestones/libopencm3/lib/libopencm3_stm32l4.a(vector.o)
tim8_cc_isr                                       /home/ryan/Documents/Gitlab/embedded-systems-development-milestones/libopencm3/lib/libopencm3_stm32l4.a(vector.o)
tim8_trg_com_isr                                  /home/ryan/Documents/Gitlab/embedded-systems-development-milestones/libopencm3/lib/libopencm3_stm32l4.a(vector.o)
tim8_up_isr                                       /home/ryan/Documents/Gitlab/embedded-systems-development-milestones/libopencm3/lib/libopencm3_stm32l4.a(vector.o)
tsc_isr                                           /home/ryan/Documents/Gitlab/embedded-systems-development-milestones/libopencm3/lib/libopencm3_stm32l4.a(vector.o)
ttu_set_main_pll                                  Build/Racolon42_c.o
uart4_isr                                         /home/ryan/Documents/Gitlab/embedded-systems-development-milestones/libopencm3/lib/libopencm3_stm32l4.a(vector.o)
uart5_isr                                         /home/ryan/Documents/Gitlab/embedded-systems-development-milestones/libopencm3/lib/libopencm3_stm32l4.a(vector.o)
usage_fault_handler                               /home/ryan/Documents/Gitlab/embedded-systems-development-milestones/libopencm3/lib/libopencm3_stm32l4.a(vector.o)
usart1_isr                                        /home/ryan/Documents/Gitlab/embedded-systems-development-milestones/libopencm3/lib/libopencm3_stm32l4.a(vector.o)
usart2_isr                                        /home/ryan/Documents/Gitlab/embedded-systems-development-milestones/libopencm3/lib/libopencm3_stm32l4.a(vector.o)
usart3_isr                                        /home/ryan/Documents/Gitlab/embedded-systems-development-milestones/libopencm3/lib/libopencm3_stm32l4.a(vector.o)
vector_table                                      /home/ryan/Documents/Gitlab/embedded-systems-development-milestones/libopencm3/lib/libopencm3_stm32l4.a(vector.o)
wwdg_isr                                          /home/ryan/Documents/Gitlab/embedded-systems-development-milestones/libopencm3/lib/libopencm3_stm32l4.a(vector.o)
