Archive member included to satisfy reference by file (symbol)

/home/lubuntu/Documents/ARMToolchain/gcc-arm-none-eabi-10.3-2021.10/bin/../lib/gcc/arm-none-eabi/10.3.1/../../../../arm-none-eabi/lib/thumb/v7e-m+fp/hard/libc_nano.a(lib_a-assert.o)
                              Build/m2a.o (__assert_func)
/home/lubuntu/Documents/ARMToolchain/gcc-arm-none-eabi-10.3-2021.10/bin/../lib/gcc/arm-none-eabi/10.3.1/../../../../arm-none-eabi/lib/thumb/v7e-m+fp/hard/libc_nano.a(lib_a-errno.o)
                              Build/m2a.o (__errno)
/home/lubuntu/Documents/ARMToolchain/gcc-arm-none-eabi-10.3-2021.10/bin/../lib/gcc/arm-none-eabi/10.3.1/../../../../arm-none-eabi/lib/thumb/v7e-m+fp/hard/libc_nano.a(lib_a-fprintf.o)
                              /home/lubuntu/Documents/ARMToolchain/gcc-arm-none-eabi-10.3-2021.10/bin/../lib/gcc/arm-none-eabi/10.3.1/../../../../arm-none-eabi/lib/thumb/v7e-m+fp/hard/libc_nano.a(lib_a-assert.o) (fiprintf)
/home/lubuntu/Documents/ARMToolchain/gcc-arm-none-eabi-10.3-2021.10/bin/../lib/gcc/arm-none-eabi/10.3.1/../../../../arm-none-eabi/lib/thumb/v7e-m+fp/hard/libc_nano.a(lib_a-impure.o)
                              /home/lubuntu/Documents/ARMToolchain/gcc-arm-none-eabi-10.3-2021.10/bin/../lib/gcc/arm-none-eabi/10.3.1/../../../../arm-none-eabi/lib/thumb/v7e-m+fp/hard/libc_nano.a(lib_a-assert.o) (_impure_ptr)
/home/lubuntu/Documents/ARMToolchain/gcc-arm-none-eabi-10.3-2021.10/bin/../lib/gcc/arm-none-eabi/10.3.1/../../../../arm-none-eabi/lib/thumb/v7e-m+fp/hard/libc_nano.a(lib_a-nano-vfprintf.o)
                              /home/lubuntu/Documents/ARMToolchain/gcc-arm-none-eabi-10.3-2021.10/bin/../lib/gcc/arm-none-eabi/10.3.1/../../../../arm-none-eabi/lib/thumb/v7e-m+fp/hard/libc_nano.a(lib_a-fprintf.o) (_vfprintf_r)
/home/lubuntu/Documents/ARMToolchain/gcc-arm-none-eabi-10.3-2021.10/bin/../lib/gcc/arm-none-eabi/10.3.1/../../../../arm-none-eabi/lib/thumb/v7e-m+fp/hard/libc_nano.a(lib_a-nano-vfprintf_i.o)
                              /home/lubuntu/Documents/ARMToolchain/gcc-arm-none-eabi-10.3-2021.10/bin/../lib/gcc/arm-none-eabi/10.3.1/../../../../arm-none-eabi/lib/thumb/v7e-m+fp/hard/libc_nano.a(lib_a-nano-vfprintf.o) (_printf_i)
/home/lubuntu/Documents/ARMToolchain/gcc-arm-none-eabi-10.3-2021.10/bin/../lib/gcc/arm-none-eabi/10.3.1/../../../../arm-none-eabi/lib/thumb/v7e-m+fp/hard/libc_nano.a(lib_a-printf.o)
                              Build/m2a.o (printf)
/home/lubuntu/Documents/ARMToolchain/gcc-arm-none-eabi-10.3-2021.10/bin/../lib/gcc/arm-none-eabi/10.3.1/../../../../arm-none-eabi/lib/thumb/v7e-m+fp/hard/libc_nano.a(lib_a-wbuf.o)
                              /home/lubuntu/Documents/ARMToolchain/gcc-arm-none-eabi-10.3-2021.10/bin/../lib/gcc/arm-none-eabi/10.3.1/../../../../arm-none-eabi/lib/thumb/v7e-m+fp/hard/libc_nano.a(lib_a-nano-vfprintf.o) (__swbuf_r)
/home/lubuntu/Documents/ARMToolchain/gcc-arm-none-eabi-10.3-2021.10/bin/../lib/gcc/arm-none-eabi/10.3.1/../../../../arm-none-eabi/lib/thumb/v7e-m+fp/hard/libc_nano.a(lib_a-wsetup.o)
                              /home/lubuntu/Documents/ARMToolchain/gcc-arm-none-eabi-10.3-2021.10/bin/../lib/gcc/arm-none-eabi/10.3.1/../../../../arm-none-eabi/lib/thumb/v7e-m+fp/hard/libc_nano.a(lib_a-nano-vfprintf.o) (__swsetup_r)
/home/lubuntu/Documents/ARMToolchain/gcc-arm-none-eabi-10.3-2021.10/bin/../lib/gcc/arm-none-eabi/10.3.1/../../../../arm-none-eabi/lib/thumb/v7e-m+fp/hard/libc_nano.a(lib_a-abort.o)
                              /home/lubuntu/Documents/ARMToolchain/gcc-arm-none-eabi-10.3-2021.10/bin/../lib/gcc/arm-none-eabi/10.3.1/../../../../arm-none-eabi/lib/thumb/v7e-m+fp/hard/libc_nano.a(lib_a-assert.o) (abort)
/home/lubuntu/Documents/ARMToolchain/gcc-arm-none-eabi-10.3-2021.10/bin/../lib/gcc/arm-none-eabi/10.3.1/../../../../arm-none-eabi/lib/thumb/v7e-m+fp/hard/libc_nano.a(lib_a-fflush.o)
                              /home/lubuntu/Documents/ARMToolchain/gcc-arm-none-eabi-10.3-2021.10/bin/../lib/gcc/arm-none-eabi/10.3.1/../../../../arm-none-eabi/lib/thumb/v7e-m+fp/hard/libc_nano.a(lib_a-wbuf.o) (_fflush_r)
/home/lubuntu/Documents/ARMToolchain/gcc-arm-none-eabi-10.3-2021.10/bin/../lib/gcc/arm-none-eabi/10.3.1/../../../../arm-none-eabi/lib/thumb/v7e-m+fp/hard/libc_nano.a(lib_a-findfp.o)
                              /home/lubuntu/Documents/ARMToolchain/gcc-arm-none-eabi-10.3-2021.10/bin/../lib/gcc/arm-none-eabi/10.3.1/../../../../arm-none-eabi/lib/thumb/v7e-m+fp/hard/libc_nano.a(lib_a-nano-vfprintf.o) (__sinit)
/home/lubuntu/Documents/ARMToolchain/gcc-arm-none-eabi-10.3-2021.10/bin/../lib/gcc/arm-none-eabi/10.3.1/../../../../arm-none-eabi/lib/thumb/v7e-m+fp/hard/libc_nano.a(lib_a-fvwrite.o)
                              /home/lubuntu/Documents/ARMToolchain/gcc-arm-none-eabi-10.3-2021.10/bin/../lib/gcc/arm-none-eabi/10.3.1/../../../../arm-none-eabi/lib/thumb/v7e-m+fp/hard/libc_nano.a(lib_a-nano-vfprintf.o) (__sfvwrite_r)
[...]
Memory Configuration

Name             Origin             Length             Attributes
rom              0x0000000008000000 0x000000000003e800 xr
ram              0x0000000020000000 0x0000000000028000 xrw
*default*        0x0000000000000000 0xffffffffffffffff

Linker script and memory map

LOAD Build/m2a.o
LOAD /home/lubuntu/Documents/ARMToolchain/gcc-arm-none-eabi-10.3-2021.10/bin/../lib/gcc/arm-none-eabi/10.3.1/../../../../arm-none-eabi/lib/thumb/v7e-m+fp/hard/libc_nano.a
LOAD /home/lubuntu/Documents/ARMToolchain/gcc-arm-none-eabi-10.3-2021.10/bin/../lib/gcc/arm-none-eabi/10.3.1/../../../../arm-none-eabi/lib/thumb/v7e-m+fp/hard/libm.a
LOAD /home/lubuntu/Documents/ARMToolchain/gcc-arm-none-eabi-10.3-2021.10/bin/../lib/gcc/arm-none-eabi/10.3.1/../../../../arm-none-eabi/lib/thumb/v7e-m+fp/hard/libnosys.a
LOAD /home/lubuntu/Documents/libOpenCM3/libopencm3/lib/libopencm3_stm32l4.a
START GROUP
LOAD /home/lubuntu/Documents/ARMToolchain/gcc-arm-none-eabi-10.3-2021.10/bin/../lib/gcc/arm-none-eabi/10.3.1/thumb/v7e-m+fp/hard/libgcc.a
LOAD /home/lubuntu/Documents/ARMToolchain/gcc-arm-none-eabi-10.3-2021.10/bin/../lib/gcc/arm-none-eabi/10.3.1/../../../../arm-none-eabi/lib/thumb/v7e-m+fp/hard/libc_nano.a
END GROUP
START GROUP
LOAD /home/lubuntu/Documents/ARMToolchain/gcc-arm-none-eabi-10.3-2021.10/bin/../lib/gcc/arm-none-eabi/10.3.1/thumb/v7e-m+fp/hard/libgcc.a
LOAD /home/lubuntu/Documents/ARMToolchain/gcc-arm-none-eabi-10.3-2021.10/bin/../lib/gcc/arm-none-eabi/10.3.1/../../../../arm-none-eabi/lib/thumb/v7e-m+fp/hard/libc_nano.a
LOAD /home/lubuntu/Documents/ARMToolchain/gcc-arm-none-eabi-10.3-2021.10/bin/../lib/gcc/arm-none-eabi/10.3.1/../../../../arm-none-eabi/lib/thumb/v7e-m+fp/hard/libnosys.a
END GROUP
START GROUP
LOAD /home/lubuntu/Documents/ARMToolchain/gcc-arm-none-eabi-10.3-2021.10/bin/../lib/gcc/arm-none-eabi/10.3.1/thumb/v7e-m+fp/hard/libgcc.a
LOAD /home/lubuntu/Documents/ARMToolchain/gcc-arm-none-eabi-10.3-2021.10/bin/../lib/gcc/arm-none-eabi/10.3.1/../../../../arm-none-eabi/lib/thumb/v7e-m+fp/hard/libc_nano.a
LOAD /home/lubuntu/Documents/ARMToolchain/gcc-arm-none-eabi-10.3-2021.10/bin/../lib/gcc/arm-none-eabi/10.3.1/../../../../arm-none-eabi/lib/thumb/v7e-m+fp/hard/libnosys.a
END GROUP

.text           0x0000000008000000     0x1d54
 *(.vectors)
 .vectors       0x0000000008000000      0x1ac /home/lubuntu/Documents/libOpenCM3/libopencm3/lib/libopencm3_stm32l4.a(vector.o)
                0x0000000008000000                vector_table
 *(.text*)
 .text.fn_advancePointer
                0x00000000080001ac       0x58 Build/m2a.o
 .text.fn_retreatPointer
                0x0000000008000204       0x34 Build/m2a.o
 .text.clock_setup
                0x0000000008000238       0x46 Build/m2a.o
                0x0000000008000238                clock_setup
 *fill*         0x000000000800027e        0x2 
 .text.usart_setup
                0x0000000008000280       0x60 Build/m2a.o
                0x0000000008000280                usart_setup
 .text.fn_circBuffReset
                0x00000000080002e0       0x28 Build/m2a.o
                0x00000000080002e0                fn_circBuffReset
 .text.fn_circBuffEmpty
                0x0000000008000308       0x34 Build/m2a.o
                0x0000000008000308                fn_circBuffEmpty
 .text.fn_circBuffInit
                0x000000000800033c       0x44 Build/m2a.o
                0x000000000800033c                fn_circBuffInit
 .text.fn_circBuffPut
                0x0000000008000380       0x30 Build/m2a.o
                0x0000000008000380                fn_circBuffPut
 .text.fn_circBuffGet
                0x00000000080003b0       0x60 Build/m2a.o
                0x00000000080003b0                fn_circBuffGet
 .text._write   0x0000000008000410       0x44 Build/m2a.o
                0x0000000008000410                _write
 .text.fn_convertToCaps
                0x0000000008000454       0x12 Build/m2a.o
                0x0000000008000454                fn_convertToCaps
 *fill*         0x0000000008000466        0x2 
 .text.fn_encryptText
                0x0000000008000468       0x4c Build/m2a.o
                0x0000000008000468                fn_encryptText
 .text.fn_decryptText
                0x00000000080004b4       0x4c Build/m2a.o
                0x00000000080004b4                fn_decryptText
 .text.setup_tim3
                0x0000000008000500       0x34 Build/m2a.o
                0x0000000008000500                setup_tim3
 .text.main     0x0000000008000534      0x140 Build/m2a.o
                0x0000000008000534                main
 .text.__assert_func
                0x0000000008000674       0x3c /home/lubuntu/Documents/ARMToolchain/gcc-arm-none-eabi-10.3-2021.10/bin/../lib/gcc/arm-none-eabi/10.3.1/../../../../arm-none-eabi/lib/thumb/v7e-m+fp/hard/libc_nano.a(lib_a-assert.o)
                0x0000000008000674                __assert_func
 .text.__errno  0x00000000080006b0        0xc /home/lubuntu/Documents/ARMToolchain/gcc-arm-none-eabi-10.3-2021.10/bin/../lib/gcc/arm-none-eabi/10.3.1/../../../../arm-none-eabi/lib/thumb/v7e-m+fp/hard/libc_nano.a(lib_a-errno.o)
                0x00000000080006b0                __errno
 .text.fprintf  0x00000000080006bc       0x24 /home/lubuntu/Documents/ARMToolchain/gcc-arm-none-eabi-10.3-2021.10/bin/../lib/gcc/arm-none-eabi/10.3.1/../../../../arm-none-eabi/lib/thumb/v7e-m+fp/hard/libc_nano.a(lib_a-fprintf.o)
                0x00000000080006bc                fprintf
                0x00000000080006bc                fiprintf
 .text.__sfputc_r
                0x00000000080006e0       0x2e /home/lubuntu/Documents/ARMToolchain/gcc-arm-none-eabi-10.3-2021.10/bin/../lib/gcc/arm-none-eabi/10.3.1/../../../../arm-none-eabi/lib/thumb/v7e-m+fp/hard/libc_nano.a(lib_a-nano-vfprintf.o)
 .text.__sfputs_r
                0x000000000800070e       0x24 /home/lubuntu/Documents/ARMToolchain/gcc-arm-none-eabi-10.3-2021.10/bin/../lib/gcc/arm-none-eabi/10.3.1/../../../../arm-none-eabi/lib/thumb/v7e-m+fp/hard/libc_nano.a(lib_a-nano-vfprintf.o)
                0x000000000800070e                __sfputs_r
 *fill*         0x0000000008000732        0x2 
 .text._vfprintf_r
                0x0000000008000734      0x260 /home/lubuntu/Documents/ARMToolchain/gcc-arm-none-eabi-10.3-2021.10/bin/../lib/gcc/arm-none-eabi/10.3.1/../../../../arm-none-eabi/lib/thumb/v7e-m+fp/hard/libc_nano.a(lib_a-nano-vfprintf.o)
                0x0000000008000734                _vfiprintf_r
                0x0000000008000734                _vfprintf_r
 .text._printf_common
                0x0000000008000994       0xda /home/lubuntu/Documents/ARMToolchain/gcc-arm-none-eabi-10.3-2021.10/bin/../lib/gcc/arm-none-eabi/10.3.1/../../../../arm-none-eabi/lib/thumb/v7e-m+fp/hard/libc_nano.a(lib_a-nano-vfprintf_i.o)
                0x0000000008000994                _printf_common
 *fill*         0x0000000008000a6e        0x2 
 .text._printf_i
                0x0000000008000a70      0x24c /home/lubuntu/Documents/ARMToolchain/gcc-arm-none-eabi-10.3-2021.10/bin/../lib/gcc/arm-none-eabi/10.3.1/../../../../arm-none-eabi/lib/thumb/v7e-m+fp/hard/libc_nano.a(lib_a-nano-vfprintf_i.o)
                0x0000000008000a70                _printf_i
 .text.printf   0x0000000008000cbc       0x30 /home/lubuntu/Documents/ARMToolchain/gcc-arm-none-eabi-10.3-2021.10/bin/../lib/gcc/arm-none-eabi/10.3.1/../../../../arm-none-eabi/lib/thumb/v7e-m+fp/hard/libc_nano.a(lib_a-printf.o)
                0x0000000008000cbc                printf
                0x0000000008000cbc                iprintf
 .text.__swbuf_r
                0x0000000008000cec       0xa4 /home/lubuntu/Documents/ARMToolchain/gcc-arm-none-eabi-10.3-2021.10/bin/../lib/gcc/arm-none-eabi/10.3.1/../../../../arm-none-eabi/lib/thumb/v7e-m+fp/hard/libc_nano.a(lib_a-wbuf.o)
                0x0000000008000cec                __swbuf_r
 .text.__swsetup_r
                0x0000000008000d90       0xdc /home/lubuntu/Documents/ARMToolchain/gcc-arm-none-eabi-10.3-2021.10/bin/../lib/gcc/arm-none-eabi/10.3.1/../../../../arm-none-eabi/lib/thumb/v7e-m+fp/hard/libc_nano.a(lib_a-wsetup.o)
                0x0000000008000d90                __swsetup_r
 .text.abort    0x0000000008000e6c        0xe /home/lubuntu/Documents/ARMToolchain/gcc-arm-none-eabi-10.3-2021.10/bin/../lib/gcc/arm-none-eabi/10.3.1/../../../../arm-none-eabi/lib/thumb/v7e-m+fp/hard/libc_nano.a(lib_a-abort.o)
                0x0000000008000e6c                abort
 *fill*         0x0000000008000e7a        0x2 
 .text.__sflush_r
                0x0000000008000e7c      0x10c /home/lubuntu/Documents/ARMToolchain/gcc-arm-none-eabi-10.3-2021.10/bin/../lib/gcc/arm-none-eabi/10.3.1/../../../../arm-none-eabi/lib/thumb/v7e-m+fp/hard/libc_nano.a(lib_a-fflush.o)
                0x0000000008000e7c                __sflush_r
 .text._fflush_r
                0x0000000008000f88       0x78 /home/lubuntu/Documents/ARMToolchain/gcc-arm-none-eabi-10.3-2021.10/bin/../lib/gcc/arm-none-eabi/10.3.1/../../../../arm-none-eabi/lib/thumb/v7e-m+fp/hard/libc_nano.a(lib_a-fflush.o)
                0x0000000008000f88                _fflush_r
 .text.std      0x0000000008001000       0x48 /home/lubuntu/Documents/ARMToolchain/gcc-arm-none-eabi-10.3-2021.10/bin/../lib/gcc/arm-none-eabi/10.3.1/../../../../arm-none-eabi/lib/thumb/v7e-m+fp/hard/libc_nano.a(lib_a-findfp.o)
 .text._cleanup_r
                0x0000000008001048        0xc /home/lubuntu/Documents/ARMToolchain/gcc-arm-none-eabi-10.3-2021.10/bin/../lib/gcc/arm-none-eabi/10.3.1/../../../../arm-none-eabi/lib/thumb/v7e-m+fp/hard/libc_nano.a(lib_a-findfp.o)
                0x0000000008001048                _cleanup_r
 .text.__sfmoreglue
                0x0000000008001054       0x2c /home/lubuntu/Documents/ARMToolchain/gcc-arm-none-eabi-10.3-2021.10/bin/../lib/gcc/arm-none-eabi/10.3.1/../../../../arm-none-eabi/lib/thumb/v7e-m+fp/hard/libc_nano.a(lib_a-findfp.o)
                0x0000000008001054                __sfmoreglue
 .text.__sfp_lock_acquire
                0x0000000008001080        0xc /home/lubuntu/Documents/ARMToolchain/gcc-arm-none-eabi-10.3-2021.10/bin/../lib/gcc/arm-none-eabi/10.3.1/../../../../arm-none-eabi/lib/thumb/v7e-m+fp/hard/libc_nano.a(lib_a-findfp.o)
                0x0000000008001080                __sfp_lock_acquire
 .text.__sfp_lock_release
                0x000000000800108c        0xc /home/lubuntu/Documents/ARMToolchain/gcc-arm-none-eabi-10.3-2021.10/bin/../lib/gcc/arm-none-eabi/10.3.1/../../../../arm-none-eabi/lib/thumb/v7e-m+fp/hard/libc_nano.a(lib_a-findfp.o)
                0x000000000800108c                __sfp_lock_release
 .text.__sinit_lock_acquire
                0x0000000008001098        0xc /home/lubuntu/Documents/ARMToolchain/gcc-arm-none-eabi-10.3-2021.10/bin/../lib/gcc/arm-none-eabi/10.3.1/../../../../arm-none-eabi/lib/thumb/v7e-m+fp/hard/libc_nano.a(lib_a-findfp.o)
                0x0000000008001098                __sinit_lock_acquire
 .text.__sinit_lock_release
                0x00000000080010a4        0xc /home/lubuntu/Documents/ARMToolchain/gcc-arm-none-eabi-10.3-2021.10/bin/../lib/gcc/arm-none-eabi/10.3.1/../../../../arm-none-eabi/lib/thumb/v7e-m+fp/hard/libc_nano.a(lib_a-findfp.o)
                0x00000000080010a4                __sinit_lock_release
 .text.__sinit  0x00000000080010b0       0x70 /home/lubuntu/Documents/ARMToolchain/gcc-arm-none-eabi-10.3-2021.10/bin/../lib/gcc/arm-none-eabi/10.3.1/../../../../arm-none-eabi/lib/thumb/v7e-m+fp/hard/libc_nano.a(lib_a-findfp.o)
                0x00000000080010b0                __sinit
 .text.__sfp    0x0000000008001120       0x8c /home/lubuntu/Documents/ARMToolchain/gcc-arm-none-eabi-10.3-2021.10/bin/../lib/gcc/arm-none-eabi/10.3.1/../../../../arm-none-eabi/lib/thumb/v7e-m+fp/hard/libc_nano.a(lib_a-findfp.o)
                0x0000000008001120                __sfp
 .text._fwalk_reent
                0x00000000080011ac       0x3e /home/lubuntu/Documents/ARMToolchain/gcc-arm-none-eabi-10.3-2021.10/bin/../lib/gcc/arm-none-eabi/10.3.1/../../../../arm-none-eabi/lib/thumb/v7e-m+fp/hard/libc_nano.a(lib_a-fwalk.o)
                0x00000000080011ac                _fwalk_reent
 .text.__retarget_lock_init_recursive
                0x00000000080011ea        0x2 /home/lubuntu/Documents/ARMToolchain/gcc-arm-none-eabi-10.3-2021.10/bin/../lib/gcc/arm-none-eabi/10.3.1/../../../../arm-none-eabi/lib/thumb/v7e-m+fp/hard/libc_nano.a(lib_a-lock.o)
                0x00000000080011ea                __retarget_lock_init_recursive
 .text.__retarget_lock_acquire_recursive
                0x00000000080011ec        0x2 /home/lubuntu/Documents/ARMToolchain/gcc-arm-none-eabi-10.3-2021.10/bin/../lib/gcc/arm-none-eabi/10.3.1/../../../../arm-none-eabi/lib/thumb/v7e-m+fp/hard/libc_nano.a(lib_a-lock.o)
                0x00000000080011ec                __retarget_lock_acquire_recursive
 .text.__retarget_lock_release_recursive
                0x00000000080011ee        0x2 /home/lubuntu/Documents/ARMToolchain/gcc-arm-none-eabi-10.3-2021.10/bin/../lib/gcc/arm-none-eabi/10.3.1/../../../../arm-none-eabi/lib/thumb/v7e-m+fp/hard/libc_nano.a(lib_a-lock.o)
                0x00000000080011ee                __retarget_lock_release_recursive
 .text.__swhatbuf_r
                0x00000000080011f0       0x4a /home/lubuntu/Documents/ARMToolchain/gcc-arm-none-eabi-10.3-2021.10/bin/../lib/gcc/arm-none-eabi/10.3.1/../../../../arm-none-eabi/lib/thumb/v7e-m+fp/hard/libc_nano.a(lib_a-makebuf.o)
                0x00000000080011f0                __swhatbuf_r
 *fill*         0x000000000800123a        0x2 
 .text.__smakebuf_r
                0x000000000800123c       0x80 /home/lubuntu/Documents/ARMToolchain/gcc-arm-none-eabi-10.3-2021.10/bin/../lib/gcc/arm-none-eabi/10.3.1/../../../../arm-none-eabi/lib/thumb/v7e-m+fp/hard/libc_nano.a(lib_a-makebuf.o)
                0x000000000800123c                __smakebuf_r
 *fill*         0x00000000080012bc        0x4 
 .text          0x00000000080012c0       0xa0 /home/lubuntu/Documents/ARMToolchain/gcc-arm-none-eabi-10.3-2021.10/bin/../lib/gcc/arm-none-eabi/10.3.1/../../../../arm-none-eabi/lib/thumb/v7e-m+fp/hard/libc_nano.a(lib_a-memchr.o)
                0x00000000080012c0                memchr
 .text.memset   0x0000000008001360       0x10 /home/lubuntu/Documents/ARMToolchain/gcc-arm-none-eabi-10.3-2021.10/bin/../lib/gcc/arm-none-eabi/10.3.1/../../../../arm-none-eabi/lib/thumb/v7e-m+fp/hard/libc_nano.a(lib_a-memset.o)
                0x0000000008001360                memset
 .text._free_r  0x0000000008001370       0x98 /home/lubuntu/Documents/ARMToolchain/gcc-arm-none-eabi-10.3-2021.10/bin/../lib/gcc/arm-none-eabi/10.3.1/../../../../arm-none-eabi/lib/thumb/v7e-m+fp/hard/libc_nano.a(lib_a-nano-freer.o)
                0x0000000008001370                _free_r
 .text.sbrk_aligned
                0x0000000008001408       0x40 /home/lubuntu/Documents/ARMToolchain/gcc-arm-none-eabi-10.3-2021.10/bin/../lib/gcc/arm-none-eabi/10.3.1/../../../../arm-none-eabi/lib/thumb/v7e-m+fp/hard/libc_nano.a(lib_a-nano-mallocr.o)
 .text._malloc_r
                0x0000000008001448       0xe8 /home/lubuntu/Documents/ARMToolchain/gcc-arm-none-eabi-10.3-2021.10/bin/../lib/gcc/arm-none-eabi/10.3.1/../../../../arm-none-eabi/lib/thumb/v7e-m+fp/hard/libc_nano.a(lib_a-nano-mallocr.o)
                0x0000000008001448                _malloc_r
 .text._sbrk_r  0x0000000008001530       0x20 /home/lubuntu/Documents/ARMToolchain/gcc-arm-none-eabi-10.3-2021.10/bin/../lib/gcc/arm-none-eabi/10.3.1/../../../../arm-none-eabi/lib/thumb/v7e-m+fp/hard/libc_nano.a(lib_a-sbrkr.o)
                0x0000000008001530                _sbrk_r
 .text._raise_r
                0x0000000008001550       0x50 /home/lubuntu/Documents/ARMToolchain/gcc-arm-none-eabi-10.3-2021.10/bin/../lib/gcc/arm-none-eabi/10.3.1/../../../../arm-none-eabi/lib/thumb/v7e-m+fp/hard/libc_nano.a(lib_a-signal.o)
                0x0000000008001550                _raise_r
 .text.raise    0x00000000080015a0       0x10 /home/lubuntu/Documents/ARMToolchain/gcc-arm-none-eabi-10.3-2021.10/bin/../lib/gcc/arm-none-eabi/10.3.1/../../../../arm-none-eabi/lib/thumb/v7e-m+fp/hard/libc_nano.a(lib_a-signal.o)
                0x00000000080015a0                raise
 .text._kill_r  0x00000000080015b0       0x24 /home/lubuntu/Documents/ARMToolchain/gcc-arm-none-eabi-10.3-2021.10/bin/../lib/gcc/arm-none-eabi/10.3.1/../../../../arm-none-eabi/lib/thumb/v7e-m+fp/hard/libc_nano.a(lib_a-signalr.o)
                0x00000000080015b0                _kill_r
 .text._getpid_r
                0x00000000080015d4        0x4 /home/lubuntu/Documents/ARMToolchain/gcc-arm-none-eabi-10.3-2021.10/bin/../lib/gcc/arm-none-eabi/10.3.1/../../../../arm-none-eabi/lib/thumb/v7e-m+fp/hard/libc_nano.a(lib_a-signalr.o)
                0x00000000080015d4                _getpid_r
 .text.__sread  0x00000000080015d8       0x22 /home/lubuntu/Documents/ARMToolchain/gcc-arm-none-eabi-10.3-2021.10/bin/../lib/gcc/arm-none-eabi/10.3.1/../../../../arm-none-eabi/lib/thumb/v7e-m+fp/hard/libc_nano.a(lib_a-stdio.o)
                0x00000000080015d8                __sread
 .text.__swrite
                0x00000000080015fa       0x38 /home/lubuntu/Documents/ARMToolchain/gcc-arm-none-eabi-10.3-2021.10/bin/../lib/gcc/arm-none-eabi/10.3.1/../../../../arm-none-eabi/lib/thumb/v7e-m+fp/hard/libc_nano.a(lib_a-stdio.o)
                0x00000000080015fa                __swrite
 .text.__sseek  0x0000000008001632       0x24 /home/lubuntu/Documents/ARMToolchain/gcc-arm-none-eabi-10.3-2021.10/bin/../lib/gcc/arm-none-eabi/10.3.1/../../../../arm-none-eabi/lib/thumb/v7e-m+fp/hard/libc_nano.a(lib_a-stdio.o)
                0x0000000008001632                __sseek
 .text.__sclose
                0x0000000008001656        0x8 /home/lubuntu/Documents/ARMToolchain/gcc-arm-none-eabi-10.3-2021.10/bin/../lib/gcc/arm-none-eabi/10.3.1/../../../../arm-none-eabi/lib/thumb/v7e-m+fp/hard/libc_nano.a(lib_a-stdio.o)
                0x0000000008001656                __sclose
 *fill*         0x000000000800165e        0x2 
 .text._write_r
                0x0000000008001660       0x24 /home/lubuntu/Documents/ARMToolchain/gcc-arm-none-eabi-10.3-2021.10/bin/../lib/gcc/arm-none-eabi/10.3.1/../../../../arm-none-eabi/lib/thumb/v7e-m+fp/hard/libc_nano.a(lib_a-writer.o)
                0x0000000008001660                _write_r
 .text._close_r
                0x0000000008001684       0x20 /home/lubuntu/Documents/ARMToolchain/gcc-arm-none-eabi-10.3-2021.10/bin/../lib/gcc/arm-none-eabi/10.3.1/../../../../arm-none-eabi/lib/thumb/v7e-m+fp/hard/libc_nano.a(lib_a-closer.o)
                0x0000000008001684                _close_r
 .text._fstat_r
                0x00000000080016a4       0x24 /home/lubuntu/Documents/ARMToolchain/gcc-arm-none-eabi-10.3-2021.10/bin/../lib/gcc/arm-none-eabi/10.3.1/../../../../arm-none-eabi/lib/thumb/v7e-m+fp/hard/libc_nano.a(lib_a-fstatr.o)
                0x00000000080016a4                _fstat_r
 .text._isatty_r
                0x00000000080016c8       0x20 /home/lubuntu/Documents/ARMToolchain/gcc-arm-none-eabi-10.3-2021.10/bin/../lib/gcc/arm-none-eabi/10.3.1/../../../../arm-none-eabi/lib/thumb/v7e-m+fp/hard/libc_nano.a(lib_a-isattyr.o)
                0x00000000080016c8                _isatty_r
 .text._lseek_r
                0x00000000080016e8       0x24 /home/lubuntu/Documents/ARMToolchain/gcc-arm-none-eabi-10.3-2021.10/bin/../lib/gcc/arm-none-eabi/10.3.1/../../../../arm-none-eabi/lib/thumb/v7e-m+fp/hard/libc_nano.a(lib_a-lseekr.o)
                0x00000000080016e8                _lseek_r
 .text.__malloc_lock
                0x000000000800170c        0xc /home/lubuntu/Documents/ARMToolchain/gcc-arm-none-eabi-10.3-2021.10/bin/../lib/gcc/arm-none-eabi/10.3.1/../../../../arm-none-eabi/lib/thumb/v7e-m+fp/hard/libc_nano.a(lib_a-mlock.o)
                0x000000000800170c                __malloc_lock
 .text.__malloc_unlock
                0x0000000008001718        0xc /home/lubuntu/Documents/ARMToolchain/gcc-arm-none-eabi-10.3-2021.10/bin/../lib/gcc/arm-none-eabi/10.3.1/../../../../arm-none-eabi/lib/thumb/v7e-m+fp/hard/libc_nano.a(lib_a-mlock.o)
                0x0000000008001718                __malloc_unlock
 .text._read_r  0x0000000008001724       0x24 /home/lubuntu/Documents/ARMToolchain/gcc-arm-none-eabi-10.3-2021.10/bin/../lib/gcc/arm-none-eabi/10.3.1/../../../../arm-none-eabi/lib/thumb/v7e-m+fp/hard/libc_nano.a(lib_a-readr.o)
                0x0000000008001724                _read_r
 .text._close   0x0000000008001748       0x10 /home/lubuntu/Documents/ARMToolchain/gcc-arm-none-eabi-10.3-2021.10/bin/../lib/gcc/arm-none-eabi/10.3.1/../../../../arm-none-eabi/lib/thumb/v7e-m+fp/hard/libnosys.a(close.o)
                0x0000000008001748                _close
 .text._fstat   0x0000000008001758       0x10 /home/lubuntu/Documents/ARMToolchain/gcc-arm-none-eabi-10.3-2021.10/bin/../lib/gcc/arm-none-eabi/10.3.1/../../../../arm-none-eabi/lib/thumb/v7e-m+fp/hard/libnosys.a(fstat.o)
                0x0000000008001758                _fstat
 .text._getpid  0x0000000008001768       0x10 /home/lubuntu/Documents/ARMToolchain/gcc-arm-none-eabi-10.3-2021.10/bin/../lib/gcc/arm-none-eabi/10.3.1/../../../../arm-none-eabi/lib/thumb/v7e-m+fp/hard/libnosys.a(getpid.o)
                0x0000000008001768                _getpid
 .text._isatty  0x0000000008001778       0x10 /home/lubuntu/Documents/ARMToolchain/gcc-arm-none-eabi-10.3-2021.10/bin/../lib/gcc/arm-none-eabi/10.3.1/../../../../arm-none-eabi/lib/thumb/v7e-m+fp/hard/libnosys.a(isatty.o)
                0x0000000008001778                _isatty
 .text._kill    0x0000000008001788       0x10 /home/lubuntu/Documents/ARMToolchain/gcc-arm-none-eabi-10.3-2021.10/bin/../lib/gcc/arm-none-eabi/10.3.1/../../../../arm-none-eabi/lib/thumb/v7e-m+fp/hard/libnosys.a(kill.o)
                0x0000000008001788                _kill
 .text._lseek   0x0000000008001798       0x10 /home/lubuntu/Documents/ARMToolchain/gcc-arm-none-eabi-10.3-2021.10/bin/../lib/gcc/arm-none-eabi/10.3.1/../../../../arm-none-eabi/lib/thumb/v7e-m+fp/hard/libnosys.a(lseek.o)
                0x0000000008001798                _lseek
 .text._read    0x00000000080017a8       0x10 /home/lubuntu/Documents/ARMToolchain/gcc-arm-none-eabi-10.3-2021.10/bin/../lib/gcc/arm-none-eabi/10.3.1/../../../../arm-none-eabi/lib/thumb/v7e-m+fp/hard/libnosys.a(read.o)
                0x00000000080017a8                _read
 .text._sbrk    0x00000000080017b8       0x1c /home/lubuntu/Documents/ARMToolchain/gcc-arm-none-eabi-10.3-2021.10/bin/../lib/gcc/arm-none-eabi/10.3.1/../../../../arm-none-eabi/lib/thumb/v7e-m+fp/hard/libnosys.a(sbrk.o)
                0x00000000080017b8                _sbrk
 .text._exit    0x00000000080017d4        0x4 /home/lubuntu/Documents/ARMToolchain/gcc-arm-none-eabi-10.3-2021.10/bin/../lib/gcc/arm-none-eabi/10.3.1/../../../../arm-none-eabi/lib/thumb/v7e-m+fp/hard/libnosys.a(_exit.o)
                0x00000000080017d4                _exit
 .text.gpio_clear
                0x00000000080017d8        0x6 /home/lubuntu/Documents/libOpenCM3/libopencm3/lib/libopencm3_stm32l4.a(gpio_common_all.o)
                0x00000000080017d8                gpio_clear
 .text.gpio_get
                0x00000000080017de        0x6 /home/lubuntu/Documents/libOpenCM3/libopencm3/lib/libopencm3_stm32l4.a(gpio_common_all.o)
                0x00000000080017de                gpio_get
 .text.gpio_toggle
                0x00000000080017e4       0x12 /home/lubuntu/Documents/libOpenCM3/libopencm3/lib/libopencm3_stm32l4.a(gpio_common_all.o)
                0x00000000080017e4                gpio_toggle
 .text.gpio_mode_setup
                0x00000000080017f6       0x40 /home/lubuntu/Documents/libOpenCM3/libopencm3/lib/libopencm3_stm32l4.a(gpio_common_f0234.o)
                0x00000000080017f6                gpio_mode_setup
 .text.gpio_set_af
                0x0000000008001836       0x58 /home/lubuntu/Documents/libOpenCM3/libopencm3/lib/libopencm3_stm32l4.a(gpio_common_f0234.o)
                0x0000000008001836                gpio_set_af
 *fill*         0x000000000800188e        0x2 
 .text.rcc_osc_on
                0x0000000008001890       0x70 /home/lubuntu/Documents/libOpenCM3/libopencm3/lib/libopencm3_stm32l4.a(rcc.o)
                0x0000000008001890                rcc_osc_on
 .text.rcc_set_main_pll
                0x0000000008001900       0x28 /home/lubuntu/Documents/libOpenCM3/libopencm3/lib/libopencm3_stm32l4.a(rcc.o)
                0x0000000008001900                rcc_set_main_pll
 .text.rcc_periph_clock_enable
                0x0000000008001928       0x1c /home/lubuntu/Documents/libOpenCM3/libopencm3/lib/libopencm3_stm32l4.a(rcc_common_all.o)
                0x0000000008001928                rcc_periph_clock_enable
 .text.rcc_periph_reset_pulse
                0x0000000008001944       0x24 /home/lubuntu/Documents/libOpenCM3/libopencm3/lib/libopencm3_stm32l4.a(rcc_common_all.o)
                0x0000000008001944                rcc_periph_reset_pulse
 .text.timer_enable_irq
                0x0000000008001968        0x8 /home/lubuntu/Documents/libOpenCM3/libopencm3/lib/libopencm3_stm32l4.a(timer_common_all.o)
                0x0000000008001968                timer_enable_irq
 .text.timer_get_flag
                0x0000000008001970        0xc /home/lubuntu/Documents/libOpenCM3/libopencm3/lib/libopencm3_stm32l4.a(timer_common_all.o)
                0x0000000008001970                timer_get_flag
 .text.timer_clear_flag
                0x000000000800197c        0x6 /home/lubuntu/Documents/libOpenCM3/libopencm3/lib/libopencm3_stm32l4.a(timer_common_all.o)
                0x000000000800197c                timer_clear_flag
 .text.timer_enable_counter
                0x0000000008001982        0xa /home/lubuntu/Documents/libOpenCM3/libopencm3/lib/libopencm3_stm32l4.a(timer_common_all.o)
                0x0000000008001982                timer_enable_counter
 .text.timer_set_prescaler
                0x000000000800198c        0x4 /home/lubuntu/Documents/libOpenCM3/libopencm3/lib/libopencm3_stm32l4.a(timer_common_all.o)
                0x000000000800198c                timer_set_prescaler
 .text.timer_set_period
                0x0000000008001990        0x4 /home/lubuntu/Documents/libOpenCM3/libopencm3/lib/libopencm3_stm32l4.a(timer_common_all.o)
                0x0000000008001990                timer_set_period
 .text.usart_set_baudrate
                0x0000000008001994       0x4c /home/lubuntu/Documents/libOpenCM3/libopencm3/lib/libopencm3_stm32l4.a(usart_common_all.o)
                0x0000000008001994                usart_set_baudrate
 .text.usart_set_databits
                0x00000000080019e0       0x12 /home/lubuntu/Documents/libOpenCM3/libopencm3/lib/libopencm3_stm32l4.a(usart_common_all.o)
                0x00000000080019e0                usart_set_databits
 .text.usart_set_stopbits
                0x00000000080019f2        0xc /home/lubuntu/Documents/libOpenCM3/libopencm3/lib/libopencm3_stm32l4.a(usart_common_all.o)
                0x00000000080019f2                usart_set_stopbits
 .text.usart_set_parity
                0x00000000080019fe        0xc /home/lubuntu/Documents/libOpenCM3/libopencm3/lib/libopencm3_stm32l4.a(usart_common_all.o)
                0x00000000080019fe                usart_set_parity
 .text.usart_set_mode
                0x0000000008001a0a        0xc /home/lubuntu/Documents/libOpenCM3/libopencm3/lib/libopencm3_stm32l4.a(usart_common_all.o)
                0x0000000008001a0a                usart_set_mode
 .text.usart_set_flow_control
                0x0000000008001a16        0xc /home/lubuntu/Documents/libOpenCM3/libopencm3/lib/libopencm3_stm32l4.a(usart_common_all.o)
                0x0000000008001a16                usart_set_flow_control
 .text.usart_enable
                0x0000000008001a22        0xa /home/lubuntu/Documents/libOpenCM3/libopencm3/lib/libopencm3_stm32l4.a(usart_common_all.o)
                0x0000000008001a22                usart_enable
 .text.usart_send_blocking
                0x0000000008001a2c       0x18 /home/lubuntu/Documents/libOpenCM3/libopencm3/lib/libopencm3_stm32l4.a(usart_common_all.o)
                0x0000000008001a2c                usart_send_blocking
 .text.usart_recv_blocking
                0x0000000008001a44       0x12 /home/lubuntu/Documents/libOpenCM3/libopencm3/lib/libopencm3_stm32l4.a(usart_common_all.o)
                0x0000000008001a44                usart_recv_blocking
 .text.usart_send
                0x0000000008001a56        0x8 /home/lubuntu/Documents/libOpenCM3/libopencm3/lib/libopencm3_stm32l4.a(usart_common_v2.o)
                0x0000000008001a56                usart_send
 .text.usart_recv
                0x0000000008001a5e        0x8 /home/lubuntu/Documents/libOpenCM3/libopencm3/lib/libopencm3_stm32l4.a(usart_common_v2.o)
                0x0000000008001a5e                usart_recv
 .text.usart_wait_send_ready
                0x0000000008001a66        0x8 /home/lubuntu/Documents/libOpenCM3/libopencm3/lib/libopencm3_stm32l4.a(usart_common_v2.o)
                0x0000000008001a66                usart_wait_send_ready
 .text.usart_wait_recv_ready
                0x0000000008001a6e        0x8 /home/lubuntu/Documents/libOpenCM3/libopencm3/lib/libopencm3_stm32l4.a(usart_common_v2.o)
                0x0000000008001a6e                usart_wait_recv_ready
 .text.usart_get_flag
                0x0000000008001a76        0xc /home/lubuntu/Documents/libOpenCM3/libopencm3/lib/libopencm3_stm32l4.a(usart_common_v2.o)
                0x0000000008001a76                usart_get_flag
 .text.blocking_handler
                0x0000000008001a82        0x2 /home/lubuntu/Documents/libOpenCM3/libopencm3/lib/libopencm3_stm32l4.a(vector.o)
                0x0000000008001a82                i2c4_ev_isr
                0x0000000008001a82                usart3_isr
                0x0000000008001a82                swpmi1_isr
                0x0000000008001a82                tim7_isr
                0x0000000008001a82                dma2d_isr
                0x0000000008001a82                rng_isr
                0x0000000008001a82                adc1_2_isr
                0x0000000008001a82                i2c4_er_isr
                0x0000000008001a82                blocking_handler
                0x0000000008001a82                tsc_isr
                0x0000000008001a82                tim5_isr
                0x0000000008001a82                rtc_wkup_isr
                0x0000000008001a82                otg_fs_isr
                0x0000000008001a82                tim1_up_tim16_isr
                0x0000000008001a82                spi1_isr
                0x0000000008001a82                i2c3_er_isr
                0x0000000008001a82                dma2_channel7_isr
                0x0000000008001a82                exti2_isr
                0x0000000008001a82                dma1_channel6_isr
                0x0000000008001a82                dma1_channel5_isr
                0x0000000008001a82                dma2_channel5_isr
                0x0000000008001a82                tamp_stamp_isr
                0x0000000008001a82                fmc_isr
                0x0000000008001a82                can1_rx1_isr
                0x0000000008001a82                usart1_isr
                0x0000000008001a82                i2c3_ev_isr
                0x0000000008001a82                usage_fault_handler
                0x0000000008001a82                tim8_trg_com_isr
                0x0000000008001a82                can2_rx0_isr
                0x0000000008001a82                tim1_trg_com_tim17_isr
                0x0000000008001a82                can2_rx1_isr
                0x0000000008001a82                can1_sce_isr
                0x0000000008001a82                tim1_cc_isr
                0x0000000008001a82                can1_tx_isr
                0x0000000008001a82                dma1_channel4_isr
                0x0000000008001a82                tim8_brk_isr
                0x0000000008001a82                dma2_channel4_isr
                0x0000000008001a82                lptim1_isr
                0x0000000008001a82                lpuart1_isr
                0x0000000008001a82                can1_rx0_isr
                0x0000000008001a82                rcc_isr
                0x0000000008001a82                flash_isr
                0x0000000008001a82                uart4_isr
                0x0000000008001a82                rtc_alarm_isr
                0x0000000008001a82                exti15_10_isr
                0x0000000008001a82                hard_fault_handler
                0x0000000008001a82                exti1_isr
                0x0000000008001a82                i2c1_ev_isr
                0x0000000008001a82                dma2_channel1_isr
                0x0000000008001a82                dfsdm2_isr
                0x0000000008001a82                spi2_isr
                0x0000000008001a82                aes_isr
                0x0000000008001a82                tim8_up_isr
                0x0000000008001a82                tim6_dacunder_isr
                0x0000000008001a82                dma2_channel6_isr
                0x0000000008001a82                dma2_channel2_isr
                0x0000000008001a82                exti3_isr
                0x0000000008001a82                adc3_isr
                0x0000000008001a82                tim3_isr
                0x0000000008001a82                usart2_isr
                0x0000000008001a82                sai1_isr
                0x0000000008001a82                fpu_isr
                0x0000000008001a82                i2c2_er_isr
                0x0000000008001a82                i2c2_ev_isr
                0x0000000008001a82                uart5_isr
                0x0000000008001a82                dma1_channel1_isr
                0x0000000008001a82                exti4_isr
                0x0000000008001a82                dfsdm3_isr
                0x0000000008001a82                comp_isr
                0x0000000008001a82                mem_manage_handler
                0x0000000008001a82                can2_tx_isr
                0x0000000008001a82                lptim2_isr
                0x0000000008001a82                lcd_isr
                0x0000000008001a82                exti9_5_isr
                0x0000000008001a82                dma2_channel3_isr
                0x0000000008001a82                dfsdm1_isr
                0x0000000008001a82                dma1_channel7_isr
                0x0000000008001a82                pvd_pvm_isr
                0x0000000008001a82                can2_sce_isr
                0x0000000008001a82                tim4_isr
                0x0000000008001a82                sai2_isr
                0x0000000008001a82                dma1_channel2_isr
                0x0000000008001a82                i2c1_er_isr
                0x0000000008001a82                tim8_cc_isr
                0x0000000008001a82                dcmi_isr
                0x0000000008001a82                hash_crs_isr
                0x0000000008001a82                bus_fault_handler
                0x0000000008001a82                wwdg_isr
                0x0000000008001a82                tim1_brk_tim15_isr
                0x0000000008001a82                dma1_channel3_isr
                0x0000000008001a82                sdmmc1_isr
                0x0000000008001a82                spi3_isr
                0x0000000008001a82                quadspi_isr
                0x0000000008001a82                dfsdm0_isr
                0x0000000008001a82                tim2_isr
                0x0000000008001a82                exti0_isr
 .text.null_handler
                0x0000000008001a84        0x2 /home/lubuntu/Documents/libOpenCM3/libopencm3/lib/libopencm3_stm32l4.a(vector.o)
                0x0000000008001a84                null_handler
                0x0000000008001a84                sv_call_handler
                0x0000000008001a84                pend_sv_handler
                0x0000000008001a84                debug_monitor_handler
                0x0000000008001a84                sys_tick_handler
                0x0000000008001a84                nmi_handler
 *fill*         0x0000000008001a86        0x2 
 .text.reset_handler
                0x0000000008001a88       0xa0 /home/lubuntu/Documents/libOpenCM3/libopencm3/lib/libopencm3_stm32l4.a(vector.o)
                0x0000000008001a88                reset_handler
                0x0000000008001b28                . = ALIGN (0x4)
 *(.rodata*)
 .rodata.fn_advancePointer.str1.4
                0x0000000008001b28       0x20 Build/m2a.o
 .rodata.fn_circBuffInit.str1.4
                0x0000000008001b48       0x35 Build/m2a.o
 *fill*         0x0000000008001b7d        0x3 
 .rodata.fn_circBuffPut.str1.4
                0x0000000008001b80       0x1c Build/m2a.o
 .rodata.fn_circBuffGet.str1.4
                0x0000000008001b9c       0x1a Build/m2a.o
 *fill*         0x0000000008001bb6        0x2 
 .rodata.main.str1.4
                0x0000000008001bb8       0x36 Build/m2a.o
 *fill*         0x0000000008001bee        0x2 
 .rodata.__func__.12
                0x0000000008001bf0       0x10 Build/m2a.o
 .rodata.__func__.13
                0x0000000008001c00       0x11 Build/m2a.o
 *fill*         0x0000000008001c11        0x3 
 .rodata.__func__.14
                0x0000000008001c14       0x11 Build/m2a.o
 *fill*         0x0000000008001c25        0x3 
 .rodata.__func__.5
                0x0000000008001c28       0x12 Build/m2a.o
 *fill*         0x0000000008001c3a        0x2 
 .rodata.__func__.6
                0x0000000008001c3c        0xf Build/m2a.o
 *fill*         0x0000000008001c4b        0x1 
 .rodata.__func__.7
                0x0000000008001c4c       0x12 Build/m2a.o
 *fill*         0x0000000008001c5e        0x2 
 .rodata.__func__.8
                0x0000000008001c60        0xf Build/m2a.o
 *fill*         0x0000000008001c6f        0x1 
 .rodata.ac_CIPHER
                0x0000000008001c70        0xd Build/m2a.o
                0x0000000008001c70                ac_CIPHER
 .rodata.__assert_func.str1.1
                0x0000000008001c7d       0x3c /home/lubuntu/Documents/ARMToolchain/gcc-arm-none-eabi-10.3-2021.10/bin/../lib/gcc/arm-none-eabi/10.3.1/../../../../arm-none-eabi/lib/thumb/v7e-m+fp/hard/libc_nano.a(lib_a-assert.o)
                                         0x3d (size before relaxing)
 *fill*         0x0000000008001cb9        0x3 
 .rodata._global_impure_ptr
                0x0000000008001cbc        0x4 /home/lubuntu/Documents/ARMToolchain/gcc-arm-none-eabi-10.3-2021.10/bin/../lib/gcc/arm-none-eabi/10.3.1/../../../../arm-none-eabi/lib/thumb/v7e-m+fp/hard/libc_nano.a(lib_a-impure.o)
                0x0000000008001cbc                _global_impure_ptr
 .rodata._vfprintf_r.str1.1
                0x0000000008001cc0       0x11 /home/lubuntu/Documents/ARMToolchain/gcc-arm-none-eabi-10.3-2021.10/bin/../lib/gcc/arm-none-eabi/10.3.1/../../../../arm-none-eabi/lib/thumb/v7e-m+fp/hard/libc_nano.a(lib_a-nano-vfprintf.o)
 .rodata._printf_i.str1.1
                0x0000000008001cd1       0x22 /home/lubuntu/Documents/ARMToolchain/gcc-arm-none-eabi-10.3-2021.10/bin/../lib/gcc/arm-none-eabi/10.3.1/../../../../arm-none-eabi/lib/thumb/v7e-m+fp/hard/libc_nano.a(lib_a-nano-vfprintf_i.o)
 *fill*         0x0000000008001cf3        0x1 
 .rodata.__sf_fake_stderr
                0x0000000008001cf4       0x20 /home/lubuntu/Documents/ARMToolchain/gcc-arm-none-eabi-10.3-2021.10/bin/../lib/gcc/arm-none-eabi/10.3.1/../../../../arm-none-eabi/lib/thumb/v7e-m+fp/hard/libc_nano.a(lib_a-findfp.o)
                0x0000000008001cf4                __sf_fake_stderr
 .rodata.__sf_fake_stdin
                0x0000000008001d14       0x20 /home/lubuntu/Documents/ARMToolchain/gcc-arm-none-eabi-10.3-2021.10/bin/../lib/gcc/arm-none-eabi/10.3.1/../../../../arm-none-eabi/lib/thumb/v7e-m+fp/hard/libc_nano.a(lib_a-findfp.o)
                0x0000000008001d14                __sf_fake_stdin
 .rodata.__sf_fake_stdout
                0x0000000008001d34       0x20 /home/lubuntu/Documents/ARMToolchain/gcc-arm-none-eabi-10.3-2021.10/bin/../lib/gcc/arm-none-eabi/10.3.1/../../../../arm-none-eabi/lib/thumb/v7e-m+fp/hard/libc_nano.a(lib_a-findfp.o)
                0x0000000008001d34                __sf_fake_stdout
                0x0000000008001d54                . = ALIGN (0x4)

.glue_7         0x0000000008001d54        0x0
 .glue_7        0x0000000008001d54        0x0 linker stubs

.glue_7t        0x0000000008001d54        0x0
 .glue_7t       0x0000000008001d54        0x0 linker stubs

.vfp11_veneer   0x0000000008001d54        0x0
 .vfp11_veneer  0x0000000008001d54        0x0 linker stubs

.v4_bx          0x0000000008001d54        0x0
 .v4_bx         0x0000000008001d54        0x0 linker stubs

.iplt           0x0000000008001d54        0x0
 .iplt          0x0000000008001d54        0x0 Build/m2a.o

.rel.dyn        0x0000000008001d54        0x0
 .rel.iplt      0x0000000008001d54        0x0 Build/m2a.o

.preinit_array  0x0000000008001d54        0x0
                0x0000000008001d54                . = ALIGN (0x4)
                0x0000000008001d54                __preinit_array_start = .
 *(.preinit_array)
                0x0000000008001d54                __preinit_array_end = .

.init_array     0x0000000008001d54        0x0
                0x0000000008001d54                . = ALIGN (0x4)
                0x0000000008001d54                __init_array_start = .
 *(SORT_BY_NAME(.init_array.*))
 *(.init_array)
                0x0000000008001d54                __init_array_end = .

.fini_array     0x0000000008001d54        0x0
                0x0000000008001d54                . = ALIGN (0x4)
                0x0000000008001d54                __fini_array_start = .
 *(.fini_array)
 *(SORT_BY_NAME(.fini_array.*))
                0x0000000008001d54                __fini_array_end = .

.ARM.extab
 *(.ARM.extab*)

.ARM.exidx      0x0000000008001d54        0x0
                0x0000000008001d54                __exidx_start = .
 *(.ARM.exidx*)
                0x0000000008001d54                __exidx_end = .
                0x0000000008001d54                . = ALIGN (0x4)
                0x0000000008001d54                _etext = .

.noinit
 *(.noinit*)
                0x0000000008001d54                . = ALIGN (0x4)

.data           0x0000000020000000       0x6c load address 0x0000000008001d54
                0x0000000020000000                _data = .
 *(.data*)
 .data._impure_ptr
                0x0000000020000000        0x4 /home/lubuntu/Documents/ARMToolchain/gcc-arm-none-eabi-10.3-2021.10/bin/../lib/gcc/arm-none-eabi/10.3.1/../../../../arm-none-eabi/lib/thumb/v7e-m+fp/hard/libc_nano.a(lib_a-impure.o)
                0x0000000020000000                _impure_ptr
 .data.impure_data
                0x0000000020000004       0x60 /home/lubuntu/Documents/ARMToolchain/gcc-arm-none-eabi-10.3-2021.10/bin/../lib/gcc/arm-none-eabi/10.3.1/../../../../arm-none-eabi/lib/thumb/v7e-m+fp/hard/libc_nano.a(lib_a-impure.o)
 .data.rcc_apb1_frequency
                0x0000000020000064        0x4 /home/lubuntu/Documents/libOpenCM3/libopencm3/lib/libopencm3_stm32l4.a(rcc.o)
                0x0000000020000064                rcc_apb1_frequency
 .data.rcc_apb2_frequency
                0x0000000020000068        0x4 /home/lubuntu/Documents/libOpenCM3/libopencm3/lib/libopencm3_stm32l4.a(rcc.o)
                0x0000000020000068                rcc_apb2_frequency
 *(.ramtext*)
                0x000000002000006c                . = ALIGN (0x4)
                0x000000002000006c                _edata = .
                0x0000000008001d54                _data_loadaddr = LOADADDR (.data)

.igot.plt       0x000000002000006c        0x0 load address 0x0000000008001dc0
 .igot.plt      0x000000002000006c        0x0 Build/m2a.o

.bss            0x000000002000006c      0x12c load address 0x0000000008001dc0
 *(.bss*)
 .bss.buffer.2  0x000000002000006c      0x100 Build/m2a.o
 .bss.st_circularBuffer.3
                0x000000002000016c       0x14 Build/m2a.o
 .bss.u8_cipherDPosition.0
                0x0000000020000180        0x1 Build/m2a.o
 .bss.u8_cipherEPosition.1
                0x0000000020000181        0x1 Build/m2a.o
 .bss.__lock___malloc_recursive_mutex
                0x0000000020000182        0x1 /home/lubuntu/Documents/ARMToolchain/gcc-arm-none-eabi-10.3-2021.10/bin/../lib/gcc/arm-none-eabi/10.3.1/../../../../arm-none-eabi/lib/thumb/v7e-m+fp/hard/libc_nano.a(lib_a-lock.o)
                0x0000000020000182                __lock___malloc_recursive_mutex
 .bss.__lock___sfp_recursive_mutex
                0x0000000020000183        0x1 /home/lubuntu/Documents/ARMToolchain/gcc-arm-none-eabi-10.3-2021.10/bin/../lib/gcc/arm-none-eabi/10.3.1/../../../../arm-none-eabi/lib/thumb/v7e-m+fp/hard/libc_nano.a(lib_a-lock.o)
                0x0000000020000183                __lock___sfp_recursive_mutex
 .bss.__lock___sinit_recursive_mutex
                0x0000000020000184        0x1 /home/lubuntu/Documents/ARMToolchain/gcc-arm-none-eabi-10.3-2021.10/bin/../lib/gcc/arm-none-eabi/10.3.1/../../../../arm-none-eabi/lib/thumb/v7e-m+fp/hard/libc_nano.a(lib_a-lock.o)
                0x0000000020000184                __lock___sinit_recursive_mutex
 *fill*         0x0000000020000185        0x3 
 .bss.__malloc_free_list
                0x0000000020000188        0x4 /home/lubuntu/Documents/ARMToolchain/gcc-arm-none-eabi-10.3-2021.10/bin/../lib/gcc/arm-none-eabi/10.3.1/../../../../arm-none-eabi/lib/thumb/v7e-m+fp/hard/libc_nano.a(lib_a-nano-mallocr.o)
                0x0000000020000188                __malloc_free_list
 .bss.__malloc_sbrk_start
                0x000000002000018c        0x4 /home/lubuntu/Documents/ARMToolchain/gcc-arm-none-eabi-10.3-2021.10/bin/../lib/gcc/arm-none-eabi/10.3.1/../../../../arm-none-eabi/lib/thumb/v7e-m+fp/hard/libc_nano.a(lib_a-nano-mallocr.o)
                0x000000002000018c                __malloc_sbrk_start
 .bss.errno     0x0000000020000190        0x4 /home/lubuntu/Documents/ARMToolchain/gcc-arm-none-eabi-10.3-2021.10/bin/../lib/gcc/arm-none-eabi/10.3.1/../../../../arm-none-eabi/lib/thumb/v7e-m+fp/hard/libc_nano.a(lib_a-reent.o)
                0x0000000020000190                errno
 .bss.heap_end.0
                0x0000000020000194        0x4 /home/lubuntu/Documents/ARMToolchain/gcc-arm-none-eabi-10.3-2021.10/bin/../lib/gcc/arm-none-eabi/10.3.1/../../../../arm-none-eabi/lib/thumb/v7e-m+fp/hard/libnosys.a(sbrk.o)
 *(COMMON)
                0x0000000020000198                . = ALIGN (0x4)
                0x0000000020000198                _ebss = .

/DISCARD/
 *(.eh_frame)
                0x0000000020000198                . = ALIGN (0x4)
                0x0000000020000198                end = .
                0x0000000020028000                PROVIDE (_stack = (ORIGIN (ram) + LENGTH (ram)))
OUTPUT(Build/m2a.elf elf32-littlearm)
LOAD linker stubs

.debug_info     0x0000000000000000     0x47c1
 .debug_info    0x0000000000000000     0x1599 Build/m2a.o
 .debug_info    0x0000000000001599      0x266 /home/lubuntu/Documents/libOpenCM3/libopencm3/lib/libopencm3_stm32l4.a(gpio_common_all.o)
 .debug_info    0x00000000000017ff      0x233 /home/lubuntu/Documents/libOpenCM3/libopencm3/lib/libopencm3_stm32l4.a(gpio_common_f0234.o)
 .debug_info    0x0000000000001a32      0x7c7 /home/lubuntu/Documents/libOpenCM3/libopencm3/lib/libopencm3_stm32l4.a(rcc.o)
 .debug_info    0x00000000000021f9      0x847 /home/lubuntu/Documents/libOpenCM3/libopencm3/lib/libopencm3_stm32l4.a(rcc_common_all.o)
 .debug_info    0x0000000000002a40     0x111d /home/lubuntu/Documents/libOpenCM3/libopencm3/lib/libopencm3_stm32l4.a(timer_common_all.o)
 .debug_info    0x0000000000003b5d      0x5c4 /home/lubuntu/Documents/libOpenCM3/libopencm3/lib/libopencm3_stm32l4.a(usart_common_all.o)
 .debug_info    0x0000000000004121      0x3ae /home/lubuntu/Documents/libOpenCM3/libopencm3/lib/libopencm3_stm32l4.a(usart_common_v2.o)
 .debug_info    0x00000000000044cf      0x2f2 /home/lubuntu/Documents/libOpenCM3/libopencm3/lib/libopencm3_stm32l4.a(vector.o)

.debug_abbrev   0x0000000000000000      0xd03
 .debug_abbrev  0x0000000000000000      0x219 Build/m2a.o
 .debug_abbrev  0x0000000000000219      0x116 /home/lubuntu/Documents/libOpenCM3/libopencm3/lib/libopencm3_stm32l4.a(gpio_common_all.o)
 .debug_abbrev  0x000000000000032f       0xbf /home/lubuntu/Documents/libOpenCM3/libopencm3/lib/libopencm3_stm32l4.a(gpio_common_f0234.o)
 .debug_abbrev  0x00000000000003ee      0x251 /home/lubuntu/Documents/libOpenCM3/libopencm3/lib/libopencm3_stm32l4.a(rcc.o)
 .debug_abbrev  0x000000000000063f      0x177 /home/lubuntu/Documents/libOpenCM3/libopencm3/lib/libopencm3_stm32l4.a(rcc_common_all.o)
 .debug_abbrev  0x00000000000007b6      0x1a1 /home/lubuntu/Documents/libOpenCM3/libopencm3/lib/libopencm3_stm32l4.a(timer_common_all.o)
 .debug_abbrev  0x0000000000000957      0x129 /home/lubuntu/Documents/libOpenCM3/libopencm3/lib/libopencm3_stm32l4.a(usart_common_all.o)
 .debug_abbrev  0x0000000000000a80      0x128 /home/lubuntu/Documents/libOpenCM3/libopencm3/lib/libopencm3_stm32l4.a(usart_common_v2.o)
 .debug_abbrev  0x0000000000000ba8      0x15b /home/lubuntu/Documents/libOpenCM3/libopencm3/lib/libopencm3_stm32l4.a(vector.o)

.debug_loc      0x0000000000000000     0x1d00
 .debug_loc     0x0000000000000000      0x970 Build/m2a.o
 .debug_loc     0x0000000000000970       0xbe /home/lubuntu/Documents/libOpenCM3/libopencm3/lib/libopencm3_stm32l4.a(gpio_common_all.o)
 .debug_loc     0x0000000000000a2e      0x14f /home/lubuntu/Documents/libOpenCM3/libopencm3/lib/libopencm3_stm32l4.a(gpio_common_f0234.o)
 .debug_loc     0x0000000000000b7d      0x7c7 /home/lubuntu/Documents/libOpenCM3/libopencm3/lib/libopencm3_stm32l4.a(rcc.o)
 .debug_loc     0x0000000000001344      0x120 /home/lubuntu/Documents/libOpenCM3/libopencm3/lib/libopencm3_stm32l4.a(rcc_common_all.o)
 .debug_loc     0x0000000000001464      0x4b2 /home/lubuntu/Documents/libOpenCM3/libopencm3/lib/libopencm3_stm32l4.a(timer_common_all.o)
 .debug_loc     0x0000000000001916      0x1e2 /home/lubuntu/Documents/libOpenCM3/libopencm3/lib/libopencm3_stm32l4.a(usart_common_all.o)
 .debug_loc     0x0000000000001af8       0xe0 /home/lubuntu/Documents/libOpenCM3/libopencm3/lib/libopencm3_stm32l4.a(usart_common_v2.o)
 .debug_loc     0x0000000000001bd8      0x128 /home/lubuntu/Documents/libOpenCM3/libopencm3/lib/libopencm3_stm32l4.a(vector.o)

.debug_aranges  0x0000000000000000      0x6c0
 .debug_aranges
                0x0000000000000000       0xb0 Build/m2a.o
 .debug_aranges
                0x00000000000000b0       0x50 /home/lubuntu/Documents/libOpenCM3/libopencm3/lib/libopencm3_stm32l4.a(gpio_common_all.o)
 .debug_aranges
                0x0000000000000100       0x30 /home/lubuntu/Documents/libOpenCM3/libopencm3/lib/libopencm3_stm32l4.a(gpio_common_f0234.o)
 .debug_aranges
                0x0000000000000130      0x118 /home/lubuntu/Documents/libOpenCM3/libopencm3/lib/libopencm3_stm32l4.a(rcc.o)
 .debug_aranges
                0x0000000000000248       0x60 /home/lubuntu/Documents/libOpenCM3/libopencm3/lib/libopencm3_stm32l4.a(rcc_common_all.o)
 .debug_aranges
                0x00000000000002a8      0x268 /home/lubuntu/Documents/libOpenCM3/libopencm3/lib/libopencm3_stm32l4.a(timer_common_all.o)
 .debug_aranges
                0x0000000000000510       0xd8 /home/lubuntu/Documents/libOpenCM3/libopencm3/lib/libopencm3_stm32l4.a(usart_common_all.o)
 .debug_aranges
                0x00000000000005e8       0xa8 /home/lubuntu/Documents/libOpenCM3/libopencm3/lib/libopencm3_stm32l4.a(usart_common_v2.o)
 .debug_aranges
                0x0000000000000690       0x30 /home/lubuntu/Documents/libOpenCM3/libopencm3/lib/libopencm3_stm32l4.a(vector.o)

.debug_ranges   0x0000000000000000      0x660
 .debug_ranges  0x0000000000000000       0xa0 Build/m2a.o
 .debug_ranges  0x00000000000000a0       0x40 /home/lubuntu/Documents/libOpenCM3/libopencm3/lib/libopencm3_stm32l4.a(gpio_common_all.o)
 .debug_ranges  0x00000000000000e0       0x20 /home/lubuntu/Documents/libOpenCM3/libopencm3/lib/libopencm3_stm32l4.a(gpio_common_f0234.o)
 .debug_ranges  0x0000000000000100      0x138 /home/lubuntu/Documents/libOpenCM3/libopencm3/lib/libopencm3_stm32l4.a(rcc.o)
 .debug_ranges  0x0000000000000238       0x50 /home/lubuntu/Documents/libOpenCM3/libopencm3/lib/libopencm3_stm32l4.a(rcc_common_all.o)
 .debug_ranges  0x0000000000000288      0x258 /home/lubuntu/Documents/libOpenCM3/libopencm3/lib/libopencm3_stm32l4.a(timer_common_all.o)
 .debug_ranges  0x00000000000004e0       0xc8 /home/lubuntu/Documents/libOpenCM3/libopencm3/lib/libopencm3_stm32l4.a(usart_common_all.o)
 .debug_ranges  0x00000000000005a8       0x98 /home/lubuntu/Documents/libOpenCM3/libopencm3/lib/libopencm3_stm32l4.a(usart_common_v2.o)
 .debug_ranges  0x0000000000000640       0x20 /home/lubuntu/Documents/libOpenCM3/libopencm3/lib/libopencm3_stm32l4.a(vector.o)

.debug_line     0x0000000000000000     0x44cb
 .debug_line    0x0000000000000000      0x9ac Build/m2a.o
 .debug_line    0x00000000000009ac      0x45c /home/lubuntu/Documents/libOpenCM3/libopencm3/lib/libopencm3_stm32l4.a(gpio_common_all.o)
 .debug_line    0x0000000000000e08      0x544 /home/lubuntu/Documents/libOpenCM3/libopencm3/lib/libopencm3_stm32l4.a(gpio_common_f0234.o)
 .debug_line    0x000000000000134c      0xac7 /home/lubuntu/Documents/libOpenCM3/libopencm3/lib/libopencm3_stm32l4.a(rcc.o)
 .debug_line    0x0000000000001e13      0x496 /home/lubuntu/Documents/libOpenCM3/libopencm3/lib/libopencm3_stm32l4.a(rcc_common_all.o)
 .debug_line    0x00000000000022a9     0x10f0 /home/lubuntu/Documents/libOpenCM3/libopencm3/lib/libopencm3_stm32l4.a(timer_common_all.o)
 .debug_line    0x0000000000003399      0x6db /home/lubuntu/Documents/libOpenCM3/libopencm3/lib/libopencm3_stm32l4.a(usart_common_all.o)
 .debug_line    0x0000000000003a74      0x57f /home/lubuntu/Documents/libOpenCM3/libopencm3/lib/libopencm3_stm32l4.a(usart_common_v2.o)
 .debug_line    0x0000000000003ff3      0x4d8 /home/lubuntu/Documents/libOpenCM3/libopencm3/lib/libopencm3_stm32l4.a(vector.o)

.debug_str      0x0000000000000000    0x14422
 .debug_str     0x0000000000000000      0xba0 Build/m2a.o
                                        0xc51 (size before relaxing)
 .debug_str     0x0000000000000ba0     0x63c0 /home/lubuntu/Documents/libOpenCM3/libopencm3/lib/libopencm3_stm32l4.a(gpio_common_all.o)
                                       0x6557 (size before relaxing)
 .debug_str     0x0000000000006f60       0x79 /home/lubuntu/Documents/libOpenCM3/libopencm3/lib/libopencm3_stm32l4.a(gpio_common_f0234.o)
                                       0x6579 (size before relaxing)
 .debug_str     0x0000000000006fd9     0x3bad /home/lubuntu/Documents/libOpenCM3/libopencm3/lib/libopencm3_stm32l4.a(rcc.o)
                                       0x8b10 (size before relaxing)
 .debug_str     0x000000000000ab86      0x170 /home/lubuntu/Documents/libOpenCM3/libopencm3/lib/libopencm3_stm32l4.a(rcc_common_all.o)
                                       0x8f6c (size before relaxing)
 .debug_str     0x000000000000acf6     0x4a5b /home/lubuntu/Documents/libOpenCM3/libopencm3/lib/libopencm3_stm32l4.a(timer_common_all.o)
                                       0xd1a3 (size before relaxing)
 .debug_str     0x000000000000f751     0x1ece /home/lubuntu/Documents/libOpenCM3/libopencm3/lib/libopencm3_stm32l4.a(usart_common_all.o)
                                       0xa658 (size before relaxing)
 .debug_str     0x000000000001161f      0x181 /home/lubuntu/Documents/libOpenCM3/libopencm3/lib/libopencm3_stm32l4.a(usart_common_v2.o)
                                       0x6d9e (size before relaxing)
 .debug_str     0x00000000000117a0     0x2c82 /home/lubuntu/Documents/libOpenCM3/libopencm3/lib/libopencm3_stm32l4.a(vector.o)
                                       0x6db5 (size before relaxing)

.comment        0x0000000000000000       0x49
 .comment       0x0000000000000000       0x49 Build/m2a.o
                                         0x4a (size before relaxing)
 .comment       0x0000000000000049       0x4a /home/lubuntu/Documents/libOpenCM3/libopencm3/lib/libopencm3_stm32l4.a(gpio_common_all.o)
 .comment       0x0000000000000049       0x4a /home/lubuntu/Documents/libOpenCM3/libopencm3/lib/libopencm3_stm32l4.a(gpio_common_f0234.o)
 .comment       0x0000000000000049       0x4a /home/lubuntu/Documents/libOpenCM3/libopencm3/lib/libopencm3_stm32l4.a(rcc.o)
 .comment       0x0000000000000049       0x4a /home/lubuntu/Documents/libOpenCM3/libopencm3/lib/libopencm3_stm32l4.a(rcc_common_all.o)
 .comment       0x0000000000000049       0x4a /home/lubuntu/Documents/libOpenCM3/libopencm3/lib/libopencm3_stm32l4.a(timer_common_all.o)
 .comment       0x0000000000000049       0x4a /home/lubuntu/Documents/libOpenCM3/libopencm3/lib/libopencm3_stm32l4.a(usart_common_all.o)
 .comment       0x0000000000000049       0x4a /home/lubuntu/Documents/libOpenCM3/libopencm3/lib/libopencm3_stm32l4.a(usart_common_v2.o)
 .comment       0x0000000000000049       0x4a /home/lubuntu/Documents/libOpenCM3/libopencm3/lib/libopencm3_stm32l4.a(vector.o)

.ARM.attributes
                0x0000000000000000       0x32
 .ARM.attributes
                0x0000000000000000       0x34 Build/m2a.o
 .ARM.attributes
                0x0000000000000034       0x34 /home/lubuntu/Documents/ARMToolchain/gcc-arm-none-eabi-10.3-2021.10/bin/../lib/gcc/arm-none-eabi/10.3.1/../../../../arm-none-eabi/lib/thumb/v7e-m+fp/hard/libc_nano.a(lib_a-assert.o)
 .ARM.attributes
                0x0000000000000068       0x34 /home/lubuntu/Documents/ARMToolchain/gcc-arm-none-eabi-10.3-2021.10/bin/../lib/gcc/arm-none-eabi/10.3.1/../../../../arm-none-eabi/lib/thumb/v7e-m+fp/hard/libc_nano.a(lib_a-errno.o)
 .ARM.attributes
                0x000000000000009c       0x34 /home/lubuntu/Documents/ARMToolchain/gcc-arm-none-eabi-10.3-2021.10/bin/../lib/gcc/arm-none-eabi/10.3.1/../../../../arm-none-eabi/lib/thumb/v7e-m+fp/hard/libc_nano.a(lib_a-fprintf.o)
 .ARM.attributes
                0x00000000000000d0       0x34 /home/lubuntu/Documents/ARMToolchain/gcc-arm-none-eabi-10.3-2021.10/bin/../lib/gcc/arm-none-eabi/10.3.1/../../../../arm-none-eabi/lib/thumb/v7e-m+fp/hard/libc_nano.a(lib_a-impure.o)
 .ARM.attributes
                0x0000000000000104       0x34 /home/lubuntu/Documents/ARMToolchain/gcc-arm-none-eabi-10.3-2021.10/bin/../lib/gcc/arm-none-eabi/10.3.1/../../../../arm-none-eabi/lib/thumb/v7e-m+fp/hard/libc_nano.a(lib_a-nano-vfprintf.o)
 .ARM.attributes
                0x0000000000000138       0x34 /home/lubuntu/Documents/ARMToolchain/gcc-arm-none-eabi-10.3-2021.10/bin/../lib/gcc/arm-none-eabi/10.3.1/../../../../arm-none-eabi/lib/thumb/v7e-m+fp/hard/libc_nano.a(lib_a-nano-vfprintf_i.o)
 .ARM.attributes
                0x000000000000016c       0x34 /home/lubuntu/Documents/ARMToolchain/gcc-arm-none-eabi-10.3-2021.10/bin/../lib/gcc/arm-none-eabi/10.3.1/../../../../arm-none-eabi/lib/thumb/v7e-m+fp/hard/libc_nano.a(lib_a-printf.o)
 .ARM.attributes
                0x00000000000001a0       0x34 /home/lubuntu/Documents/ARMToolchain/gcc-arm-none-eabi-10.3-2021.10/bin/../lib/gcc/arm-none-eabi/10.3.1/../../../../arm-none-eabi/lib/thumb/v7e-m+fp/hard/libc_nano.a(lib_a-wbuf.o)
 .ARM.attributes
                0x00000000000001d4       0x34 /home/lubuntu/Documents/ARMToolchain/gcc-arm-none-eabi-10.3-2021.10/bin/../lib/gcc/arm-none-eabi/10.3.1/../../../../arm-none-eabi/lib/thumb/v7e-m+fp/hard/libc_nano.a(lib_a-wsetup.o)
 .ARM.attributes
                0x0000000000000208       0x34 /home/lubuntu/Documents/ARMToolchain/gcc-arm-none-eabi-10.3-2021.10/bin/../lib/gcc/arm-none-eabi/10.3.1/../../../../arm-none-eabi/lib/thumb/v7e-m+fp/hard/libc_nano.a(lib_a-abort.o)
 .ARM.attributes
                0x000000000000023c       0x34 /home/lubuntu/Documents/ARMToolchain/gcc-arm-none-eabi-10.3-2021.10/bin/../lib/gcc/arm-none-eabi/10.3.1/../../../../arm-none-eabi/lib/thumb/v7e-m+fp/hard/libc_nano.a(lib_a-fflush.o)
 .ARM.attributes
                0x0000000000000270       0x34 /home/lubuntu/Documents/ARMToolchain/gcc-arm-none-eabi-10.3-2021.10/bin/../lib/gcc/arm-none-eabi/10.3.1/../../../../arm-none-eabi/lib/thumb/v7e-m+fp/hard/libc_nano.a(lib_a-findfp.o)
 .ARM.attributes
                0x00000000000002a4       0x34 /home/lubuntu/Documents/ARMToolchain/gcc-arm-none-eabi-10.3-2021.10/bin/../lib/gcc/arm-none-eabi/10.3.1/../../../../arm-none-eabi/lib/thumb/v7e-m+fp/hard/libc_nano.a(lib_a-fwalk.o)
 .ARM.attributes
                0x00000000000002d8       0x34 /home/lubuntu/Documents/ARMToolchain/gcc-arm-none-eabi-10.3-2021.10/bin/../lib/gcc/arm-none-eabi/10.3.1/../../../../arm-none-eabi/lib/thumb/v7e-m+fp/hard/libc_nano.a(lib_a-lock.o)
 .ARM.attributes
                0x000000000000030c       0x34 /home/lubuntu/Documents/ARMToolchain/gcc-arm-none-eabi-10.3-2021.10/bin/../lib/gcc/arm-none-eabi/10.3.1/../../../../arm-none-eabi/lib/thumb/v7e-m+fp/hard/libc_nano.a(lib_a-makebuf.o)
 .ARM.attributes
                0x0000000000000340       0x1c /home/lubuntu/Documents/ARMToolchain/gcc-arm-none-eabi-10.3-2021.10/bin/../lib/gcc/arm-none-eabi/10.3.1/../../../../arm-none-eabi/lib/thumb/v7e-m+fp/hard/libc_nano.a(lib_a-memchr.o)
 .ARM.attributes
                0x000000000000035c       0x34 /home/lubuntu/Documents/ARMToolchain/gcc-arm-none-eabi-10.3-2021.10/bin/../lib/gcc/arm-none-eabi/10.3.1/../../../../arm-none-eabi/lib/thumb/v7e-m+fp/hard/libc_nano.a(lib_a-memset.o)
 .ARM.attributes
                0x0000000000000390       0x34 /home/lubuntu/Documents/ARMToolchain/gcc-arm-none-eabi-10.3-2021.10/bin/../lib/gcc/arm-none-eabi/10.3.1/../../../../arm-none-eabi/lib/thumb/v7e-m+fp/hard/libc_nano.a(lib_a-nano-freer.o)
 .ARM.attributes
                0x00000000000003c4       0x34 /home/lubuntu/Documents/ARMToolchain/gcc-arm-none-eabi-10.3-2021.10/bin/../lib/gcc/arm-none-eabi/10.3.1/../../../../arm-none-eabi/lib/thumb/v7e-m+fp/hard/libc_nano.a(lib_a-nano-mallocr.o)
 .ARM.attributes
                0x00000000000003f8       0x34 /home/lubuntu/Documents/ARMToolchain/gcc-arm-none-eabi-10.3-2021.10/bin/../lib/gcc/arm-none-eabi/10.3.1/../../../../arm-none-eabi/lib/thumb/v7e-m+fp/hard/libc_nano.a(lib_a-sbrkr.o)
 .ARM.attributes
                0x000000000000042c       0x34 /home/lubuntu/Documents/ARMToolchain/gcc-arm-none-eabi-10.3-2021.10/bin/../lib/gcc/arm-none-eabi/10.3.1/../../../../arm-none-eabi/lib/thumb/v7e-m+fp/hard/libc_nano.a(lib_a-signal.o)
 .ARM.attributes
                0x0000000000000460       0x34 /home/lubuntu/Documents/ARMToolchain/gcc-arm-none-eabi-10.3-2021.10/bin/../lib/gcc/arm-none-eabi/10.3.1/../../../../arm-none-eabi/lib/thumb/v7e-m+fp/hard/libc_nano.a(lib_a-signalr.o)
 .ARM.attributes
                0x0000000000000494       0x34 /home/lubuntu/Documents/ARMToolchain/gcc-arm-none-eabi-10.3-2021.10/bin/../lib/gcc/arm-none-eabi/10.3.1/../../../../arm-none-eabi/lib/thumb/v7e-m+fp/hard/libc_nano.a(lib_a-stdio.o)
 .ARM.attributes
                0x00000000000004c8       0x34 /home/lubuntu/Documents/ARMToolchain/gcc-arm-none-eabi-10.3-2021.10/bin/../lib/gcc/arm-none-eabi/10.3.1/../../../../arm-none-eabi/lib/thumb/v7e-m+fp/hard/libc_nano.a(lib_a-writer.o)
 .ARM.attributes
                0x00000000000004fc       0x34 /home/lubuntu/Documents/ARMToolchain/gcc-arm-none-eabi-10.3-2021.10/bin/../lib/gcc/arm-none-eabi/10.3.1/../../../../arm-none-eabi/lib/thumb/v7e-m+fp/hard/libc_nano.a(lib_a-closer.o)
 .ARM.attributes
                0x0000000000000530       0x34 /home/lubuntu/Documents/ARMToolchain/gcc-arm-none-eabi-10.3-2021.10/bin/../lib/gcc/arm-none-eabi/10.3.1/../../../../arm-none-eabi/lib/thumb/v7e-m+fp/hard/libc_nano.a(lib_a-fstatr.o)
 .ARM.attributes
                0x0000000000000564       0x34 /home/lubuntu/Documents/ARMToolchain/gcc-arm-none-eabi-10.3-2021.10/bin/../lib/gcc/arm-none-eabi/10.3.1/../../../../arm-none-eabi/lib/thumb/v7e-m+fp/hard/libc_nano.a(lib_a-isattyr.o)
 .ARM.attributes
                0x0000000000000598       0x34 /home/lubuntu/Documents/ARMToolchain/gcc-arm-none-eabi-10.3-2021.10/bin/../lib/gcc/arm-none-eabi/10.3.1/../../../../arm-none-eabi/lib/thumb/v7e-m+fp/hard/libc_nano.a(lib_a-lseekr.o)
 .ARM.attributes
                0x00000000000005cc       0x34 /home/lubuntu/Documents/ARMToolchain/gcc-arm-none-eabi-10.3-2021.10/bin/../lib/gcc/arm-none-eabi/10.3.1/../../../../arm-none-eabi/lib/thumb/v7e-m+fp/hard/libc_nano.a(lib_a-mlock.o)
 .ARM.attributes
                0x0000000000000600       0x34 /home/lubuntu/Documents/ARMToolchain/gcc-arm-none-eabi-10.3-2021.10/bin/../lib/gcc/arm-none-eabi/10.3.1/../../../../arm-none-eabi/lib/thumb/v7e-m+fp/hard/libc_nano.a(lib_a-readr.o)
 .ARM.attributes
                0x0000000000000634       0x34 /home/lubuntu/Documents/ARMToolchain/gcc-arm-none-eabi-10.3-2021.10/bin/../lib/gcc/arm-none-eabi/10.3.1/../../../../arm-none-eabi/lib/thumb/v7e-m+fp/hard/libc_nano.a(lib_a-reent.o)
 .ARM.attributes
                0x0000000000000668       0x34 /home/lubuntu/Documents/ARMToolchain/gcc-arm-none-eabi-10.3-2021.10/bin/../lib/gcc/arm-none-eabi/10.3.1/../../../../arm-none-eabi/lib/thumb/v7e-m+fp/hard/libnosys.a(close.o)
 .ARM.attributes
                0x000000000000069c       0x34 /home/lubuntu/Documents/ARMToolchain/gcc-arm-none-eabi-10.3-2021.10/bin/../lib/gcc/arm-none-eabi/10.3.1/../../../../arm-none-eabi/lib/thumb/v7e-m+fp/hard/libnosys.a(fstat.o)
 .ARM.attributes
                0x00000000000006d0       0x34 /home/lubuntu/Documents/ARMToolchain/gcc-arm-none-eabi-10.3-2021.10/bin/../lib/gcc/arm-none-eabi/10.3.1/../../../../arm-none-eabi/lib/thumb/v7e-m+fp/hard/libnosys.a(getpid.o)
 .ARM.attributes
                0x0000000000000704       0x34 /home/lubuntu/Documents/ARMToolchain/gcc-arm-none-eabi-10.3-2021.10/bin/../lib/gcc/arm-none-eabi/10.3.1/../../../../arm-none-eabi/lib/thumb/v7e-m+fp/hard/libnosys.a(isatty.o)
 .ARM.attributes
                0x0000000000000738       0x34 /home/lubuntu/Documents/ARMToolchain/gcc-arm-none-eabi-10.3-2021.10/bin/../lib/gcc/arm-none-eabi/10.3.1/../../../../arm-none-eabi/lib/thumb/v7e-m+fp/hard/libnosys.a(kill.o)
 .ARM.attributes
                0x000000000000076c       0x34 /home/lubuntu/Documents/ARMToolchain/gcc-arm-none-eabi-10.3-2021.10/bin/../lib/gcc/arm-none-eabi/10.3.1/../../../../arm-none-eabi/lib/thumb/v7e-m+fp/hard/libnosys.a(lseek.o)
 .ARM.attributes
                0x00000000000007a0       0x34 /home/lubuntu/Documents/ARMToolchain/gcc-arm-none-eabi-10.3-2021.10/bin/../lib/gcc/arm-none-eabi/10.3.1/../../../../arm-none-eabi/lib/thumb/v7e-m+fp/hard/libnosys.a(read.o)
 .ARM.attributes
                0x00000000000007d4       0x34 /home/lubuntu/Documents/ARMToolchain/gcc-arm-none-eabi-10.3-2021.10/bin/../lib/gcc/arm-none-eabi/10.3.1/../../../../arm-none-eabi/lib/thumb/v7e-m+fp/hard/libnosys.a(sbrk.o)
 .ARM.attributes
                0x0000000000000808       0x34 /home/lubuntu/Documents/ARMToolchain/gcc-arm-none-eabi-10.3-2021.10/bin/../lib/gcc/arm-none-eabi/10.3.1/../../../../arm-none-eabi/lib/thumb/v7e-m+fp/hard/libnosys.a(_exit.o)
 .ARM.attributes
                0x000000000000083c       0x34 /home/lubuntu/Documents/libOpenCM3/libopencm3/lib/libopencm3_stm32l4.a(gpio_common_all.o)
 .ARM.attributes
                0x0000000000000870       0x34 /home/lubuntu/Documents/libOpenCM3/libopencm3/lib/libopencm3_stm32l4.a(gpio_common_f0234.o)
 .ARM.attributes
                0x00000000000008a4       0x34 /home/lubuntu/Documents/libOpenCM3/libopencm3/lib/libopencm3_stm32l4.a(rcc.o)
 .ARM.attributes
                0x00000000000008d8       0x34 /home/lubuntu/Documents/libOpenCM3/libopencm3/lib/libopencm3_stm32l4.a(rcc_common_all.o)
 .ARM.attributes
                0x000000000000090c       0x34 /home/lubuntu/Documents/libOpenCM3/libopencm3/lib/libopencm3_stm32l4.a(timer_common_all.o)
 .ARM.attributes
                0x0000000000000940       0x34 /home/lubuntu/Documents/libOpenCM3/libopencm3/lib/libopencm3_stm32l4.a(usart_common_all.o)
 .ARM.attributes
                0x0000000000000974       0x34 /home/lubuntu/Documents/libOpenCM3/libopencm3/lib/libopencm3_stm32l4.a(usart_common_v2.o)
 .ARM.attributes
                0x00000000000009a8       0x34 /home/lubuntu/Documents/libOpenCM3/libopencm3/lib/libopencm3_stm32l4.a(vector.o)

.debug_frame    0x0000000000000000     0x18d0
 .debug_frame   0x0000000000000000      0x1f0 Build/m2a.o
 .debug_frame   0x00000000000001f0       0x40 /home/lubuntu/Documents/ARMToolchain/gcc-arm-none-eabi-10.3-2021.10/bin/../lib/gcc/arm-none-eabi/10.3.1/../../../../arm-none-eabi/lib/thumb/v7e-m+fp/hard/libc_nano.a(lib_a-assert.o)
 .debug_frame   0x0000000000000230       0x20 /home/lubuntu/Documents/ARMToolchain/gcc-arm-none-eabi-10.3-2021.10/bin/../lib/gcc/arm-none-eabi/10.3.1/../../../../arm-none-eabi/lib/thumb/v7e-m+fp/hard/libc_nano.a(lib_a-errno.o)
 .debug_frame   0x0000000000000250       0x64 /home/lubuntu/Documents/ARMToolchain/gcc-arm-none-eabi-10.3-2021.10/bin/../lib/gcc/arm-none-eabi/10.3.1/../../../../arm-none-eabi/lib/thumb/v7e-m+fp/hard/libc_nano.a(lib_a-fprintf.o)
 .debug_frame   0x00000000000002b4       0xac /home/lubuntu/Documents/ARMToolchain/gcc-arm-none-eabi-10.3-2021.10/bin/../lib/gcc/arm-none-eabi/10.3.1/../../../../arm-none-eabi/lib/thumb/v7e-m+fp/hard/libc_nano.a(lib_a-nano-vfprintf.o)
 .debug_frame   0x0000000000000360       0x60 /home/lubuntu/Documents/ARMToolchain/gcc-arm-none-eabi-10.3-2021.10/bin/../lib/gcc/arm-none-eabi/10.3.1/../../../../arm-none-eabi/lib/thumb/v7e-m+fp/hard/libc_nano.a(lib_a-nano-vfprintf_i.o)
 .debug_frame   0x00000000000003c0       0x74 /home/lubuntu/Documents/ARMToolchain/gcc-arm-none-eabi-10.3-2021.10/bin/../lib/gcc/arm-none-eabi/10.3.1/../../../../arm-none-eabi/lib/thumb/v7e-m+fp/hard/libc_nano.a(lib_a-printf.o)
 .debug_frame   0x0000000000000434       0x40 /home/lubuntu/Documents/ARMToolchain/gcc-arm-none-eabi-10.3-2021.10/bin/../lib/gcc/arm-none-eabi/10.3.1/../../../../arm-none-eabi/lib/thumb/v7e-m+fp/hard/libc_nano.a(lib_a-wbuf.o)
 .debug_frame   0x0000000000000474       0x2c /home/lubuntu/Documents/ARMToolchain/gcc-arm-none-eabi-10.3-2021.10/bin/../lib/gcc/arm-none-eabi/10.3.1/../../../../arm-none-eabi/lib/thumb/v7e-m+fp/hard/libc_nano.a(lib_a-wsetup.o)
 .debug_frame   0x00000000000004a0       0x28 /home/lubuntu/Documents/ARMToolchain/gcc-arm-none-eabi-10.3-2021.10/bin/../lib/gcc/arm-none-eabi/10.3.1/../../../../arm-none-eabi/lib/thumb/v7e-m+fp/hard/libc_nano.a(lib_a-abort.o)
 .debug_frame   0x00000000000004c8       0x5c /home/lubuntu/Documents/ARMToolchain/gcc-arm-none-eabi-10.3-2021.10/bin/../lib/gcc/arm-none-eabi/10.3.1/../../../../arm-none-eabi/lib/thumb/v7e-m+fp/hard/libc_nano.a(lib_a-fflush.o)
 .debug_frame   0x0000000000000524      0x14c /home/lubuntu/Documents/ARMToolchain/gcc-arm-none-eabi-10.3-2021.10/bin/../lib/gcc/arm-none-eabi/10.3.1/../../../../arm-none-eabi/lib/thumb/v7e-m+fp/hard/libc_nano.a(lib_a-findfp.o)
 .debug_frame   0x0000000000000670       0x54 /home/lubuntu/Documents/ARMToolchain/gcc-arm-none-eabi-10.3-2021.10/bin/../lib/gcc/arm-none-eabi/10.3.1/../../../../arm-none-eabi/lib/thumb/v7e-m+fp/hard/libc_nano.a(lib_a-fwalk.o)
 .debug_frame   0x00000000000006c4       0xb0 /home/lubuntu/Documents/ARMToolchain/gcc-arm-none-eabi-10.3-2021.10/bin/../lib/gcc/arm-none-eabi/10.3.1/../../../../arm-none-eabi/lib/thumb/v7e-m+fp/hard/libc_nano.a(lib_a-lock.o)
 .debug_frame   0x0000000000000774       0x58 /home/lubuntu/Documents/ARMToolchain/gcc-arm-none-eabi-10.3-2021.10/bin/../lib/gcc/arm-none-eabi/10.3.1/../../../../arm-none-eabi/lib/thumb/v7e-m+fp/hard/libc_nano.a(lib_a-makebuf.o)
 .debug_frame   0x00000000000007cc       0x20 /home/lubuntu/Documents/ARMToolchain/gcc-arm-none-eabi-10.3-2021.10/bin/../lib/gcc/arm-none-eabi/10.3.1/../../../../arm-none-eabi/lib/thumb/v7e-m+fp/hard/libc_nano.a(lib_a-memset.o)
 .debug_frame   0x00000000000007ec       0x38 /home/lubuntu/Documents/ARMToolchain/gcc-arm-none-eabi-10.3-2021.10/bin/../lib/gcc/arm-none-eabi/10.3.1/../../../../arm-none-eabi/lib/thumb/v7e-m+fp/hard/libc_nano.a(lib_a-nano-freer.o)
 .debug_frame   0x0000000000000824       0x4c /home/lubuntu/Documents/ARMToolchain/gcc-arm-none-eabi-10.3-2021.10/bin/../lib/gcc/arm-none-eabi/10.3.1/../../../../arm-none-eabi/lib/thumb/v7e-m+fp/hard/libc_nano.a(lib_a-nano-mallocr.o)
 .debug_frame   0x0000000000000870       0x2c /home/lubuntu/Documents/ARMToolchain/gcc-arm-none-eabi-10.3-2021.10/bin/../lib/gcc/arm-none-eabi/10.3.1/../../../../arm-none-eabi/lib/thumb/v7e-m+fp/hard/libc_nano.a(lib_a-sbrkr.o)
 .debug_frame   0x000000000000089c       0xcc /home/lubuntu/Documents/ARMToolchain/gcc-arm-none-eabi-10.3-2021.10/bin/../lib/gcc/arm-none-eabi/10.3.1/../../../../arm-none-eabi/lib/thumb/v7e-m+fp/hard/libc_nano.a(lib_a-signal.o)
 .debug_frame   0x0000000000000968       0x3c /home/lubuntu/Documents/ARMToolchain/gcc-arm-none-eabi-10.3-2021.10/bin/../lib/gcc/arm-none-eabi/10.3.1/../../../../arm-none-eabi/lib/thumb/v7e-m+fp/hard/libc_nano.a(lib_a-signalr.o)
 .debug_frame   0x00000000000009a4       0x88 /home/lubuntu/Documents/ARMToolchain/gcc-arm-none-eabi-10.3-2021.10/bin/../lib/gcc/arm-none-eabi/10.3.1/../../../../arm-none-eabi/lib/thumb/v7e-m+fp/hard/libc_nano.a(lib_a-stdio.o)
 .debug_frame   0x0000000000000a2c       0x2c /home/lubuntu/Documents/ARMToolchain/gcc-arm-none-eabi-10.3-2021.10/bin/../lib/gcc/arm-none-eabi/10.3.1/../../../../arm-none-eabi/lib/thumb/v7e-m+fp/hard/libc_nano.a(lib_a-writer.o)
 .debug_frame   0x0000000000000a58       0x2c /home/lubuntu/Documents/ARMToolchain/gcc-arm-none-eabi-10.3-2021.10/bin/../lib/gcc/arm-none-eabi/10.3.1/../../../../arm-none-eabi/lib/thumb/v7e-m+fp/hard/libc_nano.a(lib_a-closer.o)
 .debug_frame   0x0000000000000a84       0x2c /home/lubuntu/Documents/ARMToolchain/gcc-arm-none-eabi-10.3-2021.10/bin/../lib/gcc/arm-none-eabi/10.3.1/../../../../arm-none-eabi/lib/thumb/v7e-m+fp/hard/libc_nano.a(lib_a-fstatr.o)
 .debug_frame   0x0000000000000ab0       0x2c /home/lubuntu/Documents/ARMToolchain/gcc-arm-none-eabi-10.3-2021.10/bin/../lib/gcc/arm-none-eabi/10.3.1/../../../../arm-none-eabi/lib/thumb/v7e-m+fp/hard/libc_nano.a(lib_a-isattyr.o)
 .debug_frame   0x0000000000000adc       0x2c /home/lubuntu/Documents/ARMToolchain/gcc-arm-none-eabi-10.3-2021.10/bin/../lib/gcc/arm-none-eabi/10.3.1/../../../../arm-none-eabi/lib/thumb/v7e-m+fp/hard/libc_nano.a(lib_a-lseekr.o)
 .debug_frame   0x0000000000000b08       0x30 /home/lubuntu/Documents/ARMToolchain/gcc-arm-none-eabi-10.3-2021.10/bin/../lib/gcc/arm-none-eabi/10.3.1/../../../../arm-none-eabi/lib/thumb/v7e-m+fp/hard/libc_nano.a(lib_a-mlock.o)
 .debug_frame   0x0000000000000b38       0x2c /home/lubuntu/Documents/ARMToolchain/gcc-arm-none-eabi-10.3-2021.10/bin/../lib/gcc/arm-none-eabi/10.3.1/../../../../arm-none-eabi/lib/thumb/v7e-m+fp/hard/libc_nano.a(lib_a-readr.o)
 .debug_frame   0x0000000000000b64       0x5c /home/lubuntu/Documents/ARMToolchain/gcc-arm-none-eabi-10.3-2021.10/bin/../lib/gcc/arm-none-eabi/10.3.1/../../../../arm-none-eabi/lib/thumb/v7e-m+fp/hard/libc_nano.a(lib_a-reent.o)
 .debug_frame   0x0000000000000bc0       0x20 /home/lubuntu/Documents/ARMToolchain/gcc-arm-none-eabi-10.3-2021.10/bin/../lib/gcc/arm-none-eabi/10.3.1/../../../../arm-none-eabi/lib/thumb/v7e-m+fp/hard/libnosys.a(close.o)
 .debug_frame   0x0000000000000be0       0x20 /home/lubuntu/Documents/ARMToolchain/gcc-arm-none-eabi-10.3-2021.10/bin/../lib/gcc/arm-none-eabi/10.3.1/../../../../arm-none-eabi/lib/thumb/v7e-m+fp/hard/libnosys.a(fstat.o)
 .debug_frame   0x0000000000000c00       0x20 /home/lubuntu/Documents/ARMToolchain/gcc-arm-none-eabi-10.3-2021.10/bin/../lib/gcc/arm-none-eabi/10.3.1/../../../../arm-none-eabi/lib/thumb/v7e-m+fp/hard/libnosys.a(getpid.o)
 .debug_frame   0x0000000000000c20       0x20 /home/lubuntu/Documents/ARMToolchain/gcc-arm-none-eabi-10.3-2021.10/bin/../lib/gcc/arm-none-eabi/10.3.1/../../../../arm-none-eabi/lib/thumb/v7e-m+fp/hard/libnosys.a(isatty.o)
 .debug_frame   0x0000000000000c40       0x20 /home/lubuntu/Documents/ARMToolchain/gcc-arm-none-eabi-10.3-2021.10/bin/../lib/gcc/arm-none-eabi/10.3.1/../../../../arm-none-eabi/lib/thumb/v7e-m+fp/hard/libnosys.a(kill.o)
 .debug_frame   0x0000000000000c60       0x20 /home/lubuntu/Documents/ARMToolchain/gcc-arm-none-eabi-10.3-2021.10/bin/../lib/gcc/arm-none-eabi/10.3.1/../../../../arm-none-eabi/lib/thumb/v7e-m+fp/hard/libnosys.a(lseek.o)
 .debug_frame   0x0000000000000c80       0x20 /home/lubuntu/Documents/ARMToolchain/gcc-arm-none-eabi-10.3-2021.10/bin/../lib/gcc/arm-none-eabi/10.3.1/../../../../arm-none-eabi/lib/thumb/v7e-m+fp/hard/libnosys.a(read.o)
 .debug_frame   0x0000000000000ca0       0x20 /home/lubuntu/Documents/ARMToolchain/gcc-arm-none-eabi-10.3-2021.10/bin/../lib/gcc/arm-none-eabi/10.3.1/../../../../arm-none-eabi/lib/thumb/v7e-m+fp/hard/libnosys.a(sbrk.o)
 .debug_frame   0x0000000000000cc0       0x20 /home/lubuntu/Documents/ARMToolchain/gcc-arm-none-eabi-10.3-2021.10/bin/../lib/gcc/arm-none-eabi/10.3.1/../../../../arm-none-eabi/lib/thumb/v7e-m+fp/hard/libnosys.a(_exit.o)
 .debug_frame   0x0000000000000ce0       0x80 /home/lubuntu/Documents/libOpenCM3/libopencm3/lib/libopencm3_stm32l4.a(gpio_common_all.o)
 .debug_frame   0x0000000000000d60       0x70 /home/lubuntu/Documents/libOpenCM3/libopencm3/lib/libopencm3_stm32l4.a(gpio_common_f0234.o)
 .debug_frame   0x0000000000000dd0      0x228 /home/lubuntu/Documents/libOpenCM3/libopencm3/lib/libopencm3_stm32l4.a(rcc.o)
 .debug_frame   0x0000000000000ff8       0xe0 /home/lubuntu/Documents/libOpenCM3/libopencm3/lib/libopencm3_stm32l4.a(rcc_common_all.o)
 .debug_frame   0x00000000000010d8      0x4c8 /home/lubuntu/Documents/libOpenCM3/libopencm3/lib/libopencm3_stm32l4.a(timer_common_all.o)
 .debug_frame   0x00000000000015a0      0x1b4 /home/lubuntu/Documents/libOpenCM3/libopencm3/lib/libopencm3_stm32l4.a(usart_common_all.o)
 .debug_frame   0x0000000000001754      0x130 /home/lubuntu/Documents/libOpenCM3/libopencm3/lib/libopencm3_stm32l4.a(usart_common_v2.o)
 .debug_frame   0x0000000000001884       0x4c /home/lubuntu/Documents/libOpenCM3/libopencm3/lib/libopencm3_stm32l4.a(vector.o)

.stab           0x0000000000000000       0xb4
 .stab          0x0000000000000000       0x24 /home/lubuntu/Documents/ARMToolchain/gcc-arm-none-eabi-10.3-2021.10/bin/../lib/gcc/arm-none-eabi/10.3.1/../../../../arm-none-eabi/lib/thumb/v7e-m+fp/hard/libnosys.a(close.o)
 .stab          0x0000000000000024       0x18 /home/lubuntu/Documents/ARMToolchain/gcc-arm-none-eabi-10.3-2021.10/bin/../lib/gcc/arm-none-eabi/10.3.1/../../../../arm-none-eabi/lib/thumb/v7e-m+fp/hard/libnosys.a(fstat.o)
                                         0x24 (size before relaxing)
 .stab          0x000000000000003c       0x18 /home/lubuntu/Documents/ARMToolchain/gcc-arm-none-eabi-10.3-2021.10/bin/../lib/gcc/arm-none-eabi/10.3.1/../../../../arm-none-eabi/lib/thumb/v7e-m+fp/hard/libnosys.a(getpid.o)
                                         0x24 (size before relaxing)
 .stab          0x0000000000000054       0x18 /home/lubuntu/Documents/ARMToolchain/gcc-arm-none-eabi-10.3-2021.10/bin/../lib/gcc/arm-none-eabi/10.3.1/../../../../arm-none-eabi/lib/thumb/v7e-m+fp/hard/libnosys.a(isatty.o)
                                         0x24 (size before relaxing)
 .stab          0x000000000000006c       0x18 /home/lubuntu/Documents/ARMToolchain/gcc-arm-none-eabi-10.3-2021.10/bin/../lib/gcc/arm-none-eabi/10.3.1/../../../../arm-none-eabi/lib/thumb/v7e-m+fp/hard/libnosys.a(kill.o)
                                         0x24 (size before relaxing)
 .stab          0x0000000000000084       0x18 /home/lubuntu/Documents/ARMToolchain/gcc-arm-none-eabi-10.3-2021.10/bin/../lib/gcc/arm-none-eabi/10.3.1/../../../../arm-none-eabi/lib/thumb/v7e-m+fp/hard/libnosys.a(lseek.o)
                                         0x24 (size before relaxing)
 .stab          0x000000000000009c       0x18 /home/lubuntu/Documents/ARMToolchain/gcc-arm-none-eabi-10.3-2021.10/bin/../lib/gcc/arm-none-eabi/10.3.1/../../../../arm-none-eabi/lib/thumb/v7e-m+fp/hard/libnosys.a(read.o)
                                         0x24 (size before relaxing)

.stabstr        0x0000000000000000      0x183
 .stabstr       0x0000000000000000      0x183 /home/lubuntu/Documents/ARMToolchain/gcc-arm-none-eabi-10.3-2021.10/bin/../lib/gcc/arm-none-eabi/10.3.1/../../../../arm-none-eabi/lib/thumb/v7e-m+fp/hard/libnosys.a(close.o)

.debug_macro    0x0000000000000000     0x4769
 .debug_macro   0x0000000000000000       0xd6 /home/lubuntu/Documents/libOpenCM3/libopencm3/lib/libopencm3_stm32l4.a(gpio_common_all.o)
 .debug_macro   0x00000000000000d6      0xa6c /home/lubuntu/Documents/libOpenCM3/libopencm3/lib/libopencm3_stm32l4.a(gpio_common_all.o)
 .debug_macro   0x0000000000000b42       0x1c /home/lubuntu/Documents/libOpenCM3/libopencm3/lib/libopencm3_stm32l4.a(gpio_common_all.o)
 .debug_macro   0x0000000000000b5e       0x22 /home/lubuntu/Documents/libOpenCM3/libopencm3/lib/libopencm3_stm32l4.a(gpio_common_all.o)
 .debug_macro   0x0000000000000b80       0x56 /home/lubuntu/Documents/libOpenCM3/libopencm3/lib/libopencm3_stm32l4.a(gpio_common_all.o)
 .debug_macro   0x0000000000000bd6       0x51 /home/lubuntu/Documents/libOpenCM3/libopencm3/lib/libopencm3_stm32l4.a(gpio_common_all.o)
 .debug_macro   0x0000000000000c27      0x103 /home/lubuntu/Documents/libOpenCM3/libopencm3/lib/libopencm3_stm32l4.a(gpio_common_all.o)
 .debug_macro   0x0000000000000d2a       0x6a /home/lubuntu/Documents/libOpenCM3/libopencm3/lib/libopencm3_stm32l4.a(gpio_common_all.o)
 .debug_macro   0x0000000000000d94      0x1df /home/lubuntu/Documents/libOpenCM3/libopencm3/lib/libopencm3_stm32l4.a(gpio_common_all.o)
 .debug_macro   0x0000000000000f73       0x22 /home/lubuntu/Documents/libOpenCM3/libopencm3/lib/libopencm3_stm32l4.a(gpio_common_all.o)
 .debug_macro   0x0000000000000f95       0xe8 /home/lubuntu/Documents/libOpenCM3/libopencm3/lib/libopencm3_stm32l4.a(gpio_common_all.o)
 .debug_macro   0x000000000000107d       0x76 /home/lubuntu/Documents/libOpenCM3/libopencm3/lib/libopencm3_stm32l4.a(gpio_common_all.o)
 .debug_macro   0x00000000000010f3      0x217 /home/lubuntu/Documents/libOpenCM3/libopencm3/lib/libopencm3_stm32l4.a(gpio_common_all.o)
 .debug_macro   0x000000000000130a       0x76 /home/lubuntu/Documents/libOpenCM3/libopencm3/lib/libopencm3_stm32l4.a(gpio_common_all.o)
 .debug_macro   0x0000000000001380      0x37e /home/lubuntu/Documents/libOpenCM3/libopencm3/lib/libopencm3_stm32l4.a(gpio_common_all.o)
 .debug_macro   0x00000000000016fe       0xca /home/lubuntu/Documents/libOpenCM3/libopencm3/lib/libopencm3_stm32l4.a(gpio_common_all.o)
 .debug_macro   0x00000000000017c8       0x88 /home/lubuntu/Documents/libOpenCM3/libopencm3/lib/libopencm3_stm32l4.a(gpio_common_all.o)
 .debug_macro   0x0000000000001850       0xd6 /home/lubuntu/Documents/libOpenCM3/libopencm3/lib/libopencm3_stm32l4.a(gpio_common_f0234.o)
 .debug_macro   0x0000000000001926       0xc3 /home/lubuntu/Documents/libOpenCM3/libopencm3/lib/libopencm3_stm32l4.a(rcc.o)
 .debug_macro   0x00000000000019e9       0x16 /home/lubuntu/Documents/libOpenCM3/libopencm3/lib/libopencm3_stm32l4.a(rcc.o)
 .debug_macro   0x00000000000019ff      0xcfc /home/lubuntu/Documents/libOpenCM3/libopencm3/lib/libopencm3_stm32l4.a(rcc.o)
 .debug_macro   0x00000000000026fb       0xce /home/lubuntu/Documents/libOpenCM3/libopencm3/lib/libopencm3_stm32l4.a(rcc_common_all.o)
 .debug_macro   0x00000000000027c9       0xc5 /home/lubuntu/Documents/libOpenCM3/libopencm3/lib/libopencm3_stm32l4.a(timer_common_all.o)
 .debug_macro   0x000000000000288e      0xf6b /home/lubuntu/Documents/libOpenCM3/libopencm3/lib/libopencm3_stm32l4.a(timer_common_all.o)
 .debug_macro   0x00000000000037f9       0xd9 /home/lubuntu/Documents/libOpenCM3/libopencm3/lib/libopencm3_stm32l4.a(usart_common_all.o)
 .debug_macro   0x00000000000038d2       0x94 /home/lubuntu/Documents/libOpenCM3/libopencm3/lib/libopencm3_stm32l4.a(usart_common_all.o)
 .debug_macro   0x0000000000003966      0x55b /home/lubuntu/Documents/libOpenCM3/libopencm3/lib/libopencm3_stm32l4.a(usart_common_all.o)
 .debug_macro   0x0000000000003ec1       0x28 /home/lubuntu/Documents/libOpenCM3/libopencm3/lib/libopencm3_stm32l4.a(usart_common_all.o)
 .debug_macro   0x0000000000003ee9       0xc1 /home/lubuntu/Documents/libOpenCM3/libopencm3/lib/libopencm3_stm32l4.a(usart_common_v2.o)
 .debug_macro   0x0000000000003faa       0xd3 /home/lubuntu/Documents/libOpenCM3/libopencm3/lib/libopencm3_stm32l4.a(vector.o)
 .debug_macro   0x000000000000407d      0x452 /home/lubuntu/Documents/libOpenCM3/libopencm3/lib/libopencm3_stm32l4.a(vector.o)
 .debug_macro   0x00000000000044cf       0x6e /home/lubuntu/Documents/libOpenCM3/libopencm3/lib/libopencm3_stm32l4.a(vector.o)
 .debug_macro   0x000000000000453d      0x22c /home/lubuntu/Documents/libOpenCM3/libopencm3/lib/libopencm3_stm32l4.a(vector.o)

Cross Reference Table

Symbol                                            File
__assert                                          /home/lubuntu/Documents/ARMToolchain/gcc-arm-none-eabi-10.3-2021.10/bin/../lib/gcc/arm-none-eabi/10.3.1/../../../../arm-none-eabi/lib/thumb/v7e-m+fp/hard/libc_nano.a(lib_a-assert.o)
__assert_func                                     /home/lubuntu/Documents/ARMToolchain/gcc-arm-none-eabi-10.3-2021.10/bin/../lib/gcc/arm-none-eabi/10.3.1/../../../../arm-none-eabi/lib/thumb/v7e-m+fp/hard/libc_nano.a(lib_a-assert.o)
                                                  Build/m2a.o
__errno                                           /home/lubuntu/Documents/ARMToolchain/gcc-arm-none-eabi-10.3-2021.10/bin/../lib/gcc/arm-none-eabi/10.3.1/../../../../arm-none-eabi/lib/thumb/v7e-m+fp/hard/libc_nano.a(lib_a-errno.o)
                                                  Build/m2a.o
__fini_array_end                                  /home/lubuntu/Documents/libOpenCM3/libopencm3/lib/libopencm3_stm32l4.a(vector.o)
__fini_array_start                                /home/lubuntu/Documents/libOpenCM3/libopencm3/lib/libopencm3_stm32l4.a(vector.o)
__fp_lock_all                                     /home/lubuntu/Documents/ARMToolchain/gcc-arm-none-eabi-10.3-2021.10/bin/../lib/gcc/arm-none-eabi/10.3.1/../../../../arm-none-eabi/lib/thumb/v7e-m+fp/hard/libc_nano.a(lib_a-findfp.o)
__fp_unlock_all                                   /home/lubuntu/Documents/ARMToolchain/gcc-arm-none-eabi-10.3-2021.10/bin/../lib/gcc/arm-none-eabi/10.3.1/../../../../arm-none-eabi/lib/thumb/v7e-m+fp/hard/libc_nano.a(lib_a-findfp.o)
__init_array_end                                  /home/lubuntu/Documents/libOpenCM3/libopencm3/lib/libopencm3_stm32l4.a(vector.o)
__init_array_start                                /home/lubuntu/Documents/libOpenCM3/libopencm3/lib/libopencm3_stm32l4.a(vector.o)
__lock___arc4random_mutex                         /home/lubuntu/Documents/ARMToolchain/gcc-arm-none-eabi-10.3-2021.10/bin/../lib/gcc/arm-none-eabi/10.3.1/../../../../arm-none-eabi/lib/thumb/v7e-m+fp/hard/libc_nano.a(lib_a-lock.o)
__lock___at_quick_exit_mutex                      /home/lubuntu/Documents/ARMToolchain/gcc-arm-none-eabi-10.3-2021.10/bin/../lib/gcc/arm-none-eabi/10.3.1/../../../../arm-none-eabi/lib/thumb/v7e-m+fp/hard/libc_nano.a(lib_a-lock.o)
__lock___atexit_recursive_mutex                   /home/lubuntu/Documents/ARMToolchain/gcc-arm-none-eabi-10.3-2021.10/bin/../lib/gcc/arm-none-eabi/10.3.1/../../../../arm-none-eabi/lib/thumb/v7e-m+fp/hard/libc_nano.a(lib_a-lock.o)
__lock___dd_hash_mutex                            /home/lubuntu/Documents/ARMToolchain/gcc-arm-none-eabi-10.3-2021.10/bin/../lib/gcc/arm-none-eabi/10.3.1/../../../../arm-none-eabi/lib/thumb/v7e-m+fp/hard/libc_nano.a(lib_a-lock.o)
__lock___env_recursive_mutex                      /home/lubuntu/Documents/ARMToolchain/gcc-arm-none-eabi-10.3-2021.10/bin/../lib/gcc/arm-none-eabi/10.3.1/../../../../arm-none-eabi/lib/thumb/v7e-m+fp/hard/libc_nano.a(lib_a-lock.o)
__lock___malloc_recursive_mutex                   /home/lubuntu/Documents/ARMToolchain/gcc-arm-none-eabi-10.3-2021.10/bin/../lib/gcc/arm-none-eabi/10.3.1/../../../../arm-none-eabi/lib/thumb/v7e-m+fp/hard/libc_nano.a(lib_a-lock.o)
                                                  /home/lubuntu/Documents/ARMToolchain/gcc-arm-none-eabi-10.3-2021.10/bin/../lib/gcc/arm-none-eabi/10.3.1/../../../../arm-none-eabi/lib/thumb/v7e-m+fp/hard/libc_nano.a(lib_a-mlock.o)
__lock___sfp_recursive_mutex                      /home/lubuntu/Documents/ARMToolchain/gcc-arm-none-eabi-10.3-2021.10/bin/../lib/gcc/arm-none-eabi/10.3.1/../../../../arm-none-eabi/lib/thumb/v7e-m+fp/hard/libc_nano.a(lib_a-lock.o)
                                                  /home/lubuntu/Documents/ARMToolchain/gcc-arm-none-eabi-10.3-2021.10/bin/../lib/gcc/arm-none-eabi/10.3.1/../../../../arm-none-eabi/lib/thumb/v7e-m+fp/hard/libc_nano.a(lib_a-findfp.o)
__lock___sinit_recursive_mutex                    /home/lubuntu/Documents/ARMToolchain/gcc-arm-none-eabi-10.3-2021.10/bin/../lib/gcc/arm-none-eabi/10.3.1/../../../../arm-none-eabi/lib/thumb/v7e-m+fp/hard/libc_nano.a(lib_a-lock.o)
                                                  /home/lubuntu/Documents/ARMToolchain/gcc-arm-none-eabi-10.3-2021.10/bin/../lib/gcc/arm-none-eabi/10.3.1/../../../../arm-none-eabi/lib/thumb/v7e-m+fp/hard/libc_nano.a(lib_a-findfp.o)
__lock___tz_mutex                                 /home/lubuntu/Documents/ARMToolchain/gcc-arm-none-eabi-10.3-2021.10/bin/../lib/gcc/arm-none-eabi/10.3.1/../../../../arm-none-eabi/lib/thumb/v7e-m+fp/hard/libc_nano.a(lib_a-lock.o)
__malloc_free_list                                /home/lubuntu/Documents/ARMToolchain/gcc-arm-none-eabi-10.3-2021.10/bin/../lib/gcc/arm-none-eabi/10.3.1/../../../../arm-none-eabi/lib/thumb/v7e-m+fp/hard/libc_nano.a(lib_a-nano-mallocr.o)
                                                  /home/lubuntu/Documents/ARMToolchain/gcc-arm-none-eabi-10.3-2021.10/bin/../lib/gcc/arm-none-eabi/10.3.1/../../../../arm-none-eabi/lib/thumb/v7e-m+fp/hard/libc_nano.a(lib_a-nano-freer.o)
__malloc_lock                                     /home/lubuntu/Documents/ARMToolchain/gcc-arm-none-eabi-10.3-2021.10/bin/../lib/gcc/arm-none-eabi/10.3.1/../../../../arm-none-eabi/lib/thumb/v7e-m+fp/hard/libc_nano.a(lib_a-mlock.o)
                                                  /home/lubuntu/Documents/ARMToolchain/gcc-arm-none-eabi-10.3-2021.10/bin/../lib/gcc/arm-none-eabi/10.3.1/../../../../arm-none-eabi/lib/thumb/v7e-m+fp/hard/libc_nano.a(lib_a-nano-mallocr.o)
                                                  /home/lubuntu/Documents/ARMToolchain/gcc-arm-none-eabi-10.3-2021.10/bin/../lib/gcc/arm-none-eabi/10.3.1/../../../../arm-none-eabi/lib/thumb/v7e-m+fp/hard/libc_nano.a(lib_a-nano-freer.o)
__malloc_sbrk_start                               /home/lubuntu/Documents/ARMToolchain/gcc-arm-none-eabi-10.3-2021.10/bin/../lib/gcc/arm-none-eabi/10.3.1/../../../../arm-none-eabi/lib/thumb/v7e-m+fp/hard/libc_nano.a(lib_a-nano-mallocr.o)
__malloc_unlock                                   /home/lubuntu/Documents/ARMToolchain/gcc-arm-none-eabi-10.3-2021.10/bin/../lib/gcc/arm-none-eabi/10.3.1/../../../../arm-none-eabi/lib/thumb/v7e-m+fp/hard/libc_nano.a(lib_a-mlock.o)
                                                  /home/lubuntu/Documents/ARMToolchain/gcc-arm-none-eabi-10.3-2021.10/bin/../lib/gcc/arm-none-eabi/10.3.1/../../../../arm-none-eabi/lib/thumb/v7e-m+fp/hard/libc_nano.a(lib_a-nano-mallocr.o)
                                                  /home/lubuntu/Documents/ARMToolchain/gcc-arm-none-eabi-10.3-2021.10/bin/../lib/gcc/arm-none-eabi/10.3.1/../../../../arm-none-eabi/lib/thumb/v7e-m+fp/hard/libc_nano.a(lib_a-nano-freer.o)
__preinit_array_end                               /home/lubuntu/Documents/libOpenCM3/libopencm3/lib/libopencm3_stm32l4.a(vector.o)
__preinit_array_start                             /home/lubuntu/Documents/libOpenCM3/libopencm3/lib/libopencm3_stm32l4.a(vector.o)
__retarget_lock_acquire                           /home/lubuntu/Documents/ARMToolchain/gcc-arm-none-eabi-10.3-2021.10/bin/../lib/gcc/arm-none-eabi/10.3.1/../../../../arm-none-eabi/lib/thumb/v7e-m+fp/hard/libc_nano.a(lib_a-lock.o)
__retarget_lock_acquire_recursive                 /home/lubuntu/Documents/ARMToolchain/gcc-arm-none-eabi-10.3-2021.10/bin/../lib/gcc/arm-none-eabi/10.3.1/../../../../arm-none-eabi/lib/thumb/v7e-m+fp/hard/libc_nano.a(lib_a-lock.o)
                                                  /home/lubuntu/Documents/ARMToolchain/gcc-arm-none-eabi-10.3-2021.10/bin/../lib/gcc/arm-none-eabi/10.3.1/../../../../arm-none-eabi/lib/thumb/v7e-m+fp/hard/libc_nano.a(lib_a-mlock.o)
                                                  /home/lubuntu/Documents/ARMToolchain/gcc-arm-none-eabi-10.3-2021.10/bin/../lib/gcc/arm-none-eabi/10.3.1/../../../../arm-none-eabi/lib/thumb/v7e-m+fp/hard/libc_nano.a(lib_a-findfp.o)
                                                  /home/lubuntu/Documents/ARMToolchain/gcc-arm-none-eabi-10.3-2021.10/bin/../lib/gcc/arm-none-eabi/10.3.1/../../../../arm-none-eabi/lib/thumb/v7e-m+fp/hard/libc_nano.a(lib_a-fflush.o)
                                                  /home/lubuntu/Documents/ARMToolchain/gcc-arm-none-eabi-10.3-2021.10/bin/../lib/gcc/arm-none-eabi/10.3.1/../../../../arm-none-eabi/lib/thumb/v7e-m+fp/hard/libc_nano.a(lib_a-nano-vfprintf.o)
__retarget_lock_close                             /home/lubuntu/Documents/ARMToolchain/gcc-arm-none-eabi-10.3-2021.10/bin/../lib/gcc/arm-none-eabi/10.3.1/../../../../arm-none-eabi/lib/thumb/v7e-m+fp/hard/libc_nano.a(lib_a-lock.o)
__retarget_lock_close_recursive                   /home/lubuntu/Documents/ARMToolchain/gcc-arm-none-eabi-10.3-2021.10/bin/../lib/gcc/arm-none-eabi/10.3.1/../../../../arm-none-eabi/lib/thumb/v7e-m+fp/hard/libc_nano.a(lib_a-lock.o)
__retarget_lock_init                              /home/lubuntu/Documents/ARMToolchain/gcc-arm-none-eabi-10.3-2021.10/bin/../lib/gcc/arm-none-eabi/10.3.1/../../../../arm-none-eabi/lib/thumb/v7e-m+fp/hard/libc_nano.a(lib_a-lock.o)
__retarget_lock_init_recursive                    /home/lubuntu/Documents/ARMToolchain/gcc-arm-none-eabi-10.3-2021.10/bin/../lib/gcc/arm-none-eabi/10.3.1/../../../../arm-none-eabi/lib/thumb/v7e-m+fp/hard/libc_nano.a(lib_a-lock.o)
                                                  /home/lubuntu/Documents/ARMToolchain/gcc-arm-none-eabi-10.3-2021.10/bin/../lib/gcc/arm-none-eabi/10.3.1/../../../../arm-none-eabi/lib/thumb/v7e-m+fp/hard/libc_nano.a(lib_a-findfp.o)
__retarget_lock_release                           /home/lubuntu/Documents/ARMToolchain/gcc-arm-none-eabi-10.3-2021.10/bin/../lib/gcc/arm-none-eabi/10.3.1/../../../../arm-none-eabi/lib/thumb/v7e-m+fp/hard/libc_nano.a(lib_a-lock.o)
__retarget_lock_release_recursive                 /home/lubuntu/Documents/ARMToolchain/gcc-arm-none-eabi-10.3-2021.10/bin/../lib/gcc/arm-none-eabi/10.3.1/../../../../arm-none-eabi/lib/thumb/v7e-m+fp/hard/libc_nano.a(lib_a-lock.o)